[2026-10-08 16:51:56Z INFO HostContext] No proxy settings were found based on environmental variables (http_proxy/https_proxy/HTTP_PROXY/HTTPS_PROXY)
[2026-10-08 16:51:56Z INFO HostContext] Well known directory 'Bin': 'C:\Users\neo_o\Desktop\Github Practicas\Users\actions-runner\bin'
[2026-10-08 16:51:56Z INFO HostContext] Well known directory 'Root': 'C:\Users\neo_o\Desktop\Github Practicas\Users\actions-runner'
[2026-10-08 16:51:56Z INFO HostContext] Well known config file 'Credentials': 'C:\Users\neo_o\Desktop\Github Practicas\Users\actions-runner\.credentials'
[2026-10-08 16:51:56Z INFO HostContext] Well known directory 'Bin': 'C:\Users\neo_o\Desktop\Github Practicas\Users\actions-runner\bin'
[2026-10-08 16:51:56Z INFO HostContext] Well known directory 'Root': 'C:\Users\neo_o\Desktop\Github Practicas\Users\actions-runner'
[2026-10-08 16:51:56Z INFO HostContext] Well known config file 'Runner': 'C:\Users\neo_o\Desktop\Github Practicas\Users\actions-runner\.runner'
[2026-10-08 16:51:56Z INFO Listener] Runner is built for Windows (X64) - win-x64.
[2026-10-08 16:51:56Z INFO Listener] RuntimeInformation: Microsoft Windows 10.0.26200.
[2026-10-08 16:51:56Z INFO Listener] Version: 2.337.0
[2026-10-08 16:51:56Z INFO Listener] Commit: 397b032cbf865e9c3ddfab89d533ec19325e1273
[2026-10-08 16:51:56Z INFO Listener] Culture: es-ES
[2026-10-08 16:51:56Z INFO Listener] UI Culture: es-ES
[2026-10-08 16:51:56Z INFO HostContext] Well known directory 'Bin': 'C:\Users\neo_o\Desktop\Github Practicas\Users\actions-runner\bin'
[2026-10-08 16:51:56Z INFO HostContext] Well known directory 'Root': 'C:\Users\neo_o\Desktop\Github Practicas\Users\actions-runner'
[2026-10-08 16:51:56Z INFO Listener] Validating directory permissions for: 'C:\Users\neo_o\Desktop\Github Practicas\Users\actions-runner'
[2026-10-08 16:51:56Z INFO CommandLineParser] Parse
[2026-10-08 16:51:56Z INFO CommandLineParser] Parsing 2 args
[2026-10-08 16:51:56Z INFO CommandLineParser] parsing argument
[2026-10-08 16:51:56Z INFO CommandLineParser] HasArgs: False
[2026-10-08 16:51:56Z INFO CommandLineParser] Adding Command: run
[2026-10-08 16:51:56Z INFO CommandLineParser] parsing argument
[2026-10-08 16:51:56Z INFO CommandLineParser] HasArgs: False
[2026-10-08 16:51:56Z INFO CommandLineParser] Adding Command: .cmd
[2026-10-08 16:51:56Z INFO Listener] Arguments parsed
[2026-10-08 16:51:56Z INFO CommandSettings] Command 'configure': 'False'
[2026-10-08 16:51:56Z INFO CommandSettings] Command 'remove': 'False'
[2026-10-08 16:51:56Z INFO CommandSettings] Command 'run': 'True'
[2026-10-08 16:51:56Z ERR  Terminal] WRITE ERROR: Unrecognized command-line input arguments for command run: '.cmd'. For usage refer to: .\config.cmd --help or ./config.sh --help
[2026-10-08 16:51:56Z INFO Runner] ExecuteCommand
[2026-10-08 16:51:56Z INFO ConfigurationStore] currentAssemblyLocation: C:\Users\neo_o\Desktop\Github Practicas\Users\actions-runner\bin\Runner.Listener.dll
[2026-10-08 16:51:56Z INFO HostContext] Well known directory 'Bin': 'C:\Users\neo_o\Desktop\Github Practicas\Users\actions-runner\bin'
[2026-10-08 16:51:56Z INFO ConfigurationStore] binPath: C:\Users\neo_o\Desktop\Github Practicas\Users\actions-runner\bin
[2026-10-08 16:51:56Z INFO HostContext] Well known directory 'Bin': 'C:\Users\neo_o\Desktop\Github Practicas\Users\actions-runner\bin'
[2026-10-08 16:51:56Z INFO HostContext] Well known directory 'Root': 'C:\Users\neo_o\Desktop\Github Practicas\Users\actions-runner'
[2026-10-08 16:51:56Z INFO ConfigurationStore] RootFolder: C:\Users\neo_o\Desktop\Github Practicas\Users\actions-runner
[2026-10-08 16:51:56Z INFO HostContext] Well known directory 'Bin': 'C:\Users\neo_o\Desktop\Github Practicas\Users\actions-runner\bin'
[2026-10-08 16:51:56Z INFO HostContext] Well known directory 'Root': 'C:\Users\neo_o\Desktop\Github Practicas\Users\actions-runner'
[2026-10-08 16:51:56Z INFO HostContext] Well known config file 'Runner': 'C:\Users\neo_o\Desktop\Github Practicas\Users\actions-runner\.runner'
[2026-10-08 16:51:56Z INFO ConfigurationStore] ConfigFilePath: C:\Users\neo_o\Desktop\Github Practicas\Users\actions-runner\.runner
[2026-10-08 16:51:56Z INFO HostContext] Well known directory 'Bin': 'C:\Users\neo_o\Desktop\Github Practicas\Users\actions-runner\bin'
[2026-10-08 16:51:56Z INFO HostContext] Well known directory 'Root': 'C:\Users\neo_o\Desktop\Github Practicas\Users\actions-runner'
[2026-10-08 16:51:56Z INFO HostContext] Well known config file 'MigratedRunner': 'C:\Users\neo_o\Desktop\Github Practicas\Users\actions-runner\.runner_migrated'
[2026-10-08 16:51:56Z INFO ConfigurationStore] MigratedConfigFilePath: C:\Users\neo_o\Desktop\Github Practicas\Users\actions-runner\.runner_migrated
[2026-10-08 16:51:56Z INFO HostContext] Well known directory 'Bin': 'C:\Users\neo_o\Desktop\Github Practicas\Users\actions-runner\bin'
[2026-10-08 16:51:56Z INFO HostContext] Well known directory 'Root': 'C:\Users\neo_o\Desktop\Github Practicas\Users\actions-runner'
[2026-10-08 16:51:56Z INFO HostContext] Well known config file 'Credentials': 'C:\Users\neo_o\Desktop\Github Practicas\Users\actions-runner\.credentials'
[2026-10-08 16:51:56Z INFO ConfigurationStore] CredFilePath: C:\Users\neo_o\Desktop\Github Practicas\Users\actions-runner\.credentials
[2026-10-08 16:51:56Z INFO HostContext] Well known directory 'Bin': 'C:\Users\neo_o\Desktop\Github Practicas\Users\actions-runner\bin'
[2026-10-08 16:51:56Z INFO HostContext] Well known directory 'Root': 'C:\Users\neo_o\Desktop\Github Practicas\Users\actions-runner'
[2026-10-08 16:51:56Z INFO HostContext] Well known config file 'MigratedCredentials': 'C:\Users\neo_o\Desktop\Github Practicas\Users\actions-runner\.credentials_migrated'
[2026-10-08 16:51:56Z INFO ConfigurationStore] MigratedCredFilePath: C:\Users\neo_o\Desktop\Github Practicas\Users\actions-runner\.credentials_migrated
[2026-10-08 16:51:56Z INFO HostContext] Well known directory 'Bin': 'C:\Users\neo_o\Desktop\Github Practicas\Users\actions-runner\bin'
[2026-10-08 16:51:56Z INFO HostContext] Well known directory 'Root': 'C:\Users\neo_o\Desktop\Github Practicas\Users\actions-runner'
[2026-10-08 16:51:56Z INFO HostContext] Well known config file 'Service': 'C:\Users\neo_o\Desktop\Github Practicas\Users\actions-runner\.service'
[2026-10-08 16:51:56Z INFO ConfigurationStore] ServiceConfigFilePath: C:\Users\neo_o\Desktop\Github Practicas\Users\actions-runner\.service
[2026-10-08 16:51:56Z INFO CommandSettings] Flag 'help': 'False'
[2026-10-08 16:51:56Z INFO CommandSettings] Flag 'version': 'False'
[2026-10-08 16:51:56Z INFO CommandSettings] Flag 'commit': 'False'
[2026-10-08 16:51:56Z INFO CommandSettings] Flag 'check': 'False'
[2026-10-08 16:51:56Z INFO CommandSettings] Command 'configure': 'False'
[2026-10-08 16:51:56Z INFO CommandSettings] Command 'remove': 'False'
[2026-10-08 16:51:56Z INFO CommandSettings] Command 'warmup': 'False'
[2026-10-08 16:51:56Z INFO ConfigurationManager] LoadSettings
[2026-10-08 16:51:56Z INFO ConfigurationStore] IsConfigured()
[2026-10-08 16:51:56Z INFO ConfigurationStore] IsConfigured: True
[2026-10-08 16:51:56Z INFO ConfigurationManager] Is configured: True
[2026-10-08 16:51:56Z INFO ConfigurationStore] Read setting file: 398 chars
[2026-10-08 16:51:56Z INFO ConfigurationManager] Settings Loaded
[2026-10-08 16:51:56Z INFO ConfigurationStore] IsServiceConfigured()
[2026-10-08 16:51:56Z INFO ConfigurationStore] IsServiceConfigured: False
[2026-10-08 16:51:56Z INFO CommandSettings] Command 'run': 'True'
[2026-10-08 16:51:56Z INFO ConfigurationStore] IsConfigured()
[2026-10-08 16:51:56Z INFO ConfigurationStore] IsConfigured: True
[2026-10-08 16:51:56Z INFO ConfigurationManager] Is configured: True
[2026-10-08 16:51:56Z INFO Runner] Could not parse the argument value '' for StartupType. Defaulting to Manual
[2026-10-08 16:51:56Z INFO Runner] Set runner startup type - Manual
[2026-10-08 16:51:56Z INFO CommandSettings] Flag 'once': 'False'
[2026-10-08 16:51:56Z INFO CommandSettings] Flag 'once': 'False'
[2026-10-08 16:51:56Z INFO Runner] RunAsync
[2026-10-08 16:51:56Z INFO HostContext] Well known directory 'Bin': 'C:\Users\neo_o\Desktop\Github Practicas\Users\actions-runner\bin'
[2026-10-08 16:51:56Z INFO HostContext] Well known directory 'Root': 'C:\Users\neo_o\Desktop\Github Practicas\Users\actions-runner'
[2026-10-08 16:51:56Z INFO HostContext] Well known directory 'Work': 'C:\Users\neo_o\Desktop\Github Practicas\Users\actions-runner\_work'
[2026-10-08 16:51:56Z INFO Runner] Validating directory permissions for: 'C:\Users\neo_o\Desktop\Github Practicas\Users\actions-runner\_work'
[2026-10-08 16:51:56Z INFO ConfigurationManager] LoadMigratedSettings
[2026-10-08 16:51:56Z INFO ConfigurationStore] IsMigratedConfigured()
[2026-10-08 16:51:56Z INFO ConfigurationStore] IsMigratedConfigured: True
[2026-10-08 16:51:56Z INFO ConfigurationStore] Read migrated setting file: 398 chars
[2026-10-08 16:51:56Z INFO ConfigurationManager] Migrated Settings Loaded
[2026-10-08 16:51:56Z INFO Runner] Loaded migrated settings from .runner_migrated file
[2026-10-08 16:51:56Z INFO Runner] {
  "AgentId": 22,
  "AgentName": "DESKTOP-DQK7SKT",
  "PoolId": 1,
  "PoolName": "Default",
  "ServerUrl": "https://pipelinesghubeus3.actions.githubusercontent.com/lRIrfmhBQOQOisN18JBIOeSYw7t1EHpkUDnQoMLIBXODqc7uyt/",
  "GitHubUrl": "https://github.com/Alejfk/Colaborative",
  "WorkFolder": "_work",
  "UseV2Flow": true,
  "ServerUrlV2": "https://broker.actions.githubusercontent.com/"
}
[2026-10-08 16:51:56Z INFO Runner] Attempting to create session using migrated settings
[2026-10-08 16:51:56Z INFO Runner] Using BrokerMessageListener
[2026-10-08 16:51:56Z INFO BrokerMessageListener] Using provided settings
[2026-10-08 16:51:56Z INFO BrokerMessageListener] Using migrated settings from .runner_migrated
[2026-10-08 16:51:56Z INFO BrokerMessageListener] {
  "AgentId": 22,
  "AgentName": "DESKTOP-DQK7SKT",
  "PoolId": 1,
  "PoolName": "Default",
  "ServerUrl": "https://pipelinesghubeus3.actions.githubusercontent.com/lRIrfmhBQOQOisN18JBIOeSYw7t1EHpkUDnQoMLIBXODqc7uyt/",
  "GitHubUrl": "https://github.com/Alejfk/Colaborative",
  "WorkFolder": "_work",
  "UseV2Flow": true,
  "ServerUrlV2": "https://broker.actions.githubusercontent.com/"
}
[2026-10-08 16:51:56Z INFO BrokerMessageListener] Loading Credentials
[2026-10-08 16:51:56Z INFO ConfigurationStore] HasCredentials()
[2026-10-08 16:51:56Z INFO ConfigurationStore] stored True
[2026-10-08 16:51:56Z INFO CredentialManager] GetCredentialProvider
[2026-10-08 16:51:56Z INFO CredentialManager] Creating type OAuth
[2026-10-08 16:51:56Z INFO CredentialManager] Creating credential type: OAuth
[2026-10-08 16:51:56Z INFO HostContext] Well known directory 'Bin': 'C:\Users\neo_o\Desktop\Github Practicas\Users\actions-runner\bin'
[2026-10-08 16:51:56Z INFO HostContext] Well known directory 'Root': 'C:\Users\neo_o\Desktop\Github Practicas\Users\actions-runner'
[2026-10-08 16:51:56Z INFO HostContext] Well known config file 'RSACredentials': 'C:\Users\neo_o\Desktop\Github Practicas\Users\actions-runner\.credentials_rsaparams'
[2026-10-08 16:51:56Z INFO RSAEncryptedFileKeyManager] Loading RSA key parameters from file C:\Users\neo_o\Desktop\Github Practicas\Users\actions-runner\.credentials_rsaparams
[2026-10-08 16:51:56Z INFO BrokerMessageListener] Attempt to create session.
[2026-10-08 16:51:56Z INFO BrokerMessageListener] Connecting to the Broker Server...
[2026-10-08 16:51:56Z INFO ConfigurationStore] HasCredentials()
[2026-10-08 16:51:56Z INFO ConfigurationStore] stored True
[2026-10-08 16:51:56Z INFO CredentialManager] GetCredentialProvider
[2026-10-08 16:51:56Z INFO CredentialManager] Creating type OAuth
[2026-10-08 16:51:56Z INFO CredentialManager] Creating credential type: OAuth
[2026-10-08 16:51:56Z INFO RSAEncryptedFileKeyManager] Loading RSA key parameters from file C:\Users\neo_o\Desktop\Github Practicas\Users\actions-runner\.credentials_rsaparams
[2026-10-08 16:51:56Z INFO BrokerMessageListener] VssConnection created
[2026-10-08 16:51:56Z INFO BrokerMessageListener] Connecting to the Runner server...
[2026-10-08 16:51:56Z INFO RunnerServer] EstablishVssConnection
[2026-10-08 16:51:56Z INFO RunnerServer] Establish connection with 100 seconds timeout.
[2026-10-08 16:51:56Z INFO GitHubActionsService] Starting operation Location.GetConnectionData
[2026-10-08 16:51:56Z INFO RunnerServer] EstablishVssConnection
[2026-10-08 16:51:56Z INFO RunnerServer] Establish connection with 60 seconds timeout.
[2026-10-08 16:51:56Z INFO GitHubActionsService] Starting operation Location.GetConnectionData
[2026-10-08 16:51:56Z INFO RunnerServer] EstablishVssConnection
[2026-10-08 16:51:56Z INFO RunnerServer] Establish connection with 60 seconds timeout.
[2026-10-08 16:51:56Z INFO GitHubActionsService] Starting operation Location.GetConnectionData
[2026-10-08 16:51:57Z INFO GitHubActionsService] Finished operation Location.GetConnectionData
[2026-10-08 16:51:57Z INFO GitHubActionsService] Finished operation Location.GetConnectionData
[2026-10-08 16:51:57Z INFO GitHubActionsService] Finished operation Location.GetConnectionData
[2026-10-08 16:51:57Z INFO BrokerMessageListener] VssConnection created
[2026-10-08 16:51:57Z INFO Terminal] WRITE LINE: 
[2026-10-08 16:51:57Z INFO Terminal] WRITE LINE: 
[2026-10-08 16:51:57Z INFO RSAEncryptedFileKeyManager] Loading RSA key parameters from file C:\Users\neo_o\Desktop\Github Practicas\Users\actions-runner\.credentials_rsaparams
[2026-10-08 16:51:57Z INFO RSAEncryptedFileKeyManager] Loading RSA key parameters from file C:\Users\neo_o\Desktop\Github Practicas\Users\actions-runner\.credentials_rsaparams
[2026-10-08 16:51:58Z INFO GitHubActionsService] AAD Correlation ID for this token request: Unknown
[2026-10-08 16:51:58Z INFO BrokerMessageListener] Session created.
[2026-10-08 16:51:58Z INFO Runner] Successfully created session with migrated settings
[2026-10-08 16:51:58Z INFO Terminal] WRITE LINE: Current runner version: '2.337.0'
[2026-10-08 16:51:58Z INFO Terminal] WRITE LINE: 2026-10-08 16:51:58Z: Listening for Jobs
[2026-10-08 16:51:58Z INFO JobDispatcher] Set runner/worker IPC timeout to 30 seconds.
[2026-10-08 16:55:55Z INFO BrokerMessageListener] Acknowledging runner request 'b0eb658d-ec93-537b-bac1-bacb83e748d3'.
[2026-10-08 16:55:55Z INFO ConfigurationStore] HasCredentials()
[2026-10-08 16:55:55Z INFO ConfigurationStore] stored True
[2026-10-08 16:55:55Z INFO CredentialManager] GetCredentialProvider
[2026-10-08 16:55:55Z INFO CredentialManager] Creating type OAuth
[2026-10-08 16:55:55Z INFO CredentialManager] Creating credential type: OAuth
[2026-10-08 16:55:55Z INFO RSAEncryptedFileKeyManager] Loading RSA key parameters from file C:\Users\neo_o\Desktop\Github Practicas\Users\actions-runner\.credentials_rsaparams
[2026-10-08 16:55:55Z INFO RSAEncryptedFileKeyManager] Loading RSA key parameters from file C:\Users\neo_o\Desktop\Github Practicas\Users\actions-runner\.credentials_rsaparams
[2026-10-08 16:55:55Z INFO RSAEncryptedFileKeyManager] Loading RSA key parameters from file C:\Users\neo_o\Desktop\Github Practicas\Users\actions-runner\.credentials_rsaparams
[2026-10-08 16:55:55Z INFO GitHubActionsService] AAD Correlation ID for this token request: Unknown
[2026-10-08 16:55:56Z INFO JobDispatcher] Job request 0 for plan bf737e68-3150-8c17-9f6d-225729c3ba65 job b0eb658d-ec93-537b-bac1-bacb83e748d3 received.
[2026-10-08 16:55:56Z INFO JobDispatcher] Pull OrchestrationId bf737e68-3150-8c17-9f6d-225729c3ba65.validate-prod.__default from JWT claims
[2026-10-08 16:55:56Z INFO BrokerMessageListener] Received job status event. JobState: Busy
[2026-10-08 16:55:56Z INFO BrokerMessageListener] _getMessagesTokenSource is already disposed.
[2026-10-08 16:55:56Z INFO Terminal] WRITE LINE: 2026-10-08 16:55:56Z: Running job: validate-prod
[2026-10-08 16:55:56Z INFO JobDispatcher] Start renew job request 0 for job b0eb658d-ec93-537b-bac1-bacb83e748d3.
[2026-10-08 16:55:57Z INFO JobDispatcher] Successfully renew job b0eb658d-ec93-537b-bac1-bacb83e748d3, job is valid till 08/10/2026 17:05:52
[2026-10-08 16:55:57Z INFO HostContext] Well known directory 'Bin': 'C:\Users\neo_o\Desktop\Github Practicas\Users\actions-runner\bin'
[2026-10-08 16:55:57Z INFO ProcessInvokerWrapper] Starting process:
[2026-10-08 16:55:57Z INFO ProcessInvokerWrapper]   File name: 'C:\Users\neo_o\Desktop\Github Practicas\Users\actions-runner\bin\Runner.Worker.exe'
[2026-10-08 16:55:57Z INFO ProcessInvokerWrapper]   Arguments: 'spawnclient 2220 2232'
[2026-10-08 16:55:57Z INFO ProcessInvokerWrapper]   Working directory: 'C:\Users\neo_o\Desktop\Github Practicas\Users\actions-runner\bin'
[2026-10-08 16:55:57Z INFO ProcessInvokerWrapper]   Require exit code zero: 'False'
[2026-10-08 16:55:57Z INFO ProcessInvokerWrapper]   Encoding web name:  ; code page: ''
[2026-10-08 16:55:57Z INFO ProcessInvokerWrapper]   Force kill process on cancellation: 'True'
[2026-10-08 16:55:57Z INFO ProcessInvokerWrapper]   Redirected STDIN: 'False'
[2026-10-08 16:55:57Z INFO ProcessInvokerWrapper]   Persist current code page: 'False'
[2026-10-08 16:55:57Z INFO ProcessInvokerWrapper]   Keep redirected STDIN open: 'False'
[2026-10-08 16:55:57Z INFO ProcessInvokerWrapper]   High priority process: 'True'
[2026-10-08 16:55:57Z INFO ProcessInvokerWrapper] Process started with process id 23328, waiting for process exit.
[2026-10-08 16:55:57Z INFO JobDispatcher] Send job request message to worker for job b0eb658d-ec93-537b-bac1-bacb83e748d3.
[2026-10-08 16:55:57Z INFO ProcessChannel] Sending message of length 25420, with hash 'c65e11b274bde48b0c6a4fd00c19d929a1bf6373d2616d2b68a6fe7936ba5b8c'
[2026-10-08 16:55:57Z INFO JobNotification] Entering JobStarted Notification
[2026-10-08 16:55:57Z INFO JobNotification] Entering StartMonitor
[2026-10-08 16:56:39Z INFO ProcessInvokerWrapper] STDOUT/STDERR stream read finished.
[2026-10-08 16:56:39Z INFO ProcessInvokerWrapper] STDOUT/STDERR stream read finished.
[2026-10-08 16:56:39Z INFO ProcessInvokerWrapper] Finished process 23328 with exit code 102, and elapsed time 00:00:42.7434642.
[2026-10-08 16:56:39Z INFO JobDispatcher] Worker finished for job b0eb658d-ec93-537b-bac1-bacb83e748d3. Code: 102
[2026-10-08 16:56:39Z INFO JobDispatcher] finish job request for job b0eb658d-ec93-537b-bac1-bacb83e748d3 with result: Failed
[2026-10-08 16:56:39Z INFO Terminal] WRITE LINE: 2026-10-08 16:56:39Z: Job validate-prod completed with result: Failed
[2026-10-08 16:56:39Z INFO JobDispatcher] Stop renew job request for job b0eb658d-ec93-537b-bac1-bacb83e748d3.
[2026-10-08 16:56:39Z INFO JobDispatcher] job renew has been cancelled, stop renew job b0eb658d-ec93-537b-bac1-bacb83e748d3.
[2026-10-08 16:56:39Z INFO JobNotification] Entering JobCompleted Notification
[2026-10-08 16:56:39Z INFO JobNotification] Entering EndMonitor
[2026-10-08 16:56:39Z INFO BrokerMessageListener] Received job status event. JobState: Online
[2026-10-08 16:56:39Z WARN GitHubActionsService] GET request to https://broker.actions.githubusercontent.com/message?sessionId=07cef3ae-8afb-477f-9df0-93e13d87bc16&status=Busy&runnerVersion=2.337.0&os=Windows&architecture=X64&disableUpdate=false has been cancelled.
[2026-10-08 16:56:39Z ERR  BrokerServer] Catch exception during request
[2026-10-08 16:56:39Z ERR  BrokerServer] System.Threading.Tasks.TaskCanceledException: The operation was canceled.
 ---> System.Threading.Tasks.TaskCanceledException: The operation was canceled.
 ---> System.IO.IOException: Unable to read data from the transport connection: La operación de E/S se anuló por una salida de subproceso o por una solicitud de aplicación..
 ---> System.Net.Sockets.SocketException (995): La operación de E/S se anuló por una salida de subproceso o por una solicitud de aplicación.
   --- End of inner exception stack trace ---
   at System.Net.Sockets.Socket.AwaitableSocketAsyncEventArgs.ThrowException(SocketError error, CancellationToken cancellationToken)
   at System.Net.Sockets.Socket.AwaitableSocketAsyncEventArgs.System.Threading.Tasks.Sources.IValueTaskSource<System.Int32>.GetResult(Int16 token)
   at System.Net.Security.SslStream.EnsureFullTlsFrameAsync[TIOAdapter](CancellationToken cancellationToken, Int32 estimatedSize)
   at System.Runtime.CompilerServices.PoolingAsyncValueTaskMethodBuilder`1.StateMachineBox`1.System.Threading.Tasks.Sources.IValueTaskSource<TResult>.GetResult(Int16 token)
   at System.Net.Security.SslStream.ReadAsyncInternal[TIOAdapter](Memory`1 buffer, CancellationToken cancellationToken)
   at System.Runtime.CompilerServices.PoolingAsyncValueTaskMethodBuilder`1.StateMachineBox`1.System.Threading.Tasks.Sources.IValueTaskSource<TResult>.GetResult(Int16 token)
   at System.Net.Http.HttpConnection.SendAsync(HttpRequestMessage request, Boolean async, CancellationToken cancellationToken)
   --- End of inner exception stack trace ---
   at System.Net.Http.HttpConnection.SendAsync(HttpRequestMessage request, Boolean async, CancellationToken cancellationToken)
   at System.Net.Http.AuthenticationHelper.SendWithNtAuthAsync(HttpRequestMessage request, Uri authUri, Boolean async, ICredentials credentials, Boolean isProxyAuth, HttpConnection connection, HttpConnectionPool connectionPool, CancellationToken cancellationToken)
   at System.Net.Http.HttpConnectionPool.SendWithVersionDetectionAndRetryAsync(HttpRequestMessage request, Boolean async, Boolean doRequestAuth, CancellationToken cancellationToken)
   at System.Net.Http.AuthenticationHelper.SendWithAuthAsync(HttpRequestMessage request, Uri authUri, Boolean async, ICredentials credentials, Boolean preAuthenticate, Boolean isProxyAuth, Boolean doRequestAuth, HttpConnectionPool pool, CancellationToken cancellationToken)
   at System.Net.Http.RedirectHandler.SendAsync(HttpRequestMessage request, Boolean async, CancellationToken cancellationToken)
   at GitHub.Services.Common.RawHttpMessageHandler.SendAsync(HttpRequestMessage request, CancellationToken cancellationToken)
   at GitHub.Services.Common.VssHttpRetryMessageHandler.SendAsync(HttpRequestMessage request, CancellationToken cancellationToken)
   at System.Net.Http.HttpClient.<SendAsync>g__Core|83_0(HttpRequestMessage request, HttpCompletionOption completionOption, CancellationTokenSource cts, Boolean disposeCts, CancellationTokenSource pendingRequestsCts, CancellationToken originalCancellationToken)
   --- End of inner exception stack trace ---
   at System.Net.Http.HttpClient.HandleFailure(Exception e, Boolean telemetryStarted, HttpResponseMessage response, CancellationTokenSource cts, CancellationToken cancellationToken, CancellationTokenSource pendingRequestsCts)
   at System.Net.Http.HttpClient.<SendAsync>g__Core|83_0(HttpRequestMessage request, HttpCompletionOption completionOption, CancellationTokenSource cts, Boolean disposeCts, CancellationTokenSource pendingRequestsCts, CancellationToken originalCancellationToken)
   at Sdk.WebApi.WebApi.RawHttpClientBase.SendAsync(HttpRequestMessage message, HttpCompletionOption completionOption, Object userState, CancellationToken cancellationToken)
   at Sdk.WebApi.WebApi.RawHttpClientBase.SendAsync[T](HttpRequestMessage message, Boolean readErrorBody, Object userState, CancellationToken cancellationToken)
   at Sdk.WebApi.WebApi.RawHttpClientBase.SendAsync[T](HttpMethod method, IEnumerable`1 additionalHeaders, Uri requestUri, HttpContent content, IEnumerable`1 queryParameters, Boolean readErrorBody, Object userState, CancellationToken cancellationToken)
   at GitHub.Actions.RunService.WebApi.BrokerHttpClient.GetRunnerMessageAsync(Nullable`1 sessionId, String runnerVersion, Nullable`1 status, String os, String architecture, Nullable`1 disableUpdate, CancellationToken cancellationToken)
   at GitHub.Runner.Common.BrokerServer.<>c__DisplayClass7_0.<<GetRunnerMessageAsync>b__0>d.MoveNext()
--- End of stack trace from previous location ---
   at GitHub.Runner.Common.RunnerService.RetryRequest[T](Func`1 func, CancellationToken cancellationToken, Int32 maxAttempts, Func`2 shouldRetry)
[2026-10-08 16:56:39Z ERR  BrokerServer] #####################################################
[2026-10-08 16:56:39Z ERR  BrokerServer] System.Threading.Tasks.TaskCanceledException: The operation was canceled.
 ---> System.IO.IOException: Unable to read data from the transport connection: La operación de E/S se anuló por una salida de subproceso o por una solicitud de aplicación..
 ---> System.Net.Sockets.SocketException (995): La operación de E/S se anuló por una salida de subproceso o por una solicitud de aplicación.
   --- End of inner exception stack trace ---
   at System.Net.Sockets.Socket.AwaitableSocketAsyncEventArgs.ThrowException(SocketError error, CancellationToken cancellationToken)
   at System.Net.Sockets.Socket.AwaitableSocketAsyncEventArgs.System.Threading.Tasks.Sources.IValueTaskSource<System.Int32>.GetResult(Int16 token)
   at System.Net.Security.SslStream.EnsureFullTlsFrameAsync[TIOAdapter](CancellationToken cancellationToken, Int32 estimatedSize)
   at System.Runtime.CompilerServices.PoolingAsyncValueTaskMethodBuilder`1.StateMachineBox`1.System.Threading.Tasks.Sources.IValueTaskSource<TResult>.GetResult(Int16 token)
   at System.Net.Security.SslStream.ReadAsyncInternal[TIOAdapter](Memory`1 buffer, CancellationToken cancellationToken)
   at System.Runtime.CompilerServices.PoolingAsyncValueTaskMethodBuilder`1.StateMachineBox`1.System.Threading.Tasks.Sources.IValueTaskSource<TResult>.GetResult(Int16 token)
   at System.Net.Http.HttpConnection.SendAsync(HttpRequestMessage request, Boolean async, CancellationToken cancellationToken)
   --- End of inner exception stack trace ---
   at System.Net.Http.HttpConnection.SendAsync(HttpRequestMessage request, Boolean async, CancellationToken cancellationToken)
   at System.Net.Http.AuthenticationHelper.SendWithNtAuthAsync(HttpRequestMessage request, Uri authUri, Boolean async, ICredentials credentials, Boolean isProxyAuth, HttpConnection connection, HttpConnectionPool connectionPool, CancellationToken cancellationToken)
   at System.Net.Http.HttpConnectionPool.SendWithVersionDetectionAndRetryAsync(HttpRequestMessage request, Boolean async, Boolean doRequestAuth, CancellationToken cancellationToken)
   at System.Net.Http.AuthenticationHelper.SendWithAuthAsync(HttpRequestMessage request, Uri authUri, Boolean async, ICredentials credentials, Boolean preAuthenticate, Boolean isProxyAuth, Boolean doRequestAuth, HttpConnectionPool pool, CancellationToken cancellationToken)
   at System.Net.Http.RedirectHandler.SendAsync(HttpRequestMessage request, Boolean async, CancellationToken cancellationToken)
   at GitHub.Services.Common.RawHttpMessageHandler.SendAsync(HttpRequestMessage request, CancellationToken cancellationToken)
   at GitHub.Services.Common.VssHttpRetryMessageHandler.SendAsync(HttpRequestMessage request, CancellationToken cancellationToken)
   at System.Net.Http.HttpClient.<SendAsync>g__Core|83_0(HttpRequestMessage request, HttpCompletionOption completionOption, CancellationTokenSource cts, Boolean disposeCts, CancellationTokenSource pendingRequestsCts, CancellationToken originalCancellationToken)
[2026-10-08 16:56:39Z ERR  BrokerServer] #####################################################
[2026-10-08 16:56:39Z ERR  BrokerServer] System.IO.IOException: Unable to read data from the transport connection: La operación de E/S se anuló por una salida de subproceso o por una solicitud de aplicación..
 ---> System.Net.Sockets.SocketException (995): La operación de E/S se anuló por una salida de subproceso o por una solicitud de aplicación.
   --- End of inner exception stack trace ---
   at System.Net.Sockets.Socket.AwaitableSocketAsyncEventArgs.ThrowException(SocketError error, CancellationToken cancellationToken)
   at System.Net.Sockets.Socket.AwaitableSocketAsyncEventArgs.System.Threading.Tasks.Sources.IValueTaskSource<System.Int32>.GetResult(Int16 token)
   at System.Net.Security.SslStream.EnsureFullTlsFrameAsync[TIOAdapter](CancellationToken cancellationToken, Int32 estimatedSize)
   at System.Runtime.CompilerServices.PoolingAsyncValueTaskMethodBuilder`1.StateMachineBox`1.System.Threading.Tasks.Sources.IValueTaskSource<TResult>.GetResult(Int16 token)
   at System.Net.Security.SslStream.ReadAsyncInternal[TIOAdapter](Memory`1 buffer, CancellationToken cancellationToken)
   at System.Runtime.CompilerServices.PoolingAsyncValueTaskMethodBuilder`1.StateMachineBox`1.System.Threading.Tasks.Sources.IValueTaskSource<TResult>.GetResult(Int16 token)
   at System.Net.Http.HttpConnection.SendAsync(HttpRequestMessage request, Boolean async, CancellationToken cancellationToken)
[2026-10-08 16:56:39Z ERR  BrokerServer] #####################################################
[2026-10-08 16:56:39Z ERR  BrokerServer] System.Net.Sockets.SocketException (995): La operación de E/S se anuló por una salida de subproceso o por una solicitud de aplicación.
[2026-10-08 16:56:39Z WARN BrokerServer] Back off 9,412 seconds before next retry. 4 attempt left.
[2026-10-08 16:56:39Z INFO BrokerMessageListener] Get messages has been cancelled using local token source. Continue to get messages with new status.
[2026-10-08 17:05:13Z INFO BrokerMessageListener] Acknowledging runner request '6e059d38-25c1-5709-baad-fb20422e5049'.
[2026-10-08 17:05:13Z INFO ConfigurationStore] HasCredentials()
[2026-10-08 17:05:13Z INFO ConfigurationStore] stored True
[2026-10-08 17:05:13Z INFO CredentialManager] GetCredentialProvider
[2026-10-08 17:05:13Z INFO CredentialManager] Creating type OAuth
[2026-10-08 17:05:13Z INFO CredentialManager] Creating credential type: OAuth
[2026-10-08 17:05:13Z INFO RSAEncryptedFileKeyManager] Loading RSA key parameters from file C:\Users\neo_o\Desktop\Github Practicas\Users\actions-runner\.credentials_rsaparams
[2026-10-08 17:05:13Z INFO RSAEncryptedFileKeyManager] Loading RSA key parameters from file C:\Users\neo_o\Desktop\Github Practicas\Users\actions-runner\.credentials_rsaparams
[2026-10-08 17:05:13Z INFO RSAEncryptedFileKeyManager] Loading RSA key parameters from file C:\Users\neo_o\Desktop\Github Practicas\Users\actions-runner\.credentials_rsaparams
[2026-10-08 17:05:14Z INFO GitHubActionsService] AAD Correlation ID for this token request: Unknown
[2026-10-08 17:05:14Z INFO JobDispatcher] Job request 0 for plan f4e13c6b-3911-8f84-85ef-b3ee46615a92 job 6e059d38-25c1-5709-baad-fb20422e5049 received.
[2026-10-08 17:05:14Z INFO JobDispatcher] Pull OrchestrationId f4e13c6b-3911-8f84-85ef-b3ee46615a92.validate-prod.__default from JWT claims
[2026-10-08 17:05:14Z INFO BrokerMessageListener] Received job status event. JobState: Busy
[2026-10-08 17:05:14Z INFO BrokerMessageListener] _getMessagesTokenSource is already disposed.
[2026-10-08 17:05:14Z INFO JobDispatcher] Job request b0eb658d-ec93-537b-bac1-bacb83e748d3 processed succeed.
[2026-10-08 17:05:14Z INFO Terminal] WRITE LINE: 2026-10-08 17:05:14Z: Running job: validate-prod
[2026-10-08 17:05:14Z INFO JobDispatcher] Start renew job request 0 for job 6e059d38-25c1-5709-baad-fb20422e5049.
[2026-10-08 17:05:15Z INFO JobDispatcher] Successfully renew job 6e059d38-25c1-5709-baad-fb20422e5049, job is valid till 08/10/2026 17:15:10
[2026-10-08 17:05:15Z INFO HostContext] Well known directory 'Bin': 'C:\Users\neo_o\Desktop\Github Practicas\Users\actions-runner\bin'
[2026-10-08 17:05:15Z INFO ProcessInvokerWrapper] Starting process:
[2026-10-08 17:05:15Z INFO ProcessInvokerWrapper]   File name: 'C:\Users\neo_o\Desktop\Github Practicas\Users\actions-runner\bin\Runner.Worker.exe'
[2026-10-08 17:05:15Z INFO ProcessInvokerWrapper]   Arguments: 'spawnclient 2392 2384'
[2026-10-08 17:05:15Z INFO ProcessInvokerWrapper]   Working directory: 'C:\Users\neo_o\Desktop\Github Practicas\Users\actions-runner\bin'
[2026-10-08 17:05:15Z INFO ProcessInvokerWrapper]   Require exit code zero: 'False'
[2026-10-08 17:05:15Z INFO ProcessInvokerWrapper]   Encoding web name:  ; code page: ''
[2026-10-08 17:05:15Z INFO ProcessInvokerWrapper]   Force kill process on cancellation: 'True'
[2026-10-08 17:05:15Z INFO ProcessInvokerWrapper]   Redirected STDIN: 'False'
[2026-10-08 17:05:15Z INFO ProcessInvokerWrapper]   Persist current code page: 'False'
[2026-10-08 17:05:15Z INFO ProcessInvokerWrapper]   Keep redirected STDIN open: 'False'
[2026-10-08 17:05:15Z INFO ProcessInvokerWrapper]   High priority process: 'True'
[2026-10-08 17:05:15Z INFO ProcessInvokerWrapper] Process started with process id 24780, waiting for process exit.
[2026-10-08 17:05:15Z INFO JobDispatcher] Send job request message to worker for job 6e059d38-25c1-5709-baad-fb20422e5049.
[2026-10-08 17:05:15Z INFO ProcessChannel] Sending message of length 39951, with hash 'eb5fd63b1faa25af752547f2d6fb38507a7c3130d134f36e852849c7485a11ee'
[2026-10-08 17:05:15Z INFO JobNotification] Entering JobStarted Notification
[2026-10-08 17:05:15Z INFO JobNotification] Entering StartMonitor
[2026-10-08 17:05:56Z INFO ProcessInvokerWrapper] STDOUT/STDERR stream read finished.
[2026-10-08 17:05:56Z INFO ProcessInvokerWrapper] STDOUT/STDERR stream read finished.
[2026-10-08 17:05:56Z INFO ProcessInvokerWrapper] Finished process 24780 with exit code 102, and elapsed time 00:00:41.7699099.
[2026-10-08 17:05:56Z INFO JobDispatcher] Worker finished for job 6e059d38-25c1-5709-baad-fb20422e5049. Code: 102
[2026-10-08 17:05:56Z INFO JobDispatcher] finish job request for job 6e059d38-25c1-5709-baad-fb20422e5049 with result: Failed
[2026-10-08 17:05:56Z INFO Terminal] WRITE LINE: 2026-10-08 17:05:56Z: Job validate-prod completed with result: Failed
[2026-10-08 17:05:56Z INFO JobDispatcher] Stop renew job request for job 6e059d38-25c1-5709-baad-fb20422e5049.
[2026-10-08 17:05:56Z INFO JobDispatcher] job renew has been cancelled, stop renew job 6e059d38-25c1-5709-baad-fb20422e5049.
[2026-10-08 17:05:56Z INFO JobNotification] Entering JobCompleted Notification
[2026-10-08 17:05:56Z INFO JobNotification] Entering EndMonitor
[2026-10-08 17:05:56Z INFO BrokerMessageListener] Received job status event. JobState: Online
[2026-10-08 17:05:56Z WARN GitHubActionsService] GET request to https://broker.actions.githubusercontent.com/message?sessionId=07cef3ae-8afb-477f-9df0-93e13d87bc16&status=Busy&runnerVersion=2.337.0&os=Windows&architecture=X64&disableUpdate=false has been cancelled.
[2026-10-08 17:05:56Z ERR  BrokerServer] Catch exception during request
[2026-10-08 17:05:56Z ERR  BrokerServer] System.Threading.Tasks.TaskCanceledException: The operation was canceled.
 ---> System.Threading.Tasks.TaskCanceledException: The operation was canceled.
 ---> System.IO.IOException: Unable to read data from the transport connection: La operación de E/S se anuló por una salida de subproceso o por una solicitud de aplicación..
 ---> System.Net.Sockets.SocketException (995): La operación de E/S se anuló por una salida de subproceso o por una solicitud de aplicación.
   --- End of inner exception stack trace ---
   at System.Net.Sockets.Socket.AwaitableSocketAsyncEventArgs.System.Threading.Tasks.Sources.IValueTaskSource<System.Int32>.GetResult(Int16 token)
   at System.Net.Security.SslStream.EnsureFullTlsFrameAsync[TIOAdapter](CancellationToken cancellationToken, Int32 estimatedSize)
   at System.Runtime.CompilerServices.PoolingAsyncValueTaskMethodBuilder`1.StateMachineBox`1.System.Threading.Tasks.Sources.IValueTaskSource<TResult>.GetResult(Int16 token)
   at System.Net.Security.SslStream.ReadAsyncInternal[TIOAdapter](Memory`1 buffer, CancellationToken cancellationToken)
   at System.Runtime.CompilerServices.PoolingAsyncValueTaskMethodBuilder`1.StateMachineBox`1.System.Threading.Tasks.Sources.IValueTaskSource<TResult>.GetResult(Int16 token)
   at System.Net.Http.HttpConnection.SendAsync(HttpRequestMessage request, Boolean async, CancellationToken cancellationToken)
   --- End of inner exception stack trace ---
   at System.Net.Http.HttpConnection.SendAsync(HttpRequestMessage request, Boolean async, CancellationToken cancellationToken)
   at System.Net.Http.AuthenticationHelper.SendWithNtAuthAsync(HttpRequestMessage request, Uri authUri, Boolean async, ICredentials credentials, Boolean isProxyAuth, HttpConnection connection, HttpConnectionPool connectionPool, CancellationToken cancellationToken)
   at System.Net.Http.HttpConnectionPool.SendWithVersionDetectionAndRetryAsync(HttpRequestMessage request, Boolean async, Boolean doRequestAuth, CancellationToken cancellationToken)
   at System.Net.Http.AuthenticationHelper.SendWithAuthAsync(HttpRequestMessage request, Uri authUri, Boolean async, ICredentials credentials, Boolean preAuthenticate, Boolean isProxyAuth, Boolean doRequestAuth, HttpConnectionPool pool, CancellationToken cancellationToken)
   at System.Net.Http.RedirectHandler.SendAsync(HttpRequestMessage request, Boolean async, CancellationToken cancellationToken)
   at GitHub.Services.Common.RawHttpMessageHandler.SendAsync(HttpRequestMessage request, CancellationToken cancellationToken)
   at GitHub.Services.Common.VssHttpRetryMessageHandler.SendAsync(HttpRequestMessage request, CancellationToken cancellationToken)
   at System.Net.Http.HttpClient.<SendAsync>g__Core|83_0(HttpRequestMessage request, HttpCompletionOption completionOption, CancellationTokenSource cts, Boolean disposeCts, CancellationTokenSource pendingRequestsCts, CancellationToken originalCancellationToken)
   --- End of inner exception stack trace ---
   at System.Net.Http.HttpClient.HandleFailure(Exception e, Boolean telemetryStarted, HttpResponseMessage response, CancellationTokenSource cts, CancellationToken cancellationToken, CancellationTokenSource pendingRequestsCts)
   at System.Net.Http.HttpClient.<SendAsync>g__Core|83_0(HttpRequestMessage request, HttpCompletionOption completionOption, CancellationTokenSource cts, Boolean disposeCts, CancellationTokenSource pendingRequestsCts, CancellationToken originalCancellationToken)
   at Sdk.WebApi.WebApi.RawHttpClientBase.SendAsync(HttpRequestMessage message, HttpCompletionOption completionOption, Object userState, CancellationToken cancellationToken)
   at Sdk.WebApi.WebApi.RawHttpClientBase.SendAsync[T](HttpRequestMessage message, Boolean readErrorBody, Object userState, CancellationToken cancellationToken)
   at Sdk.WebApi.WebApi.RawHttpClientBase.SendAsync[T](HttpMethod method, IEnumerable`1 additionalHeaders, Uri requestUri, HttpContent content, IEnumerable`1 queryParameters, Boolean readErrorBody, Object userState, CancellationToken cancellationToken)
   at GitHub.Actions.RunService.WebApi.BrokerHttpClient.GetRunnerMessageAsync(Nullable`1 sessionId, String runnerVersion, Nullable`1 status, String os, String architecture, Nullable`1 disableUpdate, CancellationToken cancellationToken)
   at GitHub.Runner.Common.BrokerServer.<>c__DisplayClass7_0.<<GetRunnerMessageAsync>b__0>d.MoveNext()
--- End of stack trace from previous location ---
   at GitHub.Runner.Common.RunnerService.RetryRequest[T](Func`1 func, CancellationToken cancellationToken, Int32 maxAttempts, Func`2 shouldRetry)
[2026-10-08 17:05:56Z ERR  BrokerServer] #####################################################
[2026-10-08 17:05:56Z ERR  BrokerServer] System.Threading.Tasks.TaskCanceledException: The operation was canceled.
 ---> System.IO.IOException: Unable to read data from the transport connection: La operación de E/S se anuló por una salida de subproceso o por una solicitud de aplicación..
 ---> System.Net.Sockets.SocketException (995): La operación de E/S se anuló por una salida de subproceso o por una solicitud de aplicación.
   --- End of inner exception stack trace ---
   at System.Net.Sockets.Socket.AwaitableSocketAsyncEventArgs.System.Threading.Tasks.Sources.IValueTaskSource<System.Int32>.GetResult(Int16 token)
   at System.Net.Security.SslStream.EnsureFullTlsFrameAsync[TIOAdapter](CancellationToken cancellationToken, Int32 estimatedSize)
   at System.Runtime.CompilerServices.PoolingAsyncValueTaskMethodBuilder`1.StateMachineBox`1.System.Threading.Tasks.Sources.IValueTaskSource<TResult>.GetResult(Int16 token)
   at System.Net.Security.SslStream.ReadAsyncInternal[TIOAdapter](Memory`1 buffer, CancellationToken cancellationToken)
   at System.Runtime.CompilerServices.PoolingAsyncValueTaskMethodBuilder`1.StateMachineBox`1.System.Threading.Tasks.Sources.IValueTaskSource<TResult>.GetResult(Int16 token)
   at System.Net.Http.HttpConnection.SendAsync(HttpRequestMessage request, Boolean async, CancellationToken cancellationToken)
   --- End of inner exception stack trace ---
   at System.Net.Http.HttpConnection.SendAsync(HttpRequestMessage request, Boolean async, CancellationToken cancellationToken)
   at System.Net.Http.AuthenticationHelper.SendWithNtAuthAsync(HttpRequestMessage request, Uri authUri, Boolean async, ICredentials credentials, Boolean isProxyAuth, HttpConnection connection, HttpConnectionPool connectionPool, CancellationToken cancellationToken)
   at System.Net.Http.HttpConnectionPool.SendWithVersionDetectionAndRetryAsync(HttpRequestMessage request, Boolean async, Boolean doRequestAuth, CancellationToken cancellationToken)
   at System.Net.Http.AuthenticationHelper.SendWithAuthAsync(HttpRequestMessage request, Uri authUri, Boolean async, ICredentials credentials, Boolean preAuthenticate, Boolean isProxyAuth, Boolean doRequestAuth, HttpConnectionPool pool, CancellationToken cancellationToken)
   at System.Net.Http.RedirectHandler.SendAsync(HttpRequestMessage request, Boolean async, CancellationToken cancellationToken)
   at GitHub.Services.Common.RawHttpMessageHandler.SendAsync(HttpRequestMessage request, CancellationToken cancellationToken)
   at GitHub.Services.Common.VssHttpRetryMessageHandler.SendAsync(HttpRequestMessage request, CancellationToken cancellationToken)
   at System.Net.Http.HttpClient.<SendAsync>g__Core|83_0(HttpRequestMessage request, HttpCompletionOption completionOption, CancellationTokenSource cts, Boolean disposeCts, CancellationTokenSource pendingRequestsCts, CancellationToken originalCancellationToken)
[2026-10-08 17:05:56Z ERR  BrokerServer] #####################################################
[2026-10-08 17:05:56Z ERR  BrokerServer] System.IO.IOException: Unable to read data from the transport connection: La operación de E/S se anuló por una salida de subproceso o por una solicitud de aplicación..
 ---> System.Net.Sockets.SocketException (995): La operación de E/S se anuló por una salida de subproceso o por una solicitud de aplicación.
   --- End of inner exception stack trace ---
   at System.Net.Sockets.Socket.AwaitableSocketAsyncEventArgs.System.Threading.Tasks.Sources.IValueTaskSource<System.Int32>.GetResult(Int16 token)
   at System.Net.Security.SslStream.EnsureFullTlsFrameAsync[TIOAdapter](CancellationToken cancellationToken, Int32 estimatedSize)
   at System.Runtime.CompilerServices.PoolingAsyncValueTaskMethodBuilder`1.StateMachineBox`1.System.Threading.Tasks.Sources.IValueTaskSource<TResult>.GetResult(Int16 token)
   at System.Net.Security.SslStream.ReadAsyncInternal[TIOAdapter](Memory`1 buffer, CancellationToken cancellationToken)
   at System.Runtime.CompilerServices.PoolingAsyncValueTaskMethodBuilder`1.StateMachineBox`1.System.Threading.Tasks.Sources.IValueTaskSource<TResult>.GetResult(Int16 token)
   at System.Net.Http.HttpConnection.SendAsync(HttpRequestMessage request, Boolean async, CancellationToken cancellationToken)
[2026-10-08 17:05:56Z ERR  BrokerServer] #####################################################
[2026-10-08 17:05:56Z ERR  BrokerServer] System.Net.Sockets.SocketException (995): La operación de E/S se anuló por una salida de subproceso o por una solicitud de aplicación.
[2026-10-08 17:05:56Z WARN BrokerServer] Back off 7,941 seconds before next retry. 4 attempt left.
[2026-10-08 17:05:56Z INFO BrokerMessageListener] Get messages has been cancelled using local token source. Continue to get messages with new status.
[2026-10-08 17:06:19Z INFO BrokerMessageListener] Acknowledging runner request 'dea87777-21a5-58b7-8ded-09e6fefbb4e3'.
[2026-10-08 17:06:19Z INFO ConfigurationStore] HasCredentials()
[2026-10-08 17:06:19Z INFO ConfigurationStore] stored True
[2026-10-08 17:06:19Z INFO CredentialManager] GetCredentialProvider
[2026-10-08 17:06:19Z INFO CredentialManager] Creating type OAuth
[2026-10-08 17:06:19Z INFO CredentialManager] Creating credential type: OAuth
[2026-10-08 17:06:19Z INFO RSAEncryptedFileKeyManager] Loading RSA key parameters from file C:\Users\neo_o\Desktop\Github Practicas\Users\actions-runner\.credentials_rsaparams
[2026-10-08 17:06:19Z INFO RSAEncryptedFileKeyManager] Loading RSA key parameters from file C:\Users\neo_o\Desktop\Github Practicas\Users\actions-runner\.credentials_rsaparams
[2026-10-08 17:06:19Z INFO RSAEncryptedFileKeyManager] Loading RSA key parameters from file C:\Users\neo_o\Desktop\Github Practicas\Users\actions-runner\.credentials_rsaparams
[2026-10-08 17:06:19Z INFO GitHubActionsService] AAD Correlation ID for this token request: Unknown
[2026-10-08 17:06:20Z INFO JobDispatcher] Job request 0 for plan 6fee89c1-a9a9-86d8-b4c9-c27c25434ddc job dea87777-21a5-58b7-8ded-09e6fefbb4e3 received.
[2026-10-08 17:06:20Z INFO JobDispatcher] Pull OrchestrationId 6fee89c1-a9a9-86d8-b4c9-c27c25434ddc.validate-prod.__default from JWT claims
[2026-10-08 17:06:20Z INFO BrokerMessageListener] Received job status event. JobState: Busy
[2026-10-08 17:06:20Z INFO BrokerMessageListener] _getMessagesTokenSource is already disposed.
[2026-10-08 17:06:20Z INFO JobDispatcher] Job request 6e059d38-25c1-5709-baad-fb20422e5049 processed succeed.
[2026-10-08 17:06:20Z INFO Terminal] WRITE LINE: 2026-10-08 17:06:20Z: Running job: validate-prod
[2026-10-08 17:06:20Z INFO JobDispatcher] Start renew job request 0 for job dea87777-21a5-58b7-8ded-09e6fefbb4e3.
[2026-10-08 17:06:20Z INFO JobDispatcher] Successfully renew job dea87777-21a5-58b7-8ded-09e6fefbb4e3, job is valid till 08/10/2026 17:16:16
[2026-10-08 17:06:20Z INFO HostContext] Well known directory 'Bin': 'C:\Users\neo_o\Desktop\Github Practicas\Users\actions-runner\bin'
[2026-10-08 17:06:20Z INFO ProcessInvokerWrapper] Starting process:
[2026-10-08 17:06:20Z INFO ProcessInvokerWrapper]   File name: 'C:\Users\neo_o\Desktop\Github Practicas\Users\actions-runner\bin\Runner.Worker.exe'
[2026-10-08 17:06:20Z INFO ProcessInvokerWrapper]   Arguments: 'spawnclient 1284 2040'
[2026-10-08 17:06:20Z INFO ProcessInvokerWrapper]   Working directory: 'C:\Users\neo_o\Desktop\Github Practicas\Users\actions-runner\bin'
[2026-10-08 17:06:20Z INFO ProcessInvokerWrapper]   Require exit code zero: 'False'
[2026-10-08 17:06:20Z INFO ProcessInvokerWrapper]   Encoding web name:  ; code page: ''
[2026-10-08 17:06:20Z INFO ProcessInvokerWrapper]   Force kill process on cancellation: 'True'
[2026-10-08 17:06:20Z INFO ProcessInvokerWrapper]   Redirected STDIN: 'False'
[2026-10-08 17:06:20Z INFO ProcessInvokerWrapper]   Persist current code page: 'False'
[2026-10-08 17:06:20Z INFO ProcessInvokerWrapper]   Keep redirected STDIN open: 'False'
[2026-10-08 17:06:20Z INFO ProcessInvokerWrapper]   High priority process: 'True'
[2026-10-08 17:06:20Z INFO ProcessInvokerWrapper] Process started with process id 11984, waiting for process exit.
[2026-10-08 17:06:20Z INFO JobDispatcher] Send job request message to worker for job dea87777-21a5-58b7-8ded-09e6fefbb4e3.
[2026-10-08 17:06:20Z INFO ProcessChannel] Sending message of length 23450, with hash '6fc9b62884c909a2fcae27857a91f3733f12ec7f71294973cbfc2e43b22608f8'
[2026-10-08 17:06:21Z INFO JobNotification] Entering JobStarted Notification
[2026-10-08 17:06:21Z INFO JobNotification] Entering StartMonitor
[2026-10-08 17:07:01Z INFO ProcessInvokerWrapper] STDOUT/STDERR stream read finished.
[2026-10-08 17:07:01Z INFO ProcessInvokerWrapper] STDOUT/STDERR stream read finished.
[2026-10-08 17:07:01Z INFO ProcessInvokerWrapper] Finished process 11984 with exit code 102, and elapsed time 00:00:40.9040437.
[2026-10-08 17:07:01Z INFO JobDispatcher] Worker finished for job dea87777-21a5-58b7-8ded-09e6fefbb4e3. Code: 102
[2026-10-08 17:07:01Z INFO JobDispatcher] finish job request for job dea87777-21a5-58b7-8ded-09e6fefbb4e3 with result: Failed
[2026-10-08 17:07:01Z INFO Terminal] WRITE LINE: 2026-10-08 17:07:01Z: Job validate-prod completed with result: Failed
[2026-10-08 17:07:01Z INFO JobDispatcher] Stop renew job request for job dea87777-21a5-58b7-8ded-09e6fefbb4e3.
[2026-10-08 17:07:01Z INFO JobDispatcher] job renew has been cancelled, stop renew job dea87777-21a5-58b7-8ded-09e6fefbb4e3.
[2026-10-08 17:07:01Z INFO JobNotification] Entering JobCompleted Notification
[2026-10-08 17:07:01Z INFO JobNotification] Entering EndMonitor
[2026-10-08 17:07:01Z INFO BrokerMessageListener] Received job status event. JobState: Online
[2026-10-08 17:07:01Z WARN GitHubActionsService] GET request to https://broker.actions.githubusercontent.com/message?sessionId=07cef3ae-8afb-477f-9df0-93e13d87bc16&status=Busy&runnerVersion=2.337.0&os=Windows&architecture=X64&disableUpdate=false has been cancelled.
[2026-10-08 17:07:01Z ERR  BrokerServer] Catch exception during request
[2026-10-08 17:07:01Z ERR  BrokerServer] System.Threading.Tasks.TaskCanceledException: The operation was canceled.
 ---> System.Threading.Tasks.TaskCanceledException: The operation was canceled.
 ---> System.IO.IOException: Unable to read data from the transport connection: La operación de E/S se anuló por una salida de subproceso o por una solicitud de aplicación..
 ---> System.Net.Sockets.SocketException (995): La operación de E/S se anuló por una salida de subproceso o por una solicitud de aplicación.
   --- End of inner exception stack trace ---
   at System.Net.Sockets.Socket.AwaitableSocketAsyncEventArgs.System.Threading.Tasks.Sources.IValueTaskSource<System.Int32>.GetResult(Int16 token)
   at System.Net.Security.SslStream.EnsureFullTlsFrameAsync[TIOAdapter](CancellationToken cancellationToken, Int32 estimatedSize)
   at System.Runtime.CompilerServices.PoolingAsyncValueTaskMethodBuilder`1.StateMachineBox`1.System.Threading.Tasks.Sources.IValueTaskSource<TResult>.GetResult(Int16 token)
   at System.Net.Security.SslStream.ReadAsyncInternal[TIOAdapter](Memory`1 buffer, CancellationToken cancellationToken)
   at System.Runtime.CompilerServices.PoolingAsyncValueTaskMethodBuilder`1.StateMachineBox`1.System.Threading.Tasks.Sources.IValueTaskSource<TResult>.GetResult(Int16 token)
   at System.Net.Http.HttpConnection.SendAsync(HttpRequestMessage request, Boolean async, CancellationToken cancellationToken)
   --- End of inner exception stack trace ---
   at System.Net.Http.HttpConnection.SendAsync(HttpRequestMessage request, Boolean async, CancellationToken cancellationToken)
   at System.Net.Http.AuthenticationHelper.SendWithNtAuthAsync(HttpRequestMessage request, Uri authUri, Boolean async, ICredentials credentials, Boolean isProxyAuth, HttpConnection connection, HttpConnectionPool connectionPool, CancellationToken cancellationToken)
   at System.Net.Http.HttpConnectionPool.SendWithVersionDetectionAndRetryAsync(HttpRequestMessage request, Boolean async, Boolean doRequestAuth, CancellationToken cancellationToken)
   at System.Net.Http.AuthenticationHelper.SendWithAuthAsync(HttpRequestMessage request, Uri authUri, Boolean async, ICredentials credentials, Boolean preAuthenticate, Boolean isProxyAuth, Boolean doRequestAuth, HttpConnectionPool pool, CancellationToken cancellationToken)
   at System.Net.Http.RedirectHandler.SendAsync(HttpRequestMessage request, Boolean async, CancellationToken cancellationToken)
   at GitHub.Services.Common.RawHttpMessageHandler.SendAsync(HttpRequestMessage request, CancellationToken cancellationToken)
   at GitHub.Services.Common.VssHttpRetryMessageHandler.SendAsync(HttpRequestMessage request, CancellationToken cancellationToken)
   at System.Net.Http.HttpClient.<SendAsync>g__Core|83_0(HttpRequestMessage request, HttpCompletionOption completionOption, CancellationTokenSource cts, Boolean disposeCts, CancellationTokenSource pendingRequestsCts, CancellationToken originalCancellationToken)
   --- End of inner exception stack trace ---
   at System.Net.Http.HttpClient.HandleFailure(Exception e, Boolean telemetryStarted, HttpResponseMessage response, CancellationTokenSource cts, CancellationToken cancellationToken, CancellationTokenSource pendingRequestsCts)
   at System.Net.Http.HttpClient.<SendAsync>g__Core|83_0(HttpRequestMessage request, HttpCompletionOption completionOption, CancellationTokenSource cts, Boolean disposeCts, CancellationTokenSource pendingRequestsCts, CancellationToken originalCancellationToken)
   at Sdk.WebApi.WebApi.RawHttpClientBase.SendAsync(HttpRequestMessage message, HttpCompletionOption completionOption, Object userState, CancellationToken cancellationToken)
   at Sdk.WebApi.WebApi.RawHttpClientBase.SendAsync[T](HttpRequestMessage message, Boolean readErrorBody, Object userState, CancellationToken cancellationToken)
   at Sdk.WebApi.WebApi.RawHttpClientBase.SendAsync[T](HttpMethod method, IEnumerable`1 additionalHeaders, Uri requestUri, HttpContent content, IEnumerable`1 queryParameters, Boolean readErrorBody, Object userState, CancellationToken cancellationToken)
   at GitHub.Actions.RunService.WebApi.BrokerHttpClient.GetRunnerMessageAsync(Nullable`1 sessionId, String runnerVersion, Nullable`1 status, String os, String architecture, Nullable`1 disableUpdate, CancellationToken cancellationToken)
   at GitHub.Runner.Common.BrokerServer.<>c__DisplayClass7_0.<<GetRunnerMessageAsync>b__0>d.MoveNext()
--- End of stack trace from previous location ---
   at GitHub.Runner.Common.RunnerService.RetryRequest[T](Func`1 func, CancellationToken cancellationToken, Int32 maxAttempts, Func`2 shouldRetry)
[2026-10-08 17:07:01Z ERR  BrokerServer] #####################################################
[2026-10-08 17:07:01Z ERR  BrokerServer] System.Threading.Tasks.TaskCanceledException: The operation was canceled.
 ---> System.IO.IOException: Unable to read data from the transport connection: La operación de E/S se anuló por una salida de subproceso o por una solicitud de aplicación..
 ---> System.Net.Sockets.SocketException (995): La operación de E/S se anuló por una salida de subproceso o por una solicitud de aplicación.
   --- End of inner exception stack trace ---
   at System.Net.Sockets.Socket.AwaitableSocketAsyncEventArgs.System.Threading.Tasks.Sources.IValueTaskSource<System.Int32>.GetResult(Int16 token)
   at System.Net.Security.SslStream.EnsureFullTlsFrameAsync[TIOAdapter](CancellationToken cancellationToken, Int32 estimatedSize)
   at System.Runtime.CompilerServices.PoolingAsyncValueTaskMethodBuilder`1.StateMachineBox`1.System.Threading.Tasks.Sources.IValueTaskSource<TResult>.GetResult(Int16 token)
   at System.Net.Security.SslStream.ReadAsyncInternal[TIOAdapter](Memory`1 buffer, CancellationToken cancellationToken)
   at System.Runtime.CompilerServices.PoolingAsyncValueTaskMethodBuilder`1.StateMachineBox`1.System.Threading.Tasks.Sources.IValueTaskSource<TResult>.GetResult(Int16 token)
   at System.Net.Http.HttpConnection.SendAsync(HttpRequestMessage request, Boolean async, CancellationToken cancellationToken)
   --- End of inner exception stack trace ---
   at System.Net.Http.HttpConnection.SendAsync(HttpRequestMessage request, Boolean async, CancellationToken cancellationToken)
   at System.Net.Http.AuthenticationHelper.SendWithNtAuthAsync(HttpRequestMessage request, Uri authUri, Boolean async, ICredentials credentials, Boolean isProxyAuth, HttpConnection connection, HttpConnectionPool connectionPool, CancellationToken cancellationToken)
   at System.Net.Http.HttpConnectionPool.SendWithVersionDetectionAndRetryAsync(HttpRequestMessage request, Boolean async, Boolean doRequestAuth, CancellationToken cancellationToken)
   at System.Net.Http.AuthenticationHelper.SendWithAuthAsync(HttpRequestMessage request, Uri authUri, Boolean async, ICredentials credentials, Boolean preAuthenticate, Boolean isProxyAuth, Boolean doRequestAuth, HttpConnectionPool pool, CancellationToken cancellationToken)
   at System.Net.Http.RedirectHandler.SendAsync(HttpRequestMessage request, Boolean async, CancellationToken cancellationToken)
   at GitHub.Services.Common.RawHttpMessageHandler.SendAsync(HttpRequestMessage request, CancellationToken cancellationToken)
   at GitHub.Services.Common.VssHttpRetryMessageHandler.SendAsync(HttpRequestMessage request, CancellationToken cancellationToken)
   at System.Net.Http.HttpClient.<SendAsync>g__Core|83_0(HttpRequestMessage request, HttpCompletionOption completionOption, CancellationTokenSource cts, Boolean disposeCts, CancellationTokenSource pendingRequestsCts, CancellationToken originalCancellationToken)
[2026-10-08 17:07:01Z ERR  BrokerServer] #####################################################
[2026-10-08 17:07:01Z ERR  BrokerServer] System.IO.IOException: Unable to read data from the transport connection: La operación de E/S se anuló por una salida de subproceso o por una solicitud de aplicación..
 ---> System.Net.Sockets.SocketException (995): La operación de E/S se anuló por una salida de subproceso o por una solicitud de aplicación.
   --- End of inner exception stack trace ---
   at System.Net.Sockets.Socket.AwaitableSocketAsyncEventArgs.System.Threading.Tasks.Sources.IValueTaskSource<System.Int32>.GetResult(Int16 token)
   at System.Net.Security.SslStream.EnsureFullTlsFrameAsync[TIOAdapter](CancellationToken cancellationToken, Int32 estimatedSize)
   at System.Runtime.CompilerServices.PoolingAsyncValueTaskMethodBuilder`1.StateMachineBox`1.System.Threading.Tasks.Sources.IValueTaskSource<TResult>.GetResult(Int16 token)
   at System.Net.Security.SslStream.ReadAsyncInternal[TIOAdapter](Memory`1 buffer, CancellationToken cancellationToken)
   at System.Runtime.CompilerServices.PoolingAsyncValueTaskMethodBuilder`1.StateMachineBox`1.System.Threading.Tasks.Sources.IValueTaskSource<TResult>.GetResult(Int16 token)
   at System.Net.Http.HttpConnection.SendAsync(HttpRequestMessage request, Boolean async, CancellationToken cancellationToken)
[2026-10-08 17:07:01Z ERR  BrokerServer] #####################################################
[2026-10-08 17:07:01Z ERR  BrokerServer] System.Net.Sockets.SocketException (995): La operación de E/S se anuló por una salida de subproceso o por una solicitud de aplicación.
[2026-10-08 17:07:01Z WARN BrokerServer] Back off 5,009 seconds before next retry. 4 attempt left.
[2026-10-08 17:07:01Z INFO BrokerMessageListener] Get messages has been cancelled using local token source. Continue to get messages with new status.
[2026-10-08 17:17:52Z INFO BrokerMessageListener] Acknowledging runner request '5a9d3fa1-1cee-5ddb-a629-57525ebfca6d'.
[2026-10-08 17:17:52Z INFO ConfigurationStore] HasCredentials()
[2026-10-08 17:17:52Z INFO ConfigurationStore] stored True
[2026-10-08 17:17:52Z INFO CredentialManager] GetCredentialProvider
[2026-10-08 17:17:52Z INFO CredentialManager] Creating type OAuth
[2026-10-08 17:17:52Z INFO CredentialManager] Creating credential type: OAuth
[2026-10-08 17:17:52Z INFO RSAEncryptedFileKeyManager] Loading RSA key parameters from file C:\Users\neo_o\Desktop\Github Practicas\Users\actions-runner\.credentials_rsaparams
[2026-10-08 17:17:52Z INFO RSAEncryptedFileKeyManager] Loading RSA key parameters from file C:\Users\neo_o\Desktop\Github Practicas\Users\actions-runner\.credentials_rsaparams
[2026-10-08 17:17:52Z INFO RSAEncryptedFileKeyManager] Loading RSA key parameters from file C:\Users\neo_o\Desktop\Github Practicas\Users\actions-runner\.credentials_rsaparams
[2026-10-08 17:17:53Z INFO GitHubActionsService] AAD Correlation ID for this token request: Unknown
[2026-10-08 17:17:53Z INFO JobDispatcher] Job request 0 for plan daada4a9-ef0f-816a-831f-604664c3e277 job 5a9d3fa1-1cee-5ddb-a629-57525ebfca6d received.
[2026-10-08 17:17:53Z INFO JobDispatcher] Pull OrchestrationId daada4a9-ef0f-816a-831f-604664c3e277.validate-prod.__default from JWT claims
[2026-10-08 17:17:53Z INFO BrokerMessageListener] Received job status event. JobState: Busy
[2026-10-08 17:17:53Z INFO BrokerMessageListener] _getMessagesTokenSource is already disposed.
[2026-10-08 17:17:53Z INFO JobDispatcher] Job request dea87777-21a5-58b7-8ded-09e6fefbb4e3 processed succeed.
[2026-10-08 17:17:53Z INFO Terminal] WRITE LINE: 2026-10-08 17:17:53Z: Running job: validate-prod
[2026-10-08 17:17:53Z INFO JobDispatcher] Start renew job request 0 for job 5a9d3fa1-1cee-5ddb-a629-57525ebfca6d.
[2026-10-08 17:17:54Z INFO JobDispatcher] Successfully renew job 5a9d3fa1-1cee-5ddb-a629-57525ebfca6d, job is valid till 08/10/2026 17:27:49
[2026-10-08 17:17:54Z INFO HostContext] Well known directory 'Bin': 'C:\Users\neo_o\Desktop\Github Practicas\Users\actions-runner\bin'
[2026-10-08 17:17:54Z INFO ProcessInvokerWrapper] Starting process:
[2026-10-08 17:17:54Z INFO ProcessInvokerWrapper]   File name: 'C:\Users\neo_o\Desktop\Github Practicas\Users\actions-runner\bin\Runner.Worker.exe'
[2026-10-08 17:17:54Z INFO ProcessInvokerWrapper]   Arguments: 'spawnclient 1456 1216'
[2026-10-08 17:17:54Z INFO ProcessInvokerWrapper]   Working directory: 'C:\Users\neo_o\Desktop\Github Practicas\Users\actions-runner\bin'
[2026-10-08 17:17:54Z INFO ProcessInvokerWrapper]   Require exit code zero: 'False'
[2026-10-08 17:17:54Z INFO ProcessInvokerWrapper]   Encoding web name:  ; code page: ''
[2026-10-08 17:17:54Z INFO ProcessInvokerWrapper]   Force kill process on cancellation: 'True'
[2026-10-08 17:17:54Z INFO ProcessInvokerWrapper]   Redirected STDIN: 'False'
[2026-10-08 17:17:54Z INFO ProcessInvokerWrapper]   Persist current code page: 'False'
[2026-10-08 17:17:54Z INFO ProcessInvokerWrapper]   Keep redirected STDIN open: 'False'
[2026-10-08 17:17:54Z INFO ProcessInvokerWrapper]   High priority process: 'True'
[2026-10-08 17:17:54Z INFO ProcessInvokerWrapper] Process started with process id 18924, waiting for process exit.
[2026-10-08 17:17:54Z INFO JobDispatcher] Send job request message to worker for job 5a9d3fa1-1cee-5ddb-a629-57525ebfca6d.
[2026-10-08 17:17:54Z INFO ProcessChannel] Sending message of length 22891, with hash '17f0f2d8b44d1c2cfe2cb8478c16388f86c756fd23581e131c702825b7857327'
[2026-10-08 17:17:54Z INFO JobNotification] Entering JobStarted Notification
[2026-10-08 17:17:54Z INFO JobNotification] Entering StartMonitor
[2026-10-08 17:18:31Z INFO ProcessInvokerWrapper] STDOUT/STDERR stream read finished.
[2026-10-08 17:18:31Z INFO ProcessInvokerWrapper] STDOUT/STDERR stream read finished.
[2026-10-08 17:18:31Z INFO ProcessInvokerWrapper] Finished process 18924 with exit code 102, and elapsed time 00:00:36.6910223.
[2026-10-08 17:18:31Z INFO JobDispatcher] Worker finished for job 5a9d3fa1-1cee-5ddb-a629-57525ebfca6d. Code: 102
[2026-10-08 17:18:31Z INFO JobDispatcher] finish job request for job 5a9d3fa1-1cee-5ddb-a629-57525ebfca6d with result: Failed
[2026-10-08 17:18:31Z INFO Terminal] WRITE LINE: 2026-10-08 17:18:31Z: Job validate-prod completed with result: Failed
[2026-10-08 17:18:31Z INFO JobDispatcher] Stop renew job request for job 5a9d3fa1-1cee-5ddb-a629-57525ebfca6d.
[2026-10-08 17:18:31Z INFO JobDispatcher] job renew has been cancelled, stop renew job 5a9d3fa1-1cee-5ddb-a629-57525ebfca6d.
[2026-10-08 17:18:31Z INFO JobNotification] Entering JobCompleted Notification
[2026-10-08 17:18:31Z INFO JobNotification] Entering EndMonitor
[2026-10-08 17:18:31Z INFO BrokerMessageListener] Received job status event. JobState: Online
[2026-10-08 17:18:31Z WARN GitHubActionsService] GET request to https://broker.actions.githubusercontent.com/message?sessionId=07cef3ae-8afb-477f-9df0-93e13d87bc16&status=Busy&runnerVersion=2.337.0&os=Windows&architecture=X64&disableUpdate=false has been cancelled.
[2026-10-08 17:18:31Z ERR  BrokerServer] Catch exception during request
[2026-10-08 17:18:31Z ERR  BrokerServer] System.Threading.Tasks.TaskCanceledException: The operation was canceled.
 ---> System.Threading.Tasks.TaskCanceledException: The operation was canceled.
 ---> System.IO.IOException: Unable to read data from the transport connection: La operación de E/S se anuló por una salida de subproceso o por una solicitud de aplicación..
 ---> System.Net.Sockets.SocketException (995): La operación de E/S se anuló por una salida de subproceso o por una solicitud de aplicación.
   --- End of inner exception stack trace ---
   at System.Net.Sockets.Socket.AwaitableSocketAsyncEventArgs.System.Threading.Tasks.Sources.IValueTaskSource<System.Int32>.GetResult(Int16 token)
   at System.Net.Security.SslStream.EnsureFullTlsFrameAsync[TIOAdapter](CancellationToken cancellationToken, Int32 estimatedSize)
   at System.Runtime.CompilerServices.PoolingAsyncValueTaskMethodBuilder`1.StateMachineBox`1.System.Threading.Tasks.Sources.IValueTaskSource<TResult>.GetResult(Int16 token)
   at System.Net.Security.SslStream.ReadAsyncInternal[TIOAdapter](Memory`1 buffer, CancellationToken cancellationToken)
   at System.Runtime.CompilerServices.PoolingAsyncValueTaskMethodBuilder`1.StateMachineBox`1.System.Threading.Tasks.Sources.IValueTaskSource<TResult>.GetResult(Int16 token)
   at System.Net.Http.HttpConnection.SendAsync(HttpRequestMessage request, Boolean async, CancellationToken cancellationToken)
   --- End of inner exception stack trace ---
   at System.Net.Http.HttpConnection.SendAsync(HttpRequestMessage request, Boolean async, CancellationToken cancellationToken)
   at System.Net.Http.AuthenticationHelper.SendWithNtAuthAsync(HttpRequestMessage request, Uri authUri, Boolean async, ICredentials credentials, Boolean isProxyAuth, HttpConnection connection, HttpConnectionPool connectionPool, CancellationToken cancellationToken)
   at System.Net.Http.HttpConnectionPool.SendWithVersionDetectionAndRetryAsync(HttpRequestMessage request, Boolean async, Boolean doRequestAuth, CancellationToken cancellationToken)
   at System.Net.Http.AuthenticationHelper.SendWithAuthAsync(HttpRequestMessage request, Uri authUri, Boolean async, ICredentials credentials, Boolean preAuthenticate, Boolean isProxyAuth, Boolean doRequestAuth, HttpConnectionPool pool, CancellationToken cancellationToken)
   at System.Net.Http.RedirectHandler.SendAsync(HttpRequestMessage request, Boolean async, CancellationToken cancellationToken)
   at GitHub.Services.Common.RawHttpMessageHandler.SendAsync(HttpRequestMessage request, CancellationToken cancellationToken)
   at GitHub.Services.Common.VssHttpRetryMessageHandler.SendAsync(HttpRequestMessage request, CancellationToken cancellationToken)
   at System.Net.Http.HttpClient.<SendAsync>g__Core|83_0(HttpRequestMessage request, HttpCompletionOption completionOption, CancellationTokenSource cts, Boolean disposeCts, CancellationTokenSource pendingRequestsCts, CancellationToken originalCancellationToken)
   --- End of inner exception stack trace ---
   at System.Net.Http.HttpClient.HandleFailure(Exception e, Boolean telemetryStarted, HttpResponseMessage response, CancellationTokenSource cts, CancellationToken cancellationToken, CancellationTokenSource pendingRequestsCts)
   at System.Net.Http.HttpClient.<SendAsync>g__Core|83_0(HttpRequestMessage request, HttpCompletionOption completionOption, CancellationTokenSource cts, Boolean disposeCts, CancellationTokenSource pendingRequestsCts, CancellationToken originalCancellationToken)
   at Sdk.WebApi.WebApi.RawHttpClientBase.SendAsync(HttpRequestMessage message, HttpCompletionOption completionOption, Object userState, CancellationToken cancellationToken)
   at Sdk.WebApi.WebApi.RawHttpClientBase.SendAsync[T](HttpRequestMessage message, Boolean readErrorBody, Object userState, CancellationToken cancellationToken)
   at Sdk.WebApi.WebApi.RawHttpClientBase.SendAsync[T](HttpMethod method, IEnumerable`1 additionalHeaders, Uri requestUri, HttpContent content, IEnumerable`1 queryParameters, Boolean readErrorBody, Object userState, CancellationToken cancellationToken)
   at GitHub.Actions.RunService.WebApi.BrokerHttpClient.GetRunnerMessageAsync(Nullable`1 sessionId, String runnerVersion, Nullable`1 status, String os, String architecture, Nullable`1 disableUpdate, CancellationToken cancellationToken)
   at GitHub.Runner.Common.BrokerServer.<>c__DisplayClass7_0.<<GetRunnerMessageAsync>b__0>d.MoveNext()
--- End of stack trace from previous location ---
   at GitHub.Runner.Common.RunnerService.RetryRequest[T](Func`1 func, CancellationToken cancellationToken, Int32 maxAttempts, Func`2 shouldRetry)
[2026-10-08 17:18:31Z ERR  BrokerServer] #####################################################
[2026-10-08 17:18:31Z ERR  BrokerServer] System.Threading.Tasks.TaskCanceledException: The operation was canceled.
 ---> System.IO.IOException: Unable to read data from the transport connection: La operación de E/S se anuló por una salida de subproceso o por una solicitud de aplicación..
 ---> System.Net.Sockets.SocketException (995): La operación de E/S se anuló por una salida de subproceso o por una solicitud de aplicación.
   --- End of inner exception stack trace ---
   at System.Net.Sockets.Socket.AwaitableSocketAsyncEventArgs.System.Threading.Tasks.Sources.IValueTaskSource<System.Int32>.GetResult(Int16 token)
   at System.Net.Security.SslStream.EnsureFullTlsFrameAsync[TIOAdapter](CancellationToken cancellationToken, Int32 estimatedSize)
   at System.Runtime.CompilerServices.PoolingAsyncValueTaskMethodBuilder`1.StateMachineBox`1.System.Threading.Tasks.Sources.IValueTaskSource<TResult>.GetResult(Int16 token)
   at System.Net.Security.SslStream.ReadAsyncInternal[TIOAdapter](Memory`1 buffer, CancellationToken cancellationToken)
   at System.Runtime.CompilerServices.PoolingAsyncValueTaskMethodBuilder`1.StateMachineBox`1.System.Threading.Tasks.Sources.IValueTaskSource<TResult>.GetResult(Int16 token)
   at System.Net.Http.HttpConnection.SendAsync(HttpRequestMessage request, Boolean async, CancellationToken cancellationToken)
   --- End of inner exception stack trace ---
   at System.Net.Http.HttpConnection.SendAsync(HttpRequestMessage request, Boolean async, CancellationToken cancellationToken)
   at System.Net.Http.AuthenticationHelper.SendWithNtAuthAsync(HttpRequestMessage request, Uri authUri, Boolean async, ICredentials credentials, Boolean isProxyAuth, HttpConnection connection, HttpConnectionPool connectionPool, CancellationToken cancellationToken)
   at System.Net.Http.HttpConnectionPool.SendWithVersionDetectionAndRetryAsync(HttpRequestMessage request, Boolean async, Boolean doRequestAuth, CancellationToken cancellationToken)
   at System.Net.Http.AuthenticationHelper.SendWithAuthAsync(HttpRequestMessage request, Uri authUri, Boolean async, ICredentials credentials, Boolean preAuthenticate, Boolean isProxyAuth, Boolean doRequestAuth, HttpConnectionPool pool, CancellationToken cancellationToken)
   at System.Net.Http.RedirectHandler.SendAsync(HttpRequestMessage request, Boolean async, CancellationToken cancellationToken)
   at GitHub.Services.Common.RawHttpMessageHandler.SendAsync(HttpRequestMessage request, CancellationToken cancellationToken)
   at GitHub.Services.Common.VssHttpRetryMessageHandler.SendAsync(HttpRequestMessage request, CancellationToken cancellationToken)
   at System.Net.Http.HttpClient.<SendAsync>g__Core|83_0(HttpRequestMessage request, HttpCompletionOption completionOption, CancellationTokenSource cts, Boolean disposeCts, CancellationTokenSource pendingRequestsCts, CancellationToken originalCancellationToken)
[2026-10-08 17:18:31Z ERR  BrokerServer] #####################################################
[2026-10-08 17:18:31Z ERR  BrokerServer] System.IO.IOException: Unable to read data from the transport connection: La operación de E/S se anuló por una salida de subproceso o por una solicitud de aplicación..
 ---> System.Net.Sockets.SocketException (995): La operación de E/S se anuló por una salida de subproceso o por una solicitud de aplicación.
   --- End of inner exception stack trace ---
   at System.Net.Sockets.Socket.AwaitableSocketAsyncEventArgs.System.Threading.Tasks.Sources.IValueTaskSource<System.Int32>.GetResult(Int16 token)
   at System.Net.Security.SslStream.EnsureFullTlsFrameAsync[TIOAdapter](CancellationToken cancellationToken, Int32 estimatedSize)
   at System.Runtime.CompilerServices.PoolingAsyncValueTaskMethodBuilder`1.StateMachineBox`1.System.Threading.Tasks.Sources.IValueTaskSource<TResult>.GetResult(Int16 token)
   at System.Net.Security.SslStream.ReadAsyncInternal[TIOAdapter](Memory`1 buffer, CancellationToken cancellationToken)
   at System.Runtime.CompilerServices.PoolingAsyncValueTaskMethodBuilder`1.StateMachineBox`1.System.Threading.Tasks.Sources.IValueTaskSource<TResult>.GetResult(Int16 token)
   at System.Net.Http.HttpConnection.SendAsync(HttpRequestMessage request, Boolean async, CancellationToken cancellationToken)
[2026-10-08 17:18:31Z ERR  BrokerServer] #####################################################
[2026-10-08 17:18:31Z ERR  BrokerServer] System.Net.Sockets.SocketException (995): La operación de E/S se anuló por una salida de subproceso o por una solicitud de aplicación.
[2026-10-08 17:18:31Z WARN BrokerServer] Back off 14,366 seconds before next retry. 4 attempt left.
[2026-10-08 17:18:31Z INFO BrokerMessageListener] Get messages has been cancelled using local token source. Continue to get messages with new status.
[2026-10-08 17:21:51Z INFO BrokerMessageListener] Acknowledging runner request '613e7950-d004-5e94-817f-dbe57466aef5'.
[2026-10-08 17:21:51Z INFO ConfigurationStore] HasCredentials()
[2026-10-08 17:21:51Z INFO ConfigurationStore] stored True
[2026-10-08 17:21:51Z INFO CredentialManager] GetCredentialProvider
[2026-10-08 17:21:51Z INFO CredentialManager] Creating type OAuth
[2026-10-08 17:21:51Z INFO CredentialManager] Creating credential type: OAuth
[2026-10-08 17:21:51Z INFO RSAEncryptedFileKeyManager] Loading RSA key parameters from file C:\Users\neo_o\Desktop\Github Practicas\Users\actions-runner\.credentials_rsaparams
[2026-10-08 17:21:51Z INFO RSAEncryptedFileKeyManager] Loading RSA key parameters from file C:\Users\neo_o\Desktop\Github Practicas\Users\actions-runner\.credentials_rsaparams
[2026-10-08 17:21:51Z INFO RSAEncryptedFileKeyManager] Loading RSA key parameters from file C:\Users\neo_o\Desktop\Github Practicas\Users\actions-runner\.credentials_rsaparams
[2026-10-08 17:21:52Z INFO GitHubActionsService] AAD Correlation ID for this token request: Unknown
[2026-10-08 17:21:52Z INFO JobDispatcher] Job request 0 for plan e2dbfe42-6c77-862d-b7ef-1144d41f8255 job 613e7950-d004-5e94-817f-dbe57466aef5 received.
[2026-10-08 17:21:52Z INFO JobDispatcher] Pull OrchestrationId e2dbfe42-6c77-862d-b7ef-1144d41f8255.validate-prod.__default from JWT claims
[2026-10-08 17:21:52Z INFO BrokerMessageListener] Received job status event. JobState: Busy
[2026-10-08 17:21:52Z INFO BrokerMessageListener] _getMessagesTokenSource is already disposed.
[2026-10-08 17:21:52Z INFO JobDispatcher] Job request 5a9d3fa1-1cee-5ddb-a629-57525ebfca6d processed succeed.
[2026-10-08 17:21:52Z INFO Terminal] WRITE LINE: 2026-10-08 17:21:52Z: Running job: validate-prod
[2026-10-08 17:21:52Z INFO JobDispatcher] Start renew job request 0 for job 613e7950-d004-5e94-817f-dbe57466aef5.
[2026-10-08 17:21:53Z INFO JobDispatcher] Successfully renew job 613e7950-d004-5e94-817f-dbe57466aef5, job is valid till 08/10/2026 17:31:48
[2026-10-08 17:21:53Z INFO HostContext] Well known directory 'Bin': 'C:\Users\neo_o\Desktop\Github Practicas\Users\actions-runner\bin'
[2026-10-08 17:21:53Z INFO ProcessInvokerWrapper] Starting process:
[2026-10-08 17:21:53Z INFO ProcessInvokerWrapper]   File name: 'C:\Users\neo_o\Desktop\Github Practicas\Users\actions-runner\bin\Runner.Worker.exe'
[2026-10-08 17:21:53Z INFO ProcessInvokerWrapper]   Arguments: 'spawnclient 2528 2524'
[2026-10-08 17:21:53Z INFO ProcessInvokerWrapper]   Working directory: 'C:\Users\neo_o\Desktop\Github Practicas\Users\actions-runner\bin'
[2026-10-08 17:21:53Z INFO ProcessInvokerWrapper]   Require exit code zero: 'False'
[2026-10-08 17:21:53Z INFO ProcessInvokerWrapper]   Encoding web name:  ; code page: ''
[2026-10-08 17:21:53Z INFO ProcessInvokerWrapper]   Force kill process on cancellation: 'True'
[2026-10-08 17:21:53Z INFO ProcessInvokerWrapper]   Redirected STDIN: 'False'
[2026-10-08 17:21:53Z INFO ProcessInvokerWrapper]   Persist current code page: 'False'
[2026-10-08 17:21:53Z INFO ProcessInvokerWrapper]   Keep redirected STDIN open: 'False'
[2026-10-08 17:21:53Z INFO ProcessInvokerWrapper]   High priority process: 'True'
[2026-10-08 17:21:53Z INFO ProcessInvokerWrapper] Process started with process id 8064, waiting for process exit.
[2026-10-08 17:21:53Z INFO JobDispatcher] Send job request message to worker for job 613e7950-d004-5e94-817f-dbe57466aef5.
[2026-10-08 17:21:53Z INFO ProcessChannel] Sending message of length 22182, with hash '79033079831bf7b125435b13a8d39b377e7a21eadc21228f593c26c160fc5dac'
[2026-10-08 17:21:53Z INFO JobNotification] Entering JobStarted Notification
[2026-10-08 17:21:53Z INFO JobNotification] Entering StartMonitor
[2026-10-08 17:22:28Z INFO ProcessInvokerWrapper] STDOUT/STDERR stream read finished.
[2026-10-08 17:22:28Z INFO ProcessInvokerWrapper] STDOUT/STDERR stream read finished.
[2026-10-08 17:22:28Z INFO ProcessInvokerWrapper] Finished process 8064 with exit code 102, and elapsed time 00:00:35.4207397.
[2026-10-08 17:22:28Z INFO JobDispatcher] Worker finished for job 613e7950-d004-5e94-817f-dbe57466aef5. Code: 102
[2026-10-08 17:22:28Z INFO JobDispatcher] finish job request for job 613e7950-d004-5e94-817f-dbe57466aef5 with result: Failed
[2026-10-08 17:22:28Z INFO Terminal] WRITE LINE: 2026-10-08 17:22:28Z: Job validate-prod completed with result: Failed
[2026-10-08 17:22:28Z INFO JobDispatcher] Stop renew job request for job 613e7950-d004-5e94-817f-dbe57466aef5.
[2026-10-08 17:22:28Z INFO JobDispatcher] job renew has been cancelled, stop renew job 613e7950-d004-5e94-817f-dbe57466aef5.
[2026-10-08 17:22:28Z INFO JobNotification] Entering JobCompleted Notification
[2026-10-08 17:22:28Z INFO JobNotification] Entering EndMonitor
[2026-10-08 17:22:28Z INFO BrokerMessageListener] Received job status event. JobState: Online
[2026-10-08 17:22:28Z WARN GitHubActionsService] GET request to https://broker.actions.githubusercontent.com/message?sessionId=07cef3ae-8afb-477f-9df0-93e13d87bc16&status=Busy&runnerVersion=2.337.0&os=Windows&architecture=X64&disableUpdate=false has been cancelled.
[2026-10-08 17:22:28Z ERR  BrokerServer] Catch exception during request
[2026-10-08 17:22:28Z ERR  BrokerServer] System.Threading.Tasks.TaskCanceledException: The operation was canceled.
 ---> System.Threading.Tasks.TaskCanceledException: The operation was canceled.
 ---> System.IO.IOException: Unable to read data from the transport connection: La operación de E/S se anuló por una salida de subproceso o por una solicitud de aplicación..
 ---> System.Net.Sockets.SocketException (995): La operación de E/S se anuló por una salida de subproceso o por una solicitud de aplicación.
   --- End of inner exception stack trace ---
   at System.Net.Sockets.Socket.AwaitableSocketAsyncEventArgs.System.Threading.Tasks.Sources.IValueTaskSource<System.Int32>.GetResult(Int16 token)
   at System.Net.Security.SslStream.EnsureFullTlsFrameAsync[TIOAdapter](CancellationToken cancellationToken, Int32 estimatedSize)
   at System.Runtime.CompilerServices.PoolingAsyncValueTaskMethodBuilder`1.StateMachineBox`1.System.Threading.Tasks.Sources.IValueTaskSource<TResult>.GetResult(Int16 token)
   at System.Net.Security.SslStream.ReadAsyncInternal[TIOAdapter](Memory`1 buffer, CancellationToken cancellationToken)
   at System.Runtime.CompilerServices.PoolingAsyncValueTaskMethodBuilder`1.StateMachineBox`1.System.Threading.Tasks.Sources.IValueTaskSource<TResult>.GetResult(Int16 token)
   at System.Net.Http.HttpConnection.SendAsync(HttpRequestMessage request, Boolean async, CancellationToken cancellationToken)
   --- End of inner exception stack trace ---
   at System.Net.Http.HttpConnection.SendAsync(HttpRequestMessage request, Boolean async, CancellationToken cancellationToken)
   at System.Net.Http.AuthenticationHelper.SendWithNtAuthAsync(HttpRequestMessage request, Uri authUri, Boolean async, ICredentials credentials, Boolean isProxyAuth, HttpConnection connection, HttpConnectionPool connectionPool, CancellationToken cancellationToken)
   at System.Net.Http.HttpConnectionPool.SendWithVersionDetectionAndRetryAsync(HttpRequestMessage request, Boolean async, Boolean doRequestAuth, CancellationToken cancellationToken)
   at System.Net.Http.AuthenticationHelper.SendWithAuthAsync(HttpRequestMessage request, Uri authUri, Boolean async, ICredentials credentials, Boolean preAuthenticate, Boolean isProxyAuth, Boolean doRequestAuth, HttpConnectionPool pool, CancellationToken cancellationToken)
   at System.Net.Http.RedirectHandler.SendAsync(HttpRequestMessage request, Boolean async, CancellationToken cancellationToken)
   at GitHub.Services.Common.RawHttpMessageHandler.SendAsync(HttpRequestMessage request, CancellationToken cancellationToken)
   at GitHub.Services.Common.VssHttpRetryMessageHandler.SendAsync(HttpRequestMessage request, CancellationToken cancellationToken)
   at System.Net.Http.HttpClient.<SendAsync>g__Core|83_0(HttpRequestMessage request, HttpCompletionOption completionOption, CancellationTokenSource cts, Boolean disposeCts, CancellationTokenSource pendingRequestsCts, CancellationToken originalCancellationToken)
   --- End of inner exception stack trace ---
   at System.Net.Http.HttpClient.HandleFailure(Exception e, Boolean telemetryStarted, HttpResponseMessage response, CancellationTokenSource cts, CancellationToken cancellationToken, CancellationTokenSource pendingRequestsCts)
   at System.Net.Http.HttpClient.<SendAsync>g__Core|83_0(HttpRequestMessage request, HttpCompletionOption completionOption, CancellationTokenSource cts, Boolean disposeCts, CancellationTokenSource pendingRequestsCts, CancellationToken originalCancellationToken)
   at Sdk.WebApi.WebApi.RawHttpClientBase.SendAsync(HttpRequestMessage message, HttpCompletionOption completionOption, Object userState, CancellationToken cancellationToken)
   at Sdk.WebApi.WebApi.RawHttpClientBase.SendAsync[T](HttpRequestMessage message, Boolean readErrorBody, Object userState, CancellationToken cancellationToken)
   at Sdk.WebApi.WebApi.RawHttpClientBase.SendAsync[T](HttpMethod method, IEnumerable`1 additionalHeaders, Uri requestUri, HttpContent content, IEnumerable`1 queryParameters, Boolean readErrorBody, Object userState, CancellationToken cancellationToken)
   at GitHub.Actions.RunService.WebApi.BrokerHttpClient.GetRunnerMessageAsync(Nullable`1 sessionId, String runnerVersion, Nullable`1 status, String os, String architecture, Nullable`1 disableUpdate, CancellationToken cancellationToken)
   at GitHub.Runner.Common.BrokerServer.<>c__DisplayClass7_0.<<GetRunnerMessageAsync>b__0>d.MoveNext()
--- End of stack trace from previous location ---
   at GitHub.Runner.Common.RunnerService.RetryRequest[T](Func`1 func, CancellationToken cancellationToken, Int32 maxAttempts, Func`2 shouldRetry)
[2026-10-08 17:22:28Z ERR  BrokerServer] #####################################################
[2026-10-08 17:22:28Z ERR  BrokerServer] System.Threading.Tasks.TaskCanceledException: The operation was canceled.
 ---> System.IO.IOException: Unable to read data from the transport connection: La operación de E/S se anuló por una salida de subproceso o por una solicitud de aplicación..
 ---> System.Net.Sockets.SocketException (995): La operación de E/S se anuló por una salida de subproceso o por una solicitud de aplicación.
   --- End of inner exception stack trace ---
   at System.Net.Sockets.Socket.AwaitableSocketAsyncEventArgs.System.Threading.Tasks.Sources.IValueTaskSource<System.Int32>.GetResult(Int16 token)
   at System.Net.Security.SslStream.EnsureFullTlsFrameAsync[TIOAdapter](CancellationToken cancellationToken, Int32 estimatedSize)
   at System.Runtime.CompilerServices.PoolingAsyncValueTaskMethodBuilder`1.StateMachineBox`1.System.Threading.Tasks.Sources.IValueTaskSource<TResult>.GetResult(Int16 token)
   at System.Net.Security.SslStream.ReadAsyncInternal[TIOAdapter](Memory`1 buffer, CancellationToken cancellationToken)
   at System.Runtime.CompilerServices.PoolingAsyncValueTaskMethodBuilder`1.StateMachineBox`1.System.Threading.Tasks.Sources.IValueTaskSource<TResult>.GetResult(Int16 token)
   at System.Net.Http.HttpConnection.SendAsync(HttpRequestMessage request, Boolean async, CancellationToken cancellationToken)
   --- End of inner exception stack trace ---
   at System.Net.Http.HttpConnection.SendAsync(HttpRequestMessage request, Boolean async, CancellationToken cancellationToken)
   at System.Net.Http.AuthenticationHelper.SendWithNtAuthAsync(HttpRequestMessage request, Uri authUri, Boolean async, ICredentials credentials, Boolean isProxyAuth, HttpConnection connection, HttpConnectionPool connectionPool, CancellationToken cancellationToken)
   at System.Net.Http.HttpConnectionPool.SendWithVersionDetectionAndRetryAsync(HttpRequestMessage request, Boolean async, Boolean doRequestAuth, CancellationToken cancellationToken)
   at System.Net.Http.AuthenticationHelper.SendWithAuthAsync(HttpRequestMessage request, Uri authUri, Boolean async, ICredentials credentials, Boolean preAuthenticate, Boolean isProxyAuth, Boolean doRequestAuth, HttpConnectionPool pool, CancellationToken cancellationToken)
   at System.Net.Http.RedirectHandler.SendAsync(HttpRequestMessage request, Boolean async, CancellationToken cancellationToken)
   at GitHub.Services.Common.RawHttpMessageHandler.SendAsync(HttpRequestMessage request, CancellationToken cancellationToken)
   at GitHub.Services.Common.VssHttpRetryMessageHandler.SendAsync(HttpRequestMessage request, CancellationToken cancellationToken)
   at System.Net.Http.HttpClient.<SendAsync>g__Core|83_0(HttpRequestMessage request, HttpCompletionOption completionOption, CancellationTokenSource cts, Boolean disposeCts, CancellationTokenSource pendingRequestsCts, CancellationToken originalCancellationToken)
[2026-10-08 17:22:28Z ERR  BrokerServer] #####################################################
[2026-10-08 17:22:28Z ERR  BrokerServer] System.IO.IOException: Unable to read data from the transport connection: La operación de E/S se anuló por una salida de subproceso o por una solicitud de aplicación..
 ---> System.Net.Sockets.SocketException (995): La operación de E/S se anuló por una salida de subproceso o por una solicitud de aplicación.
   --- End of inner exception stack trace ---
   at System.Net.Sockets.Socket.AwaitableSocketAsyncEventArgs.System.Threading.Tasks.Sources.IValueTaskSource<System.Int32>.GetResult(Int16 token)
   at System.Net.Security.SslStream.EnsureFullTlsFrameAsync[TIOAdapter](CancellationToken cancellationToken, Int32 estimatedSize)
   at System.Runtime.CompilerServices.PoolingAsyncValueTaskMethodBuilder`1.StateMachineBox`1.System.Threading.Tasks.Sources.IValueTaskSource<TResult>.GetResult(Int16 token)
   at System.Net.Security.SslStream.ReadAsyncInternal[TIOAdapter](Memory`1 buffer, CancellationToken cancellationToken)
   at System.Runtime.CompilerServices.PoolingAsyncValueTaskMethodBuilder`1.StateMachineBox`1.System.Threading.Tasks.Sources.IValueTaskSource<TResult>.GetResult(Int16 token)
   at System.Net.Http.HttpConnection.SendAsync(HttpRequestMessage request, Boolean async, CancellationToken cancellationToken)
[2026-10-08 17:22:28Z ERR  BrokerServer] #####################################################
[2026-10-08 17:22:28Z ERR  BrokerServer] System.Net.Sockets.SocketException (995): La operación de E/S se anuló por una salida de subproceso o por una solicitud de aplicación.
[2026-10-08 17:22:28Z WARN BrokerServer] Back off 13,233 seconds before next retry. 4 attempt left.
[2026-10-08 17:22:28Z INFO BrokerMessageListener] Get messages has been cancelled using local token source. Continue to get messages with new status.
[2026-10-08 17:24:38Z INFO HostContext] Runner will be shutdown for UserCancelled
[2026-10-08 17:24:38Z WARN GitHubActionsService] GET request to https://broker.actions.githubusercontent.com/message?sessionId=07cef3ae-8afb-477f-9df0-93e13d87bc16&status=Online&runnerVersion=2.337.0&os=Windows&architecture=X64&disableUpdate=false has been cancelled.
[2026-10-08 17:24:38Z ERR  BrokerServer] Catch exception during request
[2026-10-08 17:24:38Z ERR  BrokerServer] System.Threading.Tasks.TaskCanceledException: The operation was canceled.
 ---> System.Threading.Tasks.TaskCanceledException: The operation was canceled.
 ---> System.IO.IOException: Unable to read data from the transport connection: La operación de E/S se anuló por una salida de subproceso o por una solicitud de aplicación..
 ---> System.Net.Sockets.SocketException (995): La operación de E/S se anuló por una salida de subproceso o por una solicitud de aplicación.
   --- End of inner exception stack trace ---
   at System.Net.Sockets.Socket.AwaitableSocketAsyncEventArgs.System.Threading.Tasks.Sources.IValueTaskSource<System.Int32>.GetResult(Int16 token)
   at System.Net.Security.SslStream.EnsureFullTlsFrameAsync[TIOAdapter](CancellationToken cancellationToken, Int32 estimatedSize)
   at System.Runtime.CompilerServices.PoolingAsyncValueTaskMethodBuilder`1.StateMachineBox`1.System.Threading.Tasks.Sources.IValueTaskSource<TResult>.GetResult(Int16 token)
   at System.Net.Security.SslStream.ReadAsyncInternal[TIOAdapter](Memory`1 buffer, CancellationToken cancellationToken)
   at System.Runtime.CompilerServices.PoolingAsyncValueTaskMethodBuilder`1.StateMachineBox`1.System.Threading.Tasks.Sources.IValueTaskSource<TResult>.GetResult(Int16 token)
   at System.Net.Http.HttpConnection.SendAsync(HttpRequestMessage request, Boolean async, CancellationToken cancellationToken)
   --- End of inner exception stack trace ---
   at System.Net.Http.HttpConnection.SendAsync(HttpRequestMessage request, Boolean async, CancellationToken cancellationToken)
   at System.Net.Http.AuthenticationHelper.SendWithNtAuthAsync(HttpRequestMessage request, Uri authUri, Boolean async, ICredentials credentials, Boolean isProxyAuth, HttpConnection connection, HttpConnectionPool connectionPool, CancellationToken cancellationToken)
   at System.Net.Http.HttpConnectionPool.SendWithVersionDetectionAndRetryAsync(HttpRequestMessage request, Boolean async, Boolean doRequestAuth, CancellationToken cancellationToken)
   at System.Net.Http.AuthenticationHelper.SendWithAuthAsync(HttpRequestMessage request, Uri authUri, Boolean async, ICredentials credentials, Boolean preAuthenticate, Boolean isProxyAuth, Boolean doRequestAuth, HttpConnectionPool pool, CancellationToken cancellationToken)
   at System.Net.Http.RedirectHandler.SendAsync(HttpRequestMessage request, Boolean async, CancellationToken cancellationToken)
   at GitHub.Services.Common.RawHttpMessageHandler.SendAsync(HttpRequestMessage request, CancellationToken cancellationToken)
   at GitHub.Services.Common.VssHttpRetryMessageHandler.SendAsync(HttpRequestMessage request, CancellationToken cancellationToken)
   at System.Net.Http.HttpClient.<SendAsync>g__Core|83_0(HttpRequestMessage request, HttpCompletionOption completionOption, CancellationTokenSource cts, Boolean disposeCts, CancellationTokenSource pendingRequestsCts, CancellationToken originalCancellationToken)
   --- End of inner exception stack trace ---
   at System.Net.Http.HttpClient.HandleFailure(Exception e, Boolean telemetryStarted, HttpResponseMessage response, CancellationTokenSource cts, CancellationToken cancellationToken, CancellationTokenSource pendingRequestsCts)
   at System.Net.Http.HttpClient.<SendAsync>g__Core|83_0(HttpRequestMessage request, HttpCompletionOption completionOption, CancellationTokenSource cts, Boolean disposeCts, CancellationTokenSource pendingRequestsCts, CancellationToken originalCancellationToken)
   at Sdk.WebApi.WebApi.RawHttpClientBase.SendAsync(HttpRequestMessage message, HttpCompletionOption completionOption, Object userState, CancellationToken cancellationToken)
   at Sdk.WebApi.WebApi.RawHttpClientBase.SendAsync[T](HttpRequestMessage message, Boolean readErrorBody, Object userState, CancellationToken cancellationToken)
   at Sdk.WebApi.WebApi.RawHttpClientBase.SendAsync[T](HttpMethod method, IEnumerable`1 additionalHeaders, Uri requestUri, HttpContent content, IEnumerable`1 queryParameters, Boolean readErrorBody, Object userState, CancellationToken cancellationToken)
   at GitHub.Actions.RunService.WebApi.BrokerHttpClient.GetRunnerMessageAsync(Nullable`1 sessionId, String runnerVersion, Nullable`1 status, String os, String architecture, Nullable`1 disableUpdate, CancellationToken cancellationToken)
   at GitHub.Runner.Common.BrokerServer.<>c__DisplayClass7_0.<<GetRunnerMessageAsync>b__0>d.MoveNext()
--- End of stack trace from previous location ---
   at GitHub.Runner.Common.RunnerService.RetryRequest[T](Func`1 func, CancellationToken cancellationToken, Int32 maxAttempts, Func`2 shouldRetry)
[2026-10-08 17:24:38Z ERR  BrokerServer] #####################################################
[2026-10-08 17:24:38Z ERR  BrokerServer] System.Threading.Tasks.TaskCanceledException: The operation was canceled.
 ---> System.IO.IOException: Unable to read data from the transport connection: La operación de E/S se anuló por una salida de subproceso o por una solicitud de aplicación..
 ---> System.Net.Sockets.SocketException (995): La operación de E/S se anuló por una salida de subproceso o por una solicitud de aplicación.
   --- End of inner exception stack trace ---
   at System.Net.Sockets.Socket.AwaitableSocketAsyncEventArgs.System.Threading.Tasks.Sources.IValueTaskSource<System.Int32>.GetResult(Int16 token)
   at System.Net.Security.SslStream.EnsureFullTlsFrameAsync[TIOAdapter](CancellationToken cancellationToken, Int32 estimatedSize)
   at System.Runtime.CompilerServices.PoolingAsyncValueTaskMethodBuilder`1.StateMachineBox`1.System.Threading.Tasks.Sources.IValueTaskSource<TResult>.GetResult(Int16 token)
   at System.Net.Security.SslStream.ReadAsyncInternal[TIOAdapter](Memory`1 buffer, CancellationToken cancellationToken)
   at System.Runtime.CompilerServices.PoolingAsyncValueTaskMethodBuilder`1.StateMachineBox`1.System.Threading.Tasks.Sources.IValueTaskSource<TResult>.GetResult(Int16 token)
   at System.Net.Http.HttpConnection.SendAsync(HttpRequestMessage request, Boolean async, CancellationToken cancellationToken)
   --- End of inner exception stack trace ---
   at System.Net.Http.HttpConnection.SendAsync(HttpRequestMessage request, Boolean async, CancellationToken cancellationToken)
   at System.Net.Http.AuthenticationHelper.SendWithNtAuthAsync(HttpRequestMessage request, Uri authUri, Boolean async, ICredentials credentials, Boolean isProxyAuth, HttpConnection connection, HttpConnectionPool connectionPool, CancellationToken cancellationToken)
   at System.Net.Http.HttpConnectionPool.SendWithVersionDetectionAndRetryAsync(HttpRequestMessage request, Boolean async, Boolean doRequestAuth, CancellationToken cancellationToken)
   at System.Net.Http.AuthenticationHelper.SendWithAuthAsync(HttpRequestMessage request, Uri authUri, Boolean async, ICredentials credentials, Boolean preAuthenticate, Boolean isProxyAuth, Boolean doRequestAuth, HttpConnectionPool pool, CancellationToken cancellationToken)
   at System.Net.Http.RedirectHandler.SendAsync(HttpRequestMessage request, Boolean async, CancellationToken cancellationToken)
   at GitHub.Services.Common.RawHttpMessageHandler.SendAsync(HttpRequestMessage request, CancellationToken cancellationToken)
   at GitHub.Services.Common.VssHttpRetryMessageHandler.SendAsync(HttpRequestMessage request, CancellationToken cancellationToken)
   at System.Net.Http.HttpClient.<SendAsync>g__Core|83_0(HttpRequestMessage request, HttpCompletionOption completionOption, CancellationTokenSource cts, Boolean disposeCts, CancellationTokenSource pendingRequestsCts, CancellationToken originalCancellationToken)
[2026-10-08 17:24:38Z ERR  BrokerServer] #####################################################
[2026-10-08 17:24:38Z ERR  BrokerServer] System.IO.IOException: Unable to read data from the transport connection: La operación de E/S se anuló por una salida de subproceso o por una solicitud de aplicación..
 ---> System.Net.Sockets.SocketException (995): La operación de E/S se anuló por una salida de subproceso o por una solicitud de aplicación.
   --- End of inner exception stack trace ---
   at System.Net.Sockets.Socket.AwaitableSocketAsyncEventArgs.System.Threading.Tasks.Sources.IValueTaskSource<System.Int32>.GetResult(Int16 token)
   at System.Net.Security.SslStream.EnsureFullTlsFrameAsync[TIOAdapter](CancellationToken cancellationToken, Int32 estimatedSize)
   at System.Runtime.CompilerServices.PoolingAsyncValueTaskMethodBuilder`1.StateMachineBox`1.System.Threading.Tasks.Sources.IValueTaskSource<TResult>.GetResult(Int16 token)
   at System.Net.Security.SslStream.ReadAsyncInternal[TIOAdapter](Memory`1 buffer, CancellationToken cancellationToken)
   at System.Runtime.CompilerServices.PoolingAsyncValueTaskMethodBuilder`1.StateMachineBox`1.System.Threading.Tasks.Sources.IValueTaskSource<TResult>.GetResult(Int16 token)
   at System.Net.Http.HttpConnection.SendAsync(HttpRequestMessage request, Boolean async, CancellationToken cancellationToken)
[2026-10-08 17:24:38Z ERR  BrokerServer] #####################################################
[2026-10-08 17:24:38Z ERR  BrokerServer] System.Net.Sockets.SocketException (995): La operación de E/S se anuló por una salida de subproceso o por una solicitud de aplicación.
[2026-10-08 17:24:38Z WARN BrokerServer] Back off 13,176 seconds before next retry. 4 attempt left.
[2026-10-08 17:24:38Z INFO BrokerMessageListener] Get next message has been cancelled.
[2026-10-08 17:24:38Z INFO JobDispatcher] Shutting down JobDispatcher. Make sure all WorkerDispatcher has finished.
[2026-10-08 17:24:38Z INFO JobDispatcher] Ensure WorkerDispatcher for job 613e7950-d004-5e94-817f-dbe57466aef5 run to finish, cancel any running job.
[2026-10-08 17:24:38Z INFO JobDispatcher] Job request 613e7950-d004-5e94-817f-dbe57466aef5 processed succeed.
[2026-10-08 17:24:38Z INFO Runner] Deleting Runner Session...
[2026-10-08 17:24:39Z INFO Listener] Runner execution been cancelled.
