[2026-10-08 16:26:53Z INFO HostContext] No proxy settings were found based on environmental variables (http_proxy/https_proxy/HTTP_PROXY/HTTPS_PROXY)
[2026-10-08 16:26:53Z INFO HostContext] Well known directory 'Bin': 'C:\Users\neo_o\Desktop\Github Practicas\Users\actions-runner\bin'
[2026-10-08 16:26:53Z INFO HostContext] Well known directory 'Root': 'C:\Users\neo_o\Desktop\Github Practicas\Users\actions-runner'
[2026-10-08 16:26:53Z INFO HostContext] Well known config file 'Credentials': 'C:\Users\neo_o\Desktop\Github Practicas\Users\actions-runner\.credentials'
[2026-10-08 16:26:54Z INFO HostContext] Well known directory 'Bin': 'C:\Users\neo_o\Desktop\Github Practicas\Users\actions-runner\bin'
[2026-10-08 16:26:54Z INFO HostContext] Well known directory 'Root': 'C:\Users\neo_o\Desktop\Github Practicas\Users\actions-runner'
[2026-10-08 16:26:54Z INFO HostContext] Well known config file 'Runner': 'C:\Users\neo_o\Desktop\Github Practicas\Users\actions-runner\.runner'
[2026-10-08 16:26:54Z INFO Listener] Runner is built for Windows (X64) - win-x64.
[2026-10-08 16:26:54Z INFO Listener] RuntimeInformation: Microsoft Windows 10.0.26200.
[2026-10-08 16:26:54Z INFO Listener] Version: 2.337.0
[2026-10-08 16:26:54Z INFO Listener] Commit: 397b032cbf865e9c3ddfab89d533ec19325e1273
[2026-10-08 16:26:54Z INFO Listener] Culture: es-ES
[2026-10-08 16:26:54Z INFO Listener] UI Culture: es-ES
[2026-10-08 16:26:54Z INFO HostContext] Well known directory 'Bin': 'C:\Users\neo_o\Desktop\Github Practicas\Users\actions-runner\bin'
[2026-10-08 16:26:54Z INFO HostContext] Well known directory 'Root': 'C:\Users\neo_o\Desktop\Github Practicas\Users\actions-runner'
[2026-10-08 16:26:54Z INFO Listener] Validating directory permissions for: 'C:\Users\neo_o\Desktop\Github Practicas\Users\actions-runner'
[2026-10-08 16:26:54Z INFO CommandLineParser] Parse
[2026-10-08 16:26:54Z INFO CommandLineParser] Parsing 1 args
[2026-10-08 16:26:54Z INFO CommandLineParser] parsing argument
[2026-10-08 16:26:54Z INFO CommandLineParser] HasArgs: False
[2026-10-08 16:26:54Z INFO CommandLineParser] Adding Command: run
[2026-10-08 16:26:54Z INFO Listener] Arguments parsed
[2026-10-08 16:26:54Z INFO Runner] ExecuteCommand
[2026-10-08 16:26:54Z INFO ConfigurationStore] currentAssemblyLocation: C:\Users\neo_o\Desktop\Github Practicas\Users\actions-runner\bin\Runner.Listener.dll
[2026-10-08 16:26:54Z INFO HostContext] Well known directory 'Bin': 'C:\Users\neo_o\Desktop\Github Practicas\Users\actions-runner\bin'
[2026-10-08 16:26:54Z INFO ConfigurationStore] binPath: C:\Users\neo_o\Desktop\Github Practicas\Users\actions-runner\bin
[2026-10-08 16:26:54Z INFO HostContext] Well known directory 'Bin': 'C:\Users\neo_o\Desktop\Github Practicas\Users\actions-runner\bin'
[2026-10-08 16:26:54Z INFO HostContext] Well known directory 'Root': 'C:\Users\neo_o\Desktop\Github Practicas\Users\actions-runner'
[2026-10-08 16:26:54Z INFO ConfigurationStore] RootFolder: C:\Users\neo_o\Desktop\Github Practicas\Users\actions-runner
[2026-10-08 16:26:54Z INFO HostContext] Well known directory 'Bin': 'C:\Users\neo_o\Desktop\Github Practicas\Users\actions-runner\bin'
[2026-10-08 16:26:54Z INFO HostContext] Well known directory 'Root': 'C:\Users\neo_o\Desktop\Github Practicas\Users\actions-runner'
[2026-10-08 16:26:54Z INFO HostContext] Well known config file 'Runner': 'C:\Users\neo_o\Desktop\Github Practicas\Users\actions-runner\.runner'
[2026-10-08 16:26:54Z INFO ConfigurationStore] ConfigFilePath: C:\Users\neo_o\Desktop\Github Practicas\Users\actions-runner\.runner
[2026-10-08 16:26:54Z INFO HostContext] Well known directory 'Bin': 'C:\Users\neo_o\Desktop\Github Practicas\Users\actions-runner\bin'
[2026-10-08 16:26:54Z INFO HostContext] Well known directory 'Root': 'C:\Users\neo_o\Desktop\Github Practicas\Users\actions-runner'
[2026-10-08 16:26:54Z INFO HostContext] Well known config file 'MigratedRunner': 'C:\Users\neo_o\Desktop\Github Practicas\Users\actions-runner\.runner_migrated'
[2026-10-08 16:26:54Z INFO ConfigurationStore] MigratedConfigFilePath: C:\Users\neo_o\Desktop\Github Practicas\Users\actions-runner\.runner_migrated
[2026-10-08 16:26:54Z INFO HostContext] Well known directory 'Bin': 'C:\Users\neo_o\Desktop\Github Practicas\Users\actions-runner\bin'
[2026-10-08 16:26:54Z INFO HostContext] Well known directory 'Root': 'C:\Users\neo_o\Desktop\Github Practicas\Users\actions-runner'
[2026-10-08 16:26:54Z INFO HostContext] Well known config file 'Credentials': 'C:\Users\neo_o\Desktop\Github Practicas\Users\actions-runner\.credentials'
[2026-10-08 16:26:54Z INFO ConfigurationStore] CredFilePath: C:\Users\neo_o\Desktop\Github Practicas\Users\actions-runner\.credentials
[2026-10-08 16:26:54Z INFO HostContext] Well known directory 'Bin': 'C:\Users\neo_o\Desktop\Github Practicas\Users\actions-runner\bin'
[2026-10-08 16:26:54Z INFO HostContext] Well known directory 'Root': 'C:\Users\neo_o\Desktop\Github Practicas\Users\actions-runner'
[2026-10-08 16:26:54Z INFO HostContext] Well known config file 'MigratedCredentials': 'C:\Users\neo_o\Desktop\Github Practicas\Users\actions-runner\.credentials_migrated'
[2026-10-08 16:26:54Z INFO ConfigurationStore] MigratedCredFilePath: C:\Users\neo_o\Desktop\Github Practicas\Users\actions-runner\.credentials_migrated
[2026-10-08 16:26:54Z INFO HostContext] Well known directory 'Bin': 'C:\Users\neo_o\Desktop\Github Practicas\Users\actions-runner\bin'
[2026-10-08 16:26:54Z INFO HostContext] Well known directory 'Root': 'C:\Users\neo_o\Desktop\Github Practicas\Users\actions-runner'
[2026-10-08 16:26:54Z INFO HostContext] Well known config file 'Service': 'C:\Users\neo_o\Desktop\Github Practicas\Users\actions-runner\.service'
[2026-10-08 16:26:54Z INFO ConfigurationStore] ServiceConfigFilePath: C:\Users\neo_o\Desktop\Github Practicas\Users\actions-runner\.service
[2026-10-08 16:26:54Z INFO CommandSettings] Flag 'help': 'False'
[2026-10-08 16:26:54Z INFO CommandSettings] Flag 'version': 'False'
[2026-10-08 16:26:54Z INFO CommandSettings] Flag 'commit': 'False'
[2026-10-08 16:26:54Z INFO CommandSettings] Flag 'check': 'False'
[2026-10-08 16:26:54Z INFO CommandSettings] Command 'configure': 'False'
[2026-10-08 16:26:54Z INFO CommandSettings] Command 'remove': 'False'
[2026-10-08 16:26:54Z INFO CommandSettings] Command 'warmup': 'False'
[2026-10-08 16:26:54Z INFO ConfigurationManager] LoadSettings
[2026-10-08 16:26:54Z INFO ConfigurationStore] IsConfigured()
[2026-10-08 16:26:54Z INFO ConfigurationStore] IsConfigured: True
[2026-10-08 16:26:54Z INFO ConfigurationManager] Is configured: True
[2026-10-08 16:26:54Z INFO ConfigurationStore] Read setting file: 398 chars
[2026-10-08 16:26:54Z INFO ConfigurationManager] Settings Loaded
[2026-10-08 16:26:54Z INFO ConfigurationStore] IsServiceConfigured()
[2026-10-08 16:26:54Z INFO ConfigurationStore] IsServiceConfigured: False
[2026-10-08 16:26:54Z INFO CommandSettings] Command 'run': 'True'
[2026-10-08 16:26:54Z INFO ConfigurationStore] IsConfigured()
[2026-10-08 16:26:54Z INFO ConfigurationStore] IsConfigured: True
[2026-10-08 16:26:54Z INFO ConfigurationManager] Is configured: True
[2026-10-08 16:26:54Z INFO Runner] Could not parse the argument value '' for StartupType. Defaulting to Manual
[2026-10-08 16:26:54Z INFO Runner] Set runner startup type - Manual
[2026-10-08 16:26:54Z INFO CommandSettings] Flag 'once': 'False'
[2026-10-08 16:26:54Z INFO CommandSettings] Flag 'once': 'False'
[2026-10-08 16:26:54Z INFO Runner] RunAsync
[2026-10-08 16:26:54Z INFO HostContext] Well known directory 'Bin': 'C:\Users\neo_o\Desktop\Github Practicas\Users\actions-runner\bin'
[2026-10-08 16:26:54Z INFO HostContext] Well known directory 'Root': 'C:\Users\neo_o\Desktop\Github Practicas\Users\actions-runner'
[2026-10-08 16:26:54Z INFO HostContext] Well known directory 'Work': 'C:\Users\neo_o\Desktop\Github Practicas\Users\actions-runner\_work'
[2026-10-08 16:26:54Z INFO Runner] Validating directory permissions for: 'C:\Users\neo_o\Desktop\Github Practicas\Users\actions-runner\_work'
[2026-10-08 16:26:54Z INFO ConfigurationManager] LoadMigratedSettings
[2026-10-08 16:26:54Z INFO ConfigurationStore] IsMigratedConfigured()
[2026-10-08 16:26:54Z INFO ConfigurationStore] IsMigratedConfigured: False
[2026-10-08 16:26:54Z INFO Runner] Failed to load migrated settings: No migrated configuration found.
[2026-10-08 16:26:54Z INFO Runner] Falling back to original .runner settings
[2026-10-08 16:26:54Z INFO Runner] Using BrokerMessageListener
[2026-10-08 16:26:54Z INFO BrokerMessageListener] Using provided settings
[2026-10-08 16:26:54Z INFO BrokerMessageListener] {
  "AgentId": 22,
  "AgentName": "DESKTOP-DQK7SKT",
  "PoolId": 1,
  "PoolName": "Default",
  "ServerUrl": "https://pipelinesghubeus3.actions.githubusercontent.com/lRIrfmhBQOQOisN18JBIOeSYw7t1EHpkUDnQoMLIBXODqc7uyt/",
  "GitHubUrl": "https://github.com/Alejfk/Colaborative",
  "WorkFolder": "_work",
  "UseV2Flow": true,
  "ServerUrlV2": "https://broker.actions.githubusercontent.com/"
}
[2026-10-08 16:26:54Z INFO BrokerMessageListener] Loading Credentials
[2026-10-08 16:26:54Z INFO ConfigurationStore] HasCredentials()
[2026-10-08 16:26:54Z INFO ConfigurationStore] stored True
[2026-10-08 16:26:54Z INFO CredentialManager] GetCredentialProvider
[2026-10-08 16:26:54Z INFO CredentialManager] Creating type OAuth
[2026-10-08 16:26:54Z INFO CredentialManager] Creating credential type: OAuth
[2026-10-08 16:26:54Z INFO HostContext] Well known directory 'Bin': 'C:\Users\neo_o\Desktop\Github Practicas\Users\actions-runner\bin'
[2026-10-08 16:26:54Z INFO HostContext] Well known directory 'Root': 'C:\Users\neo_o\Desktop\Github Practicas\Users\actions-runner'
[2026-10-08 16:26:54Z INFO HostContext] Well known config file 'RSACredentials': 'C:\Users\neo_o\Desktop\Github Practicas\Users\actions-runner\.credentials_rsaparams'
[2026-10-08 16:26:54Z INFO RSAEncryptedFileKeyManager] Loading RSA key parameters from file C:\Users\neo_o\Desktop\Github Practicas\Users\actions-runner\.credentials_rsaparams
[2026-10-08 16:26:54Z INFO BrokerMessageListener] Attempt to create session.
[2026-10-08 16:26:54Z INFO BrokerMessageListener] Connecting to the Broker Server...
[2026-10-08 16:26:54Z INFO ConfigurationStore] HasCredentials()
[2026-10-08 16:26:54Z INFO ConfigurationStore] stored True
[2026-10-08 16:26:54Z INFO CredentialManager] GetCredentialProvider
[2026-10-08 16:26:54Z INFO CredentialManager] Creating type OAuth
[2026-10-08 16:26:54Z INFO CredentialManager] Creating credential type: OAuth
[2026-10-08 16:26:54Z INFO RSAEncryptedFileKeyManager] Loading RSA key parameters from file C:\Users\neo_o\Desktop\Github Practicas\Users\actions-runner\.credentials_rsaparams
[2026-10-08 16:26:54Z INFO BrokerMessageListener] VssConnection created
[2026-10-08 16:26:54Z INFO BrokerMessageListener] Connecting to the Runner server...
[2026-10-08 16:26:54Z INFO RunnerServer] EstablishVssConnection
[2026-10-08 16:26:54Z INFO RunnerServer] Establish connection with 100 seconds timeout.
[2026-10-08 16:26:54Z INFO GitHubActionsService] Starting operation Location.GetConnectionData
[2026-10-08 16:26:54Z INFO RunnerServer] EstablishVssConnection
[2026-10-08 16:26:54Z INFO RunnerServer] Establish connection with 60 seconds timeout.
[2026-10-08 16:26:54Z INFO GitHubActionsService] Starting operation Location.GetConnectionData
[2026-10-08 16:26:54Z INFO RunnerServer] EstablishVssConnection
[2026-10-08 16:26:54Z INFO RunnerServer] Establish connection with 60 seconds timeout.
[2026-10-08 16:26:54Z INFO GitHubActionsService] Starting operation Location.GetConnectionData
[2026-10-08 16:26:54Z INFO GitHubActionsService] Finished operation Location.GetConnectionData
[2026-10-08 16:26:54Z INFO GitHubActionsService] Finished operation Location.GetConnectionData
[2026-10-08 16:26:54Z INFO GitHubActionsService] Finished operation Location.GetConnectionData
[2026-10-08 16:26:55Z INFO BrokerMessageListener] VssConnection created
[2026-10-08 16:26:55Z INFO Terminal] WRITE LINE: 
[2026-10-08 16:26:55Z INFO Terminal] WRITE LINE: 
[2026-10-08 16:26:55Z INFO RSAEncryptedFileKeyManager] Loading RSA key parameters from file C:\Users\neo_o\Desktop\Github Practicas\Users\actions-runner\.credentials_rsaparams
[2026-10-08 16:26:55Z INFO RSAEncryptedFileKeyManager] Loading RSA key parameters from file C:\Users\neo_o\Desktop\Github Practicas\Users\actions-runner\.credentials_rsaparams
[2026-10-08 16:26:55Z INFO GitHubActionsService] AAD Correlation ID for this token request: Unknown
[2026-10-08 16:26:55Z INFO BrokerMessageListener] Session created.
[2026-10-08 16:26:55Z INFO Terminal] WRITE LINE: Current runner version: '2.337.0'
[2026-10-08 16:26:55Z INFO Terminal] WRITE LINE: 2026-10-08 16:26:55Z: Listening for Jobs
[2026-10-08 16:26:55Z INFO JobDispatcher] Set runner/worker IPC timeout to 30 seconds.
[2026-10-08 16:28:43Z INFO Runner] Received RunnerRefreshConfigMessage for 'runner' config file
[2026-10-08 16:28:43Z INFO RunnerConfigUpdater] Verifying runner qualified id: U_kgDOFBeeeQ/R_kgDOU9utgA/self-hosted/22
[2026-10-08 16:28:43Z INFO HostContext] Well known directory 'Bin': 'C:\Users\neo_o\Desktop\Github Practicas\Users\actions-runner\bin'
[2026-10-08 16:28:43Z INFO HostContext] Well known directory 'Root': 'C:\Users\neo_o\Desktop\Github Practicas\Users\actions-runner'
[2026-10-08 16:28:43Z INFO HostContext] Well known config file 'Runner': 'C:\Users\neo_o\Desktop\Github Practicas\Users\actions-runner\.runner'
[2026-10-08 16:28:44Z INFO RSAEncryptedFileKeyManager] Loading RSA key parameters from file C:\Users\neo_o\Desktop\Github Practicas\Users\actions-runner\.credentials_rsaparams
[2026-10-08 16:28:44Z INFO RSAEncryptedFileKeyManager] Loading RSA key parameters from file C:\Users\neo_o\Desktop\Github Practicas\Users\actions-runner\.credentials_rsaparams
[2026-10-08 16:28:44Z INFO GitHubActionsService] AAD Correlation ID for this token request: Unknown
[2026-10-08 16:28:44Z INFO ConfigurationStore] Saving runner migrated settings
[2026-10-08 16:28:44Z INFO ConfigurationStore] Migrated Settings Saved.
[2026-10-08 16:28:44Z INFO Runner] Runner configuration was updated. Session restart has been scheduled
[2026-10-08 16:28:44Z INFO Runner] Pending session restart detected and job dispatcher is not busy. Restarting session now.
[2026-10-08 16:28:44Z INFO JobDispatcher] Shutting down JobDispatcher. Make sure all WorkerDispatcher has finished.
[2026-10-08 16:28:44Z INFO Runner] Deleting Runner Session...
[2026-10-08 16:28:44Z INFO Runner] Restarting runner session after config update...
[2026-10-08 16:28:44Z INFO Runner] Runner configuration was refreshed, restarting session...
[2026-10-08 16:28:44Z INFO ConfigurationManager] LoadSettings
[2026-10-08 16:28:44Z INFO ConfigurationStore] IsConfigured()
[2026-10-08 16:28:44Z INFO ConfigurationStore] IsConfigured: True
[2026-10-08 16:28:44Z INFO ConfigurationManager] Is configured: True
[2026-10-08 16:28:44Z INFO ConfigurationManager] Settings Loaded
[2026-10-08 16:28:44Z INFO Runner] RunAsync
[2026-10-08 16:28:44Z INFO HostContext] Well known directory 'Bin': 'C:\Users\neo_o\Desktop\Github Practicas\Users\actions-runner\bin'
[2026-10-08 16:28:44Z INFO HostContext] Well known directory 'Root': 'C:\Users\neo_o\Desktop\Github Practicas\Users\actions-runner'
[2026-10-08 16:28:44Z INFO HostContext] Well known directory 'Work': 'C:\Users\neo_o\Desktop\Github Practicas\Users\actions-runner\_work'
[2026-10-08 16:28:44Z INFO Runner] Validating directory permissions for: 'C:\Users\neo_o\Desktop\Github Practicas\Users\actions-runner\_work'
[2026-10-08 16:28:44Z INFO ConfigurationManager] LoadMigratedSettings
[2026-10-08 16:28:44Z INFO ConfigurationStore] IsMigratedConfigured()
[2026-10-08 16:28:44Z INFO ConfigurationStore] IsMigratedConfigured: True
[2026-10-08 16:28:44Z INFO ConfigurationStore] Read migrated setting file: 398 chars
[2026-10-08 16:28:44Z INFO ConfigurationManager] Migrated Settings Loaded
[2026-10-08 16:28:44Z INFO Runner] Loaded migrated settings from .runner_migrated file
[2026-10-08 16:28:44Z INFO Runner] {
  "AgentId": 22,
  "AgentName": "DESKTOP-DQK7SKT",
  "PoolId": 1,
  "PoolName": "Default",
  "ServerUrl": "https://pipelinesghubeus3.actions.githubusercontent.com/lRIrfmhBQOQOisN18JBIOeSYw7t1EHpkUDnQoMLIBXODqc7uyt/",
  "GitHubUrl": "https://github.com/Alejfk/Colaborative",
  "WorkFolder": "_work",
  "UseV2Flow": true,
  "ServerUrlV2": "https://broker.actions.githubusercontent.com/"
}
[2026-10-08 16:28:44Z INFO Runner] Attempting to create session using migrated settings
[2026-10-08 16:28:44Z INFO Runner] Using BrokerMessageListener
[2026-10-08 16:28:44Z INFO BrokerMessageListener] Using provided settings
[2026-10-08 16:28:44Z INFO BrokerMessageListener] Using migrated settings from .runner_migrated
[2026-10-08 16:28:44Z INFO BrokerMessageListener] {
  "AgentId": 22,
  "AgentName": "DESKTOP-DQK7SKT",
  "PoolId": 1,
  "PoolName": "Default",
  "ServerUrl": "https://pipelinesghubeus3.actions.githubusercontent.com/lRIrfmhBQOQOisN18JBIOeSYw7t1EHpkUDnQoMLIBXODqc7uyt/",
  "GitHubUrl": "https://github.com/Alejfk/Colaborative",
  "WorkFolder": "_work",
  "UseV2Flow": true,
  "ServerUrlV2": "https://broker.actions.githubusercontent.com/"
}
[2026-10-08 16:28:44Z INFO BrokerMessageListener] Loading Credentials
[2026-10-08 16:28:44Z INFO ConfigurationStore] HasCredentials()
[2026-10-08 16:28:44Z INFO ConfigurationStore] stored True
[2026-10-08 16:28:44Z INFO CredentialManager] GetCredentialProvider
[2026-10-08 16:28:44Z INFO CredentialManager] Creating type OAuth
[2026-10-08 16:28:44Z INFO CredentialManager] Creating credential type: OAuth
[2026-10-08 16:28:44Z INFO RSAEncryptedFileKeyManager] Loading RSA key parameters from file C:\Users\neo_o\Desktop\Github Practicas\Users\actions-runner\.credentials_rsaparams
[2026-10-08 16:28:44Z INFO BrokerMessageListener] Attempt to create session.
[2026-10-08 16:28:44Z INFO BrokerMessageListener] Connecting to the Broker Server...
[2026-10-08 16:28:44Z INFO ConfigurationStore] HasCredentials()
[2026-10-08 16:28:44Z INFO ConfigurationStore] stored True
[2026-10-08 16:28:44Z INFO CredentialManager] GetCredentialProvider
[2026-10-08 16:28:44Z INFO CredentialManager] Creating type OAuth
[2026-10-08 16:28:44Z INFO CredentialManager] Creating credential type: OAuth
[2026-10-08 16:28:44Z INFO RSAEncryptedFileKeyManager] Loading RSA key parameters from file C:\Users\neo_o\Desktop\Github Practicas\Users\actions-runner\.credentials_rsaparams
[2026-10-08 16:28:44Z INFO BrokerMessageListener] VssConnection created
[2026-10-08 16:28:44Z INFO BrokerMessageListener] Connecting to the Runner server...
[2026-10-08 16:28:44Z INFO RunnerServer] EstablishVssConnection
[2026-10-08 16:28:44Z INFO RunnerServer] Establish connection with 100 seconds timeout.
[2026-10-08 16:28:45Z INFO GitHubActionsService] Starting operation Location.GetConnectionData
[2026-10-08 16:28:45Z INFO RunnerServer] EstablishVssConnection
[2026-10-08 16:28:45Z INFO RunnerServer] Establish connection with 60 seconds timeout.
[2026-10-08 16:28:45Z INFO GitHubActionsService] Starting operation Location.GetConnectionData
[2026-10-08 16:28:45Z INFO RunnerServer] EstablishVssConnection
[2026-10-08 16:28:45Z INFO RunnerServer] Establish connection with 60 seconds timeout.
[2026-10-08 16:28:45Z INFO GitHubActionsService] Starting operation Location.GetConnectionData
[2026-10-08 16:28:45Z INFO GitHubActionsService] Finished operation Location.GetConnectionData
[2026-10-08 16:28:45Z INFO GitHubActionsService] Finished operation Location.GetConnectionData
[2026-10-08 16:28:45Z INFO GitHubActionsService] Finished operation Location.GetConnectionData
[2026-10-08 16:28:45Z INFO BrokerMessageListener] VssConnection created
[2026-10-08 16:28:45Z INFO Terminal] WRITE LINE: 
[2026-10-08 16:28:45Z INFO Terminal] WRITE LINE: 
[2026-10-08 16:28:45Z INFO RSAEncryptedFileKeyManager] Loading RSA key parameters from file C:\Users\neo_o\Desktop\Github Practicas\Users\actions-runner\.credentials_rsaparams
[2026-10-08 16:28:45Z INFO RSAEncryptedFileKeyManager] Loading RSA key parameters from file C:\Users\neo_o\Desktop\Github Practicas\Users\actions-runner\.credentials_rsaparams
[2026-10-08 16:28:45Z INFO GitHubActionsService] AAD Correlation ID for this token request: Unknown
[2026-10-08 16:28:46Z INFO BrokerMessageListener] Session created.
[2026-10-08 16:28:46Z INFO Runner] Successfully created session with migrated settings
[2026-10-08 16:28:46Z INFO Terminal] WRITE LINE: Current runner version: '2.337.0'
[2026-10-08 16:28:46Z INFO Terminal] WRITE LINE: 2026-10-08 16:28:46Z: Listening for Jobs
[2026-10-08 16:28:46Z INFO JobDispatcher] Set runner/worker IPC timeout to 30 seconds.
[2026-10-08 16:48:32Z INFO HostContext] Runner will be shutdown for UserCancelled
[2026-10-08 16:48:32Z WARN GitHubActionsService] GET request to https://broker.actions.githubusercontent.com/message?sessionId=483df5bf-50b5-4d59-a564-79fe7e845922&status=Online&runnerVersion=2.337.0&os=Windows&architecture=X64&disableUpdate=false has been cancelled.
[2026-10-08 16:48:32Z ERR  BrokerServer] Catch exception during request
[2026-10-08 16:48:32Z ERR  BrokerServer] System.Threading.Tasks.TaskCanceledException: The operation was canceled.
 ---> System.Threading.Tasks.TaskCanceledException: The operation was canceled.
 ---> System.IO.IOException: Unable to read data from the transport connection: La operación de E/S se anuló por una salida de subproceso o por una solicitud de aplicación..
 ---> System.Net.Sockets.SocketException (995): La operación de E/S se anuló por una salida de subproceso o por una solicitud de aplicación.
   --- End of inner exception stack trace ---
   at System.Net.Sockets.Socket.AwaitableSocketAsyncEventArgs.ThrowException(SocketError error, CancellationToken cancellationToken)
   at System.Net.Sockets.Socket.AwaitableSocketAsyncEventArgs.System.Threading.Tasks.Sources.IValueTaskSource<System.Int32>.GetResult(Int16 token)
   at System.Net.Security.SslStream.EnsureFullTlsFrameAsync[TIOAdapter](CancellationToken cancellationToken, Int32 estimatedSize)
   at System.Runtime.CompilerServices.PoolingAsyncValueTaskMethodBuilder`1.StateMachineBox`1.System.Threading.Tasks.Sources.IValueTaskSource<TResult>.GetResult(Int16 token)
   at System.Net.Security.SslStream.ReadAsyncInternal[TIOAdapter](Memory`1 buffer, CancellationToken cancellationToken)
   at System.Runtime.CompilerServices.PoolingAsyncValueTaskMethodBuilder`1.StateMachineBox`1.System.Threading.Tasks.Sources.IValueTaskSource<TResult>.GetResult(Int16 token)
   at System.Net.Http.HttpConnection.SendAsync(HttpRequestMessage request, Boolean async, CancellationToken cancellationToken)
   --- End of inner exception stack trace ---
   at System.Net.Http.HttpConnection.SendAsync(HttpRequestMessage request, Boolean async, CancellationToken cancellationToken)
   at System.Net.Http.AuthenticationHelper.SendWithNtAuthAsync(HttpRequestMessage request, Uri authUri, Boolean async, ICredentials credentials, Boolean isProxyAuth, HttpConnection connection, HttpConnectionPool connectionPool, CancellationToken cancellationToken)
   at System.Net.Http.HttpConnectionPool.SendWithVersionDetectionAndRetryAsync(HttpRequestMessage request, Boolean async, Boolean doRequestAuth, CancellationToken cancellationToken)
   at System.Net.Http.AuthenticationHelper.SendWithAuthAsync(HttpRequestMessage request, Uri authUri, Boolean async, ICredentials credentials, Boolean preAuthenticate, Boolean isProxyAuth, Boolean doRequestAuth, HttpConnectionPool pool, CancellationToken cancellationToken)
   at System.Net.Http.RedirectHandler.SendAsync(HttpRequestMessage request, Boolean async, CancellationToken cancellationToken)
   at GitHub.Services.Common.RawHttpMessageHandler.SendAsync(HttpRequestMessage request, CancellationToken cancellationToken)
   at GitHub.Services.Common.VssHttpRetryMessageHandler.SendAsync(HttpRequestMessage request, CancellationToken cancellationToken)
   at System.Net.Http.HttpClient.<SendAsync>g__Core|83_0(HttpRequestMessage request, HttpCompletionOption completionOption, CancellationTokenSource cts, Boolean disposeCts, CancellationTokenSource pendingRequestsCts, CancellationToken originalCancellationToken)
   --- End of inner exception stack trace ---
   at System.Net.Http.HttpClient.HandleFailure(Exception e, Boolean telemetryStarted, HttpResponseMessage response, CancellationTokenSource cts, CancellationToken cancellationToken, CancellationTokenSource pendingRequestsCts)
   at System.Net.Http.HttpClient.<SendAsync>g__Core|83_0(HttpRequestMessage request, HttpCompletionOption completionOption, CancellationTokenSource cts, Boolean disposeCts, CancellationTokenSource pendingRequestsCts, CancellationToken originalCancellationToken)
   at Sdk.WebApi.WebApi.RawHttpClientBase.SendAsync(HttpRequestMessage message, HttpCompletionOption completionOption, Object userState, CancellationToken cancellationToken)
   at Sdk.WebApi.WebApi.RawHttpClientBase.SendAsync[T](HttpRequestMessage message, Boolean readErrorBody, Object userState, CancellationToken cancellationToken)
   at Sdk.WebApi.WebApi.RawHttpClientBase.SendAsync[T](HttpMethod method, IEnumerable`1 additionalHeaders, Uri requestUri, HttpContent content, IEnumerable`1 queryParameters, Boolean readErrorBody, Object userState, CancellationToken cancellationToken)
   at GitHub.Actions.RunService.WebApi.BrokerHttpClient.GetRunnerMessageAsync(Nullable`1 sessionId, String runnerVersion, Nullable`1 status, String os, String architecture, Nullable`1 disableUpdate, CancellationToken cancellationToken)
   at GitHub.Runner.Common.BrokerServer.<>c__DisplayClass7_0.<<GetRunnerMessageAsync>b__0>d.MoveNext()
--- End of stack trace from previous location ---
   at GitHub.Runner.Common.RunnerService.RetryRequest[T](Func`1 func, CancellationToken cancellationToken, Int32 maxAttempts, Func`2 shouldRetry)
[2026-10-08 16:48:32Z ERR  BrokerServer] #####################################################
[2026-10-08 16:48:32Z ERR  BrokerServer] System.Threading.Tasks.TaskCanceledException: The operation was canceled.
 ---> System.IO.IOException: Unable to read data from the transport connection: La operación de E/S se anuló por una salida de subproceso o por una solicitud de aplicación..
 ---> System.Net.Sockets.SocketException (995): La operación de E/S se anuló por una salida de subproceso o por una solicitud de aplicación.
   --- End of inner exception stack trace ---
   at System.Net.Sockets.Socket.AwaitableSocketAsyncEventArgs.ThrowException(SocketError error, CancellationToken cancellationToken)
   at System.Net.Sockets.Socket.AwaitableSocketAsyncEventArgs.System.Threading.Tasks.Sources.IValueTaskSource<System.Int32>.GetResult(Int16 token)
   at System.Net.Security.SslStream.EnsureFullTlsFrameAsync[TIOAdapter](CancellationToken cancellationToken, Int32 estimatedSize)
   at System.Runtime.CompilerServices.PoolingAsyncValueTaskMethodBuilder`1.StateMachineBox`1.System.Threading.Tasks.Sources.IValueTaskSource<TResult>.GetResult(Int16 token)
   at System.Net.Security.SslStream.ReadAsyncInternal[TIOAdapter](Memory`1 buffer, CancellationToken cancellationToken)
   at System.Runtime.CompilerServices.PoolingAsyncValueTaskMethodBuilder`1.StateMachineBox`1.System.Threading.Tasks.Sources.IValueTaskSource<TResult>.GetResult(Int16 token)
   at System.Net.Http.HttpConnection.SendAsync(HttpRequestMessage request, Boolean async, CancellationToken cancellationToken)
   --- End of inner exception stack trace ---
   at System.Net.Http.HttpConnection.SendAsync(HttpRequestMessage request, Boolean async, CancellationToken cancellationToken)
   at System.Net.Http.AuthenticationHelper.SendWithNtAuthAsync(HttpRequestMessage request, Uri authUri, Boolean async, ICredentials credentials, Boolean isProxyAuth, HttpConnection connection, HttpConnectionPool connectionPool, CancellationToken cancellationToken)
   at System.Net.Http.HttpConnectionPool.SendWithVersionDetectionAndRetryAsync(HttpRequestMessage request, Boolean async, Boolean doRequestAuth, CancellationToken cancellationToken)
   at System.Net.Http.AuthenticationHelper.SendWithAuthAsync(HttpRequestMessage request, Uri authUri, Boolean async, ICredentials credentials, Boolean preAuthenticate, Boolean isProxyAuth, Boolean doRequestAuth, HttpConnectionPool pool, CancellationToken cancellationToken)
   at System.Net.Http.RedirectHandler.SendAsync(HttpRequestMessage request, Boolean async, CancellationToken cancellationToken)
   at GitHub.Services.Common.RawHttpMessageHandler.SendAsync(HttpRequestMessage request, CancellationToken cancellationToken)
   at GitHub.Services.Common.VssHttpRetryMessageHandler.SendAsync(HttpRequestMessage request, CancellationToken cancellationToken)
   at System.Net.Http.HttpClient.<SendAsync>g__Core|83_0(HttpRequestMessage request, HttpCompletionOption completionOption, CancellationTokenSource cts, Boolean disposeCts, CancellationTokenSource pendingRequestsCts, CancellationToken originalCancellationToken)
[2026-10-08 16:48:32Z ERR  BrokerServer] #####################################################
[2026-10-08 16:48:32Z ERR  BrokerServer] System.IO.IOException: Unable to read data from the transport connection: La operación de E/S se anuló por una salida de subproceso o por una solicitud de aplicación..
 ---> System.Net.Sockets.SocketException (995): La operación de E/S se anuló por una salida de subproceso o por una solicitud de aplicación.
   --- End of inner exception stack trace ---
   at System.Net.Sockets.Socket.AwaitableSocketAsyncEventArgs.ThrowException(SocketError error, CancellationToken cancellationToken)
   at System.Net.Sockets.Socket.AwaitableSocketAsyncEventArgs.System.Threading.Tasks.Sources.IValueTaskSource<System.Int32>.GetResult(Int16 token)
   at System.Net.Security.SslStream.EnsureFullTlsFrameAsync[TIOAdapter](CancellationToken cancellationToken, Int32 estimatedSize)
   at System.Runtime.CompilerServices.PoolingAsyncValueTaskMethodBuilder`1.StateMachineBox`1.System.Threading.Tasks.Sources.IValueTaskSource<TResult>.GetResult(Int16 token)
   at System.Net.Security.SslStream.ReadAsyncInternal[TIOAdapter](Memory`1 buffer, CancellationToken cancellationToken)
   at System.Runtime.CompilerServices.PoolingAsyncValueTaskMethodBuilder`1.StateMachineBox`1.System.Threading.Tasks.Sources.IValueTaskSource<TResult>.GetResult(Int16 token)
   at System.Net.Http.HttpConnection.SendAsync(HttpRequestMessage request, Boolean async, CancellationToken cancellationToken)
[2026-10-08 16:48:32Z ERR  BrokerServer] #####################################################
[2026-10-08 16:48:32Z ERR  BrokerServer] System.Net.Sockets.SocketException (995): La operación de E/S se anuló por una salida de subproceso o por una solicitud de aplicación.
[2026-10-08 16:48:32Z WARN BrokerServer] Back off 5,799 seconds before next retry. 4 attempt left.
[2026-10-08 16:48:32Z INFO BrokerMessageListener] Get next message has been cancelled.
[2026-10-08 16:48:32Z INFO JobDispatcher] Shutting down JobDispatcher. Make sure all WorkerDispatcher has finished.
[2026-10-08 16:48:32Z INFO Runner] Deleting Runner Session...
[2026-10-08 16:48:33Z INFO Listener] Runner execution been cancelled.
