[2026-10-07 11:53:48Z INFO HostContext] No proxy settings were found based on environmental variables (http_proxy/https_proxy/HTTP_PROXY/HTTPS_PROXY)
[2026-10-07 11:53:48Z INFO HostContext] Well known directory 'Bin': 'C:\Users\neo_o\Desktop\Github Practicas\Users\actions-runner\bin'
[2026-10-07 11:53:48Z INFO HostContext] Well known directory 'Root': 'C:\Users\neo_o\Desktop\Github Practicas\Users\actions-runner'
[2026-10-07 11:53:48Z INFO HostContext] Well known config file 'Credentials': 'C:\Users\neo_o\Desktop\Github Practicas\Users\actions-runner\.credentials'
[2026-10-07 11:53:48Z INFO HostContext] Well known directory 'Bin': 'C:\Users\neo_o\Desktop\Github Practicas\Users\actions-runner\bin'
[2026-10-07 11:53:48Z INFO HostContext] Well known directory 'Root': 'C:\Users\neo_o\Desktop\Github Practicas\Users\actions-runner'
[2026-10-07 11:53:48Z INFO HostContext] Well known config file 'Runner': 'C:\Users\neo_o\Desktop\Github Practicas\Users\actions-runner\.runner'
[2026-10-07 11:53:48Z INFO Listener] Runner is built for Windows (X64) - win-x64.
[2026-10-07 11:53:48Z INFO Listener] RuntimeInformation: Microsoft Windows 10.0.26200.
[2026-10-07 11:53:48Z INFO Listener] Version: 2.337.0
[2026-10-07 11:53:48Z INFO Listener] Commit: 397b032cbf865e9c3ddfab89d533ec19325e1273
[2026-10-07 11:53:48Z INFO Listener] Culture: es-ES
[2026-10-07 11:53:48Z INFO Listener] UI Culture: es-ES
[2026-10-07 11:53:48Z INFO HostContext] Well known directory 'Bin': 'C:\Users\neo_o\Desktop\Github Practicas\Users\actions-runner\bin'
[2026-10-07 11:53:48Z INFO HostContext] Well known directory 'Root': 'C:\Users\neo_o\Desktop\Github Practicas\Users\actions-runner'
[2026-10-07 11:53:48Z INFO Listener] Validating directory permissions for: 'C:\Users\neo_o\Desktop\Github Practicas\Users\actions-runner'
[2026-10-07 11:53:48Z INFO CommandLineParser] Parse
[2026-10-07 11:53:48Z INFO CommandLineParser] Parsing 1 args
[2026-10-07 11:53:48Z INFO CommandLineParser] parsing argument
[2026-10-07 11:53:48Z INFO CommandLineParser] HasArgs: False
[2026-10-07 11:53:48Z INFO CommandLineParser] Adding Command: run
[2026-10-07 11:53:48Z INFO Listener] Arguments parsed
[2026-10-07 11:53:48Z INFO Runner] ExecuteCommand
[2026-10-07 11:53:48Z INFO ConfigurationStore] currentAssemblyLocation: C:\Users\neo_o\Desktop\Github Practicas\Users\actions-runner\bin\Runner.Listener.dll
[2026-10-07 11:53:48Z INFO HostContext] Well known directory 'Bin': 'C:\Users\neo_o\Desktop\Github Practicas\Users\actions-runner\bin'
[2026-10-07 11:53:48Z INFO ConfigurationStore] binPath: C:\Users\neo_o\Desktop\Github Practicas\Users\actions-runner\bin
[2026-10-07 11:53:48Z INFO HostContext] Well known directory 'Bin': 'C:\Users\neo_o\Desktop\Github Practicas\Users\actions-runner\bin'
[2026-10-07 11:53:48Z INFO HostContext] Well known directory 'Root': 'C:\Users\neo_o\Desktop\Github Practicas\Users\actions-runner'
[2026-10-07 11:53:48Z INFO ConfigurationStore] RootFolder: C:\Users\neo_o\Desktop\Github Practicas\Users\actions-runner
[2026-10-07 11:53:48Z INFO HostContext] Well known directory 'Bin': 'C:\Users\neo_o\Desktop\Github Practicas\Users\actions-runner\bin'
[2026-10-07 11:53:48Z INFO HostContext] Well known directory 'Root': 'C:\Users\neo_o\Desktop\Github Practicas\Users\actions-runner'
[2026-10-07 11:53:48Z INFO HostContext] Well known config file 'Runner': 'C:\Users\neo_o\Desktop\Github Practicas\Users\actions-runner\.runner'
[2026-10-07 11:53:48Z INFO ConfigurationStore] ConfigFilePath: C:\Users\neo_o\Desktop\Github Practicas\Users\actions-runner\.runner
[2026-10-07 11:53:48Z INFO HostContext] Well known directory 'Bin': 'C:\Users\neo_o\Desktop\Github Practicas\Users\actions-runner\bin'
[2026-10-07 11:53:48Z INFO HostContext] Well known directory 'Root': 'C:\Users\neo_o\Desktop\Github Practicas\Users\actions-runner'
[2026-10-07 11:53:48Z INFO HostContext] Well known config file 'MigratedRunner': 'C:\Users\neo_o\Desktop\Github Practicas\Users\actions-runner\.runner_migrated'
[2026-10-07 11:53:48Z INFO ConfigurationStore] MigratedConfigFilePath: C:\Users\neo_o\Desktop\Github Practicas\Users\actions-runner\.runner_migrated
[2026-10-07 11:53:48Z INFO HostContext] Well known directory 'Bin': 'C:\Users\neo_o\Desktop\Github Practicas\Users\actions-runner\bin'
[2026-10-07 11:53:48Z INFO HostContext] Well known directory 'Root': 'C:\Users\neo_o\Desktop\Github Practicas\Users\actions-runner'
[2026-10-07 11:53:48Z INFO HostContext] Well known config file 'Credentials': 'C:\Users\neo_o\Desktop\Github Practicas\Users\actions-runner\.credentials'
[2026-10-07 11:53:48Z INFO ConfigurationStore] CredFilePath: C:\Users\neo_o\Desktop\Github Practicas\Users\actions-runner\.credentials
[2026-10-07 11:53:48Z INFO HostContext] Well known directory 'Bin': 'C:\Users\neo_o\Desktop\Github Practicas\Users\actions-runner\bin'
[2026-10-07 11:53:48Z INFO HostContext] Well known directory 'Root': 'C:\Users\neo_o\Desktop\Github Practicas\Users\actions-runner'
[2026-10-07 11:53:48Z INFO HostContext] Well known config file 'MigratedCredentials': 'C:\Users\neo_o\Desktop\Github Practicas\Users\actions-runner\.credentials_migrated'
[2026-10-07 11:53:48Z INFO ConfigurationStore] MigratedCredFilePath: C:\Users\neo_o\Desktop\Github Practicas\Users\actions-runner\.credentials_migrated
[2026-10-07 11:53:48Z INFO HostContext] Well known directory 'Bin': 'C:\Users\neo_o\Desktop\Github Practicas\Users\actions-runner\bin'
[2026-10-07 11:53:48Z INFO HostContext] Well known directory 'Root': 'C:\Users\neo_o\Desktop\Github Practicas\Users\actions-runner'
[2026-10-07 11:53:48Z INFO HostContext] Well known config file 'Service': 'C:\Users\neo_o\Desktop\Github Practicas\Users\actions-runner\.service'
[2026-10-07 11:53:48Z INFO ConfigurationStore] ServiceConfigFilePath: C:\Users\neo_o\Desktop\Github Practicas\Users\actions-runner\.service
[2026-10-07 11:53:48Z INFO CommandSettings] Flag 'help': 'False'
[2026-10-07 11:53:48Z INFO CommandSettings] Flag 'version': 'False'
[2026-10-07 11:53:48Z INFO CommandSettings] Flag 'commit': 'False'
[2026-10-07 11:53:48Z INFO CommandSettings] Flag 'check': 'False'
[2026-10-07 11:53:48Z INFO CommandSettings] Command 'configure': 'False'
[2026-10-07 11:53:48Z INFO CommandSettings] Command 'remove': 'False'
[2026-10-07 11:53:48Z INFO CommandSettings] Command 'warmup': 'False'
[2026-10-07 11:53:48Z INFO ConfigurationManager] LoadSettings
[2026-10-07 11:53:48Z INFO ConfigurationStore] IsConfigured()
[2026-10-07 11:53:48Z INFO ConfigurationStore] IsConfigured: True
[2026-10-07 11:53:48Z INFO ConfigurationManager] Is configured: True
[2026-10-07 11:53:48Z INFO ConfigurationStore] Read setting file: 398 chars
[2026-10-07 11:53:48Z INFO ConfigurationManager] Settings Loaded
[2026-10-07 11:53:48Z INFO ConfigurationStore] IsServiceConfigured()
[2026-10-07 11:53:48Z INFO ConfigurationStore] IsServiceConfigured: False
[2026-10-07 11:53:48Z INFO CommandSettings] Command 'run': 'True'
[2026-10-07 11:53:48Z INFO ConfigurationStore] IsConfigured()
[2026-10-07 11:53:48Z INFO ConfigurationStore] IsConfigured: True
[2026-10-07 11:53:48Z INFO ConfigurationManager] Is configured: True
[2026-10-07 11:53:48Z INFO Runner] Could not parse the argument value '' for StartupType. Defaulting to Manual
[2026-10-07 11:53:48Z INFO Runner] Set runner startup type - Manual
[2026-10-07 11:53:48Z INFO CommandSettings] Flag 'once': 'False'
[2026-10-07 11:53:48Z INFO CommandSettings] Flag 'once': 'False'
[2026-10-07 11:53:48Z INFO Runner] RunAsync
[2026-10-07 11:53:48Z INFO HostContext] Well known directory 'Bin': 'C:\Users\neo_o\Desktop\Github Practicas\Users\actions-runner\bin'
[2026-10-07 11:53:48Z INFO HostContext] Well known directory 'Root': 'C:\Users\neo_o\Desktop\Github Practicas\Users\actions-runner'
[2026-10-07 11:53:48Z INFO HostContext] Well known directory 'Work': 'C:\Users\neo_o\Desktop\Github Practicas\Users\actions-runner\_work'
[2026-10-07 11:53:48Z INFO Runner] Validating directory permissions for: 'C:\Users\neo_o\Desktop\Github Practicas\Users\actions-runner\_work'
[2026-10-07 11:53:48Z INFO ConfigurationManager] LoadMigratedSettings
[2026-10-07 11:53:48Z INFO ConfigurationStore] IsMigratedConfigured()
[2026-10-07 11:53:48Z INFO ConfigurationStore] IsMigratedConfigured: False
[2026-10-07 11:53:48Z INFO Runner] Failed to load migrated settings: No migrated configuration found.
[2026-10-07 11:53:48Z INFO Runner] Falling back to original .runner settings
[2026-10-07 11:53:48Z INFO Runner] Using BrokerMessageListener
[2026-10-07 11:53:48Z INFO BrokerMessageListener] Using provided settings
[2026-10-07 11:53:48Z INFO BrokerMessageListener] {
  "AgentId": 22,
  "AgentName": "DESKTOP-DQK7SKT",
  "PoolId": 1,
  "PoolName": "Default",
  "ServerUrl": "https://pipelinesghubeus3.actions.githubusercontent.com/lRIrfmhBQOQOisN18JBIOeSYw7t1EHpkUDnQoMLIBXODqc7uyt/",
  "GitHubUrl": "https://github.com/Alejfk/Colaborative",
  "WorkFolder": "_work",
  "UseV2Flow": true,
  "ServerUrlV2": "https://broker.actions.githubusercontent.com/"
}
[2026-10-07 11:53:48Z INFO BrokerMessageListener] Loading Credentials
[2026-10-07 11:53:48Z INFO ConfigurationStore] HasCredentials()
[2026-10-07 11:53:48Z INFO ConfigurationStore] stored True
[2026-10-07 11:53:48Z INFO CredentialManager] GetCredentialProvider
[2026-10-07 11:53:48Z INFO CredentialManager] Creating type OAuth
[2026-10-07 11:53:48Z INFO CredentialManager] Creating credential type: OAuth
[2026-10-07 11:53:48Z INFO HostContext] Well known directory 'Bin': 'C:\Users\neo_o\Desktop\Github Practicas\Users\actions-runner\bin'
[2026-10-07 11:53:48Z INFO HostContext] Well known directory 'Root': 'C:\Users\neo_o\Desktop\Github Practicas\Users\actions-runner'
[2026-10-07 11:53:48Z INFO HostContext] Well known config file 'RSACredentials': 'C:\Users\neo_o\Desktop\Github Practicas\Users\actions-runner\.credentials_rsaparams'
[2026-10-07 11:53:48Z INFO RSAEncryptedFileKeyManager] Loading RSA key parameters from file C:\Users\neo_o\Desktop\Github Practicas\Users\actions-runner\.credentials_rsaparams
[2026-10-07 11:53:48Z INFO BrokerMessageListener] Attempt to create session.
[2026-10-07 11:53:48Z INFO BrokerMessageListener] Connecting to the Broker Server...
[2026-10-07 11:53:48Z INFO ConfigurationStore] HasCredentials()
[2026-10-07 11:53:48Z INFO ConfigurationStore] stored True
[2026-10-07 11:53:48Z INFO CredentialManager] GetCredentialProvider
[2026-10-07 11:53:48Z INFO CredentialManager] Creating type OAuth
[2026-10-07 11:53:48Z INFO CredentialManager] Creating credential type: OAuth
[2026-10-07 11:53:48Z INFO RSAEncryptedFileKeyManager] Loading RSA key parameters from file C:\Users\neo_o\Desktop\Github Practicas\Users\actions-runner\.credentials_rsaparams
[2026-10-07 11:53:48Z INFO BrokerMessageListener] VssConnection created
[2026-10-07 11:53:48Z INFO BrokerMessageListener] Connecting to the Runner server...
[2026-10-07 11:53:48Z INFO RunnerServer] EstablishVssConnection
[2026-10-07 11:53:48Z INFO RunnerServer] Establish connection with 100 seconds timeout.
[2026-10-07 11:53:48Z INFO GitHubActionsService] Starting operation Location.GetConnectionData
[2026-10-07 11:53:48Z INFO RunnerServer] EstablishVssConnection
[2026-10-07 11:53:48Z INFO RunnerServer] Establish connection with 60 seconds timeout.
[2026-10-07 11:53:48Z INFO GitHubActionsService] Starting operation Location.GetConnectionData
[2026-10-07 11:53:48Z INFO RunnerServer] EstablishVssConnection
[2026-10-07 11:53:48Z INFO RunnerServer] Establish connection with 60 seconds timeout.
[2026-10-07 11:53:48Z INFO GitHubActionsService] Starting operation Location.GetConnectionData
[2026-10-07 11:53:48Z INFO GitHubActionsService] Finished operation Location.GetConnectionData
[2026-10-07 11:53:48Z INFO GitHubActionsService] Finished operation Location.GetConnectionData
[2026-10-07 11:53:48Z INFO GitHubActionsService] Finished operation Location.GetConnectionData
[2026-10-07 11:53:48Z INFO BrokerMessageListener] VssConnection created
[2026-10-07 11:53:48Z INFO Terminal] WRITE LINE: 
[2026-10-07 11:53:48Z INFO Terminal] WRITE LINE: 
[2026-10-07 11:53:49Z INFO RSAEncryptedFileKeyManager] Loading RSA key parameters from file C:\Users\neo_o\Desktop\Github Practicas\Users\actions-runner\.credentials_rsaparams
[2026-10-07 11:53:49Z INFO RSAEncryptedFileKeyManager] Loading RSA key parameters from file C:\Users\neo_o\Desktop\Github Practicas\Users\actions-runner\.credentials_rsaparams
[2026-10-07 11:53:49Z INFO GitHubActionsService] AAD Correlation ID for this token request: Unknown
[2026-10-07 11:53:49Z INFO BrokerMessageListener] Session created.
[2026-10-07 11:53:49Z INFO Terminal] WRITE LINE: Current runner version: '2.337.0'
[2026-10-07 11:53:49Z INFO Terminal] WRITE LINE: 2026-10-07 11:53:49Z: Listening for Jobs
[2026-10-07 11:53:49Z INFO JobDispatcher] Set runner/worker IPC timeout to 30 seconds.
[2026-10-07 11:54:46Z INFO BrokerMessageListener] Acknowledging runner request 'dc40da21-b4f9-5842-8a72-a05c4e033dc9'.
[2026-10-07 11:54:46Z INFO ConfigurationStore] HasCredentials()
[2026-10-07 11:54:46Z INFO ConfigurationStore] stored True
[2026-10-07 11:54:46Z INFO CredentialManager] GetCredentialProvider
[2026-10-07 11:54:46Z INFO CredentialManager] Creating type OAuth
[2026-10-07 11:54:46Z INFO CredentialManager] Creating credential type: OAuth
[2026-10-07 11:54:46Z INFO RSAEncryptedFileKeyManager] Loading RSA key parameters from file C:\Users\neo_o\Desktop\Github Practicas\Users\actions-runner\.credentials_rsaparams
[2026-10-07 11:54:46Z INFO RSAEncryptedFileKeyManager] Loading RSA key parameters from file C:\Users\neo_o\Desktop\Github Practicas\Users\actions-runner\.credentials_rsaparams
[2026-10-07 11:54:46Z INFO RSAEncryptedFileKeyManager] Loading RSA key parameters from file C:\Users\neo_o\Desktop\Github Practicas\Users\actions-runner\.credentials_rsaparams
[2026-10-07 11:54:47Z INFO GitHubActionsService] AAD Correlation ID for this token request: Unknown
[2026-10-07 11:54:47Z INFO JobDispatcher] Job request 0 for plan 51b8d732-a327-8fae-9e17-4ae86f1b2cd3 job dc40da21-b4f9-5842-8a72-a05c4e033dc9 received.
[2026-10-07 11:54:47Z INFO JobDispatcher] Pull OrchestrationId 51b8d732-a327-8fae-9e17-4ae86f1b2cd3.check-tokens.__default from JWT claims
[2026-10-07 11:54:47Z INFO BrokerMessageListener] Received job status event. JobState: Busy
[2026-10-07 11:54:47Z INFO BrokerMessageListener] _getMessagesTokenSource is already disposed.
[2026-10-07 11:54:47Z INFO Terminal] WRITE LINE: 2026-10-07 11:54:47Z: Running job: check-tokens
[2026-10-07 11:54:47Z INFO JobDispatcher] Start renew job request 0 for job dc40da21-b4f9-5842-8a72-a05c4e033dc9.
[2026-10-07 11:54:48Z INFO JobDispatcher] Successfully renew job dc40da21-b4f9-5842-8a72-a05c4e033dc9, job is valid till 07/10/2026 12:04:47
[2026-10-07 11:54:48Z INFO HostContext] Well known directory 'Bin': 'C:\Users\neo_o\Desktop\Github Practicas\Users\actions-runner\bin'
[2026-10-07 11:54:48Z INFO ProcessInvokerWrapper] Starting process:
[2026-10-07 11:54:48Z INFO ProcessInvokerWrapper]   File name: 'C:\Users\neo_o\Desktop\Github Practicas\Users\actions-runner\bin\Runner.Worker.exe'
[2026-10-07 11:54:48Z INFO ProcessInvokerWrapper]   Arguments: 'spawnclient 1856 1868'
[2026-10-07 11:54:48Z INFO ProcessInvokerWrapper]   Working directory: 'C:\Users\neo_o\Desktop\Github Practicas\Users\actions-runner\bin'
[2026-10-07 11:54:48Z INFO ProcessInvokerWrapper]   Require exit code zero: 'False'
[2026-10-07 11:54:48Z INFO ProcessInvokerWrapper]   Encoding web name:  ; code page: ''
[2026-10-07 11:54:48Z INFO ProcessInvokerWrapper]   Force kill process on cancellation: 'True'
[2026-10-07 11:54:48Z INFO ProcessInvokerWrapper]   Redirected STDIN: 'False'
[2026-10-07 11:54:48Z INFO ProcessInvokerWrapper]   Persist current code page: 'False'
[2026-10-07 11:54:48Z INFO ProcessInvokerWrapper]   Keep redirected STDIN open: 'False'
[2026-10-07 11:54:48Z INFO ProcessInvokerWrapper]   High priority process: 'True'
[2026-10-07 11:54:48Z INFO ProcessInvokerWrapper] Process started with process id 16752, waiting for process exit.
[2026-10-07 11:54:48Z INFO JobDispatcher] Send job request message to worker for job dc40da21-b4f9-5842-8a72-a05c4e033dc9.
[2026-10-07 11:54:48Z INFO ProcessChannel] Sending message of length 23048, with hash 'e3fd3caf7ca870124d4638bff05a01e1c1ea2ed4f3e828f707504f0c8954408a'
[2026-10-07 11:54:48Z INFO JobNotification] Entering JobStarted Notification
[2026-10-07 11:54:48Z INFO JobNotification] Entering StartMonitor
[2026-10-07 11:54:52Z INFO ProcessInvokerWrapper] STDOUT/STDERR stream read finished.
[2026-10-07 11:54:52Z INFO ProcessInvokerWrapper] STDOUT/STDERR stream read finished.
[2026-10-07 11:54:52Z INFO ProcessInvokerWrapper] Finished process 16752 with exit code 100, and elapsed time 00:00:04.3203232.
[2026-10-07 11:54:52Z INFO JobDispatcher] Worker finished for job dc40da21-b4f9-5842-8a72-a05c4e033dc9. Code: 100
[2026-10-07 11:54:52Z INFO JobDispatcher] finish job request for job dc40da21-b4f9-5842-8a72-a05c4e033dc9 with result: Succeeded
[2026-10-07 11:54:52Z INFO Terminal] WRITE LINE: 2026-10-07 11:54:52Z: Job check-tokens completed with result: Succeeded
[2026-10-07 11:54:52Z INFO JobDispatcher] Stop renew job request for job dc40da21-b4f9-5842-8a72-a05c4e033dc9.
[2026-10-07 11:54:52Z INFO JobDispatcher] job renew has been cancelled, stop renew job dc40da21-b4f9-5842-8a72-a05c4e033dc9.
[2026-10-07 11:54:52Z INFO JobNotification] Entering JobCompleted Notification
[2026-10-07 11:54:52Z INFO JobNotification] Entering EndMonitor
[2026-10-07 11:54:52Z INFO BrokerMessageListener] Received job status event. JobState: Online
[2026-10-07 11:54:52Z WARN GitHubActionsService] GET request to https://broker.actions.githubusercontent.com/message?sessionId=3842d8b9-d9c2-4206-98bc-57507882078e&status=Busy&runnerVersion=2.337.0&os=Windows&architecture=X64&disableUpdate=false has been cancelled.
[2026-10-07 11:54:52Z ERR  BrokerServer] Catch exception during request
[2026-10-07 11:54:52Z ERR  BrokerServer] System.Threading.Tasks.TaskCanceledException: The operation was canceled.
 ---> System.Threading.Tasks.TaskCanceledException: The operation was canceled.
 ---> System.IO.IOException: Unable to read data from the transport connection: La operación de E/S se anuló por una salida de subproceso o por una solicitud de aplicación..
 ---> System.Net.Sockets.SocketException (995): La operación de E/S se anuló por una salida de subproceso o por una solicitud de aplicación.
   --- End of inner exception stack trace ---
   at System.Net.Sockets.Socket.AwaitableSocketAsyncEventArgs.ThrowException(SocketError error, CancellationToken cancellationToken)
   at System.Net.Sockets.Socket.AwaitableSocketAsyncEventArgs.System.Threading.Tasks.Sources.IValueTaskSource<System.Int32>.GetResult(Int16 token)
   at System.Net.Security.SslStream.EnsureFullTlsFrameAsync[TIOAdapter](CancellationToken cancellationToken, Int32 estimatedSize)
   at System.Runtime.CompilerServices.PoolingAsyncValueTaskMethodBuilder`1.StateMachineBox`1.System.Threading.Tasks.Sources.IValueTaskSource<TResult>.GetResult(Int16 token)
   at System.Net.Security.SslStream.ReadAsyncInternal[TIOAdapter](Memory`1 buffer, CancellationToken cancellationToken)
   at System.Runtime.CompilerServices.PoolingAsyncValueTaskMethodBuilder`1.StateMachineBox`1.System.Threading.Tasks.Sources.IValueTaskSource<TResult>.GetResult(Int16 token)
   at System.Net.Http.HttpConnection.SendAsync(HttpRequestMessage request, Boolean async, CancellationToken cancellationToken)
   --- End of inner exception stack trace ---
   at System.Net.Http.HttpConnection.SendAsync(HttpRequestMessage request, Boolean async, CancellationToken cancellationToken)
   at System.Net.Http.AuthenticationHelper.SendWithNtAuthAsync(HttpRequestMessage request, Uri authUri, Boolean async, ICredentials credentials, Boolean isProxyAuth, HttpConnection connection, HttpConnectionPool connectionPool, CancellationToken cancellationToken)
   at System.Net.Http.HttpConnectionPool.SendWithVersionDetectionAndRetryAsync(HttpRequestMessage request, Boolean async, Boolean doRequestAuth, CancellationToken cancellationToken)
   at System.Net.Http.AuthenticationHelper.SendWithAuthAsync(HttpRequestMessage request, Uri authUri, Boolean async, ICredentials credentials, Boolean preAuthenticate, Boolean isProxyAuth, Boolean doRequestAuth, HttpConnectionPool pool, CancellationToken cancellationToken)
   at System.Net.Http.RedirectHandler.SendAsync(HttpRequestMessage request, Boolean async, CancellationToken cancellationToken)
   at GitHub.Services.Common.RawHttpMessageHandler.SendAsync(HttpRequestMessage request, CancellationToken cancellationToken)
   at GitHub.Services.Common.VssHttpRetryMessageHandler.SendAsync(HttpRequestMessage request, CancellationToken cancellationToken)
   at System.Net.Http.HttpClient.<SendAsync>g__Core|83_0(HttpRequestMessage request, HttpCompletionOption completionOption, CancellationTokenSource cts, Boolean disposeCts, CancellationTokenSource pendingRequestsCts, CancellationToken originalCancellationToken)
   --- End of inner exception stack trace ---
   at System.Net.Http.HttpClient.HandleFailure(Exception e, Boolean telemetryStarted, HttpResponseMessage response, CancellationTokenSource cts, CancellationToken cancellationToken, CancellationTokenSource pendingRequestsCts)
   at System.Net.Http.HttpClient.<SendAsync>g__Core|83_0(HttpRequestMessage request, HttpCompletionOption completionOption, CancellationTokenSource cts, Boolean disposeCts, CancellationTokenSource pendingRequestsCts, CancellationToken originalCancellationToken)
   at Sdk.WebApi.WebApi.RawHttpClientBase.SendAsync(HttpRequestMessage message, HttpCompletionOption completionOption, Object userState, CancellationToken cancellationToken)
   at Sdk.WebApi.WebApi.RawHttpClientBase.SendAsync[T](HttpRequestMessage message, Boolean readErrorBody, Object userState, CancellationToken cancellationToken)
   at Sdk.WebApi.WebApi.RawHttpClientBase.SendAsync[T](HttpMethod method, IEnumerable`1 additionalHeaders, Uri requestUri, HttpContent content, IEnumerable`1 queryParameters, Boolean readErrorBody, Object userState, CancellationToken cancellationToken)
   at GitHub.Actions.RunService.WebApi.BrokerHttpClient.GetRunnerMessageAsync(Nullable`1 sessionId, String runnerVersion, Nullable`1 status, String os, String architecture, Nullable`1 disableUpdate, CancellationToken cancellationToken)
   at GitHub.Runner.Common.BrokerServer.<>c__DisplayClass7_0.<<GetRunnerMessageAsync>b__0>d.MoveNext()
--- End of stack trace from previous location ---
   at GitHub.Runner.Common.RunnerService.RetryRequest[T](Func`1 func, CancellationToken cancellationToken, Int32 maxAttempts, Func`2 shouldRetry)
[2026-10-07 11:54:52Z ERR  BrokerServer] #####################################################
[2026-10-07 11:54:52Z ERR  BrokerServer] System.Threading.Tasks.TaskCanceledException: The operation was canceled.
 ---> System.IO.IOException: Unable to read data from the transport connection: La operación de E/S se anuló por una salida de subproceso o por una solicitud de aplicación..
 ---> System.Net.Sockets.SocketException (995): La operación de E/S se anuló por una salida de subproceso o por una solicitud de aplicación.
   --- End of inner exception stack trace ---
   at System.Net.Sockets.Socket.AwaitableSocketAsyncEventArgs.ThrowException(SocketError error, CancellationToken cancellationToken)
   at System.Net.Sockets.Socket.AwaitableSocketAsyncEventArgs.System.Threading.Tasks.Sources.IValueTaskSource<System.Int32>.GetResult(Int16 token)
   at System.Net.Security.SslStream.EnsureFullTlsFrameAsync[TIOAdapter](CancellationToken cancellationToken, Int32 estimatedSize)
   at System.Runtime.CompilerServices.PoolingAsyncValueTaskMethodBuilder`1.StateMachineBox`1.System.Threading.Tasks.Sources.IValueTaskSource<TResult>.GetResult(Int16 token)
   at System.Net.Security.SslStream.ReadAsyncInternal[TIOAdapter](Memory`1 buffer, CancellationToken cancellationToken)
   at System.Runtime.CompilerServices.PoolingAsyncValueTaskMethodBuilder`1.StateMachineBox`1.System.Threading.Tasks.Sources.IValueTaskSource<TResult>.GetResult(Int16 token)
   at System.Net.Http.HttpConnection.SendAsync(HttpRequestMessage request, Boolean async, CancellationToken cancellationToken)
   --- End of inner exception stack trace ---
   at System.Net.Http.HttpConnection.SendAsync(HttpRequestMessage request, Boolean async, CancellationToken cancellationToken)
   at System.Net.Http.AuthenticationHelper.SendWithNtAuthAsync(HttpRequestMessage request, Uri authUri, Boolean async, ICredentials credentials, Boolean isProxyAuth, HttpConnection connection, HttpConnectionPool connectionPool, CancellationToken cancellationToken)
   at System.Net.Http.HttpConnectionPool.SendWithVersionDetectionAndRetryAsync(HttpRequestMessage request, Boolean async, Boolean doRequestAuth, CancellationToken cancellationToken)
   at System.Net.Http.AuthenticationHelper.SendWithAuthAsync(HttpRequestMessage request, Uri authUri, Boolean async, ICredentials credentials, Boolean preAuthenticate, Boolean isProxyAuth, Boolean doRequestAuth, HttpConnectionPool pool, CancellationToken cancellationToken)
   at System.Net.Http.RedirectHandler.SendAsync(HttpRequestMessage request, Boolean async, CancellationToken cancellationToken)
   at GitHub.Services.Common.RawHttpMessageHandler.SendAsync(HttpRequestMessage request, CancellationToken cancellationToken)
   at GitHub.Services.Common.VssHttpRetryMessageHandler.SendAsync(HttpRequestMessage request, CancellationToken cancellationToken)
   at System.Net.Http.HttpClient.<SendAsync>g__Core|83_0(HttpRequestMessage request, HttpCompletionOption completionOption, CancellationTokenSource cts, Boolean disposeCts, CancellationTokenSource pendingRequestsCts, CancellationToken originalCancellationToken)
[2026-10-07 11:54:52Z ERR  BrokerServer] #####################################################
[2026-10-07 11:54:52Z ERR  BrokerServer] System.IO.IOException: Unable to read data from the transport connection: La operación de E/S se anuló por una salida de subproceso o por una solicitud de aplicación..
 ---> System.Net.Sockets.SocketException (995): La operación de E/S se anuló por una salida de subproceso o por una solicitud de aplicación.
   --- End of inner exception stack trace ---
   at System.Net.Sockets.Socket.AwaitableSocketAsyncEventArgs.ThrowException(SocketError error, CancellationToken cancellationToken)
   at System.Net.Sockets.Socket.AwaitableSocketAsyncEventArgs.System.Threading.Tasks.Sources.IValueTaskSource<System.Int32>.GetResult(Int16 token)
   at System.Net.Security.SslStream.EnsureFullTlsFrameAsync[TIOAdapter](CancellationToken cancellationToken, Int32 estimatedSize)
   at System.Runtime.CompilerServices.PoolingAsyncValueTaskMethodBuilder`1.StateMachineBox`1.System.Threading.Tasks.Sources.IValueTaskSource<TResult>.GetResult(Int16 token)
   at System.Net.Security.SslStream.ReadAsyncInternal[TIOAdapter](Memory`1 buffer, CancellationToken cancellationToken)
   at System.Runtime.CompilerServices.PoolingAsyncValueTaskMethodBuilder`1.StateMachineBox`1.System.Threading.Tasks.Sources.IValueTaskSource<TResult>.GetResult(Int16 token)
   at System.Net.Http.HttpConnection.SendAsync(HttpRequestMessage request, Boolean async, CancellationToken cancellationToken)
[2026-10-07 11:54:52Z ERR  BrokerServer] #####################################################
[2026-10-07 11:54:52Z ERR  BrokerServer] System.Net.Sockets.SocketException (995): La operación de E/S se anuló por una salida de subproceso o por una solicitud de aplicación.
[2026-10-07 11:54:52Z WARN BrokerServer] Back off 5,887 seconds before next retry. 4 attempt left.
[2026-10-07 11:54:52Z INFO BrokerMessageListener] Get messages has been cancelled using local token source. Continue to get messages with new status.
[2026-10-07 11:56:12Z INFO BrokerMessageListener] Acknowledging runner request '3825ffea-1530-52e3-9a22-129e030fc1b3'.
[2026-10-07 11:56:12Z INFO ConfigurationStore] HasCredentials()
[2026-10-07 11:56:12Z INFO ConfigurationStore] stored True
[2026-10-07 11:56:12Z INFO CredentialManager] GetCredentialProvider
[2026-10-07 11:56:12Z INFO CredentialManager] Creating type OAuth
[2026-10-07 11:56:12Z INFO CredentialManager] Creating credential type: OAuth
[2026-10-07 11:56:12Z INFO RSAEncryptedFileKeyManager] Loading RSA key parameters from file C:\Users\neo_o\Desktop\Github Practicas\Users\actions-runner\.credentials_rsaparams
[2026-10-07 11:56:12Z INFO RSAEncryptedFileKeyManager] Loading RSA key parameters from file C:\Users\neo_o\Desktop\Github Practicas\Users\actions-runner\.credentials_rsaparams
[2026-10-07 11:56:12Z INFO RSAEncryptedFileKeyManager] Loading RSA key parameters from file C:\Users\neo_o\Desktop\Github Practicas\Users\actions-runner\.credentials_rsaparams
[2026-10-07 11:56:12Z INFO GitHubActionsService] AAD Correlation ID for this token request: Unknown
[2026-10-07 11:56:13Z INFO JobDispatcher] Job request 0 for plan a0719c28-0d82-8ab8-9971-51997e85ef17 job 3825ffea-1530-52e3-9a22-129e030fc1b3 received.
[2026-10-07 11:56:13Z INFO JobDispatcher] Pull OrchestrationId a0719c28-0d82-8ab8-9971-51997e85ef17.check-tokens.__default from JWT claims
[2026-10-07 11:56:13Z INFO BrokerMessageListener] Received job status event. JobState: Busy
[2026-10-07 11:56:13Z INFO BrokerMessageListener] _getMessagesTokenSource is already disposed.
[2026-10-07 11:56:13Z INFO JobDispatcher] Job request dc40da21-b4f9-5842-8a72-a05c4e033dc9 processed succeed.
[2026-10-07 11:56:13Z INFO Terminal] WRITE LINE: 2026-10-07 11:56:13Z: Running job: check-tokens
[2026-10-07 11:56:13Z INFO JobDispatcher] Start renew job request 0 for job 3825ffea-1530-52e3-9a22-129e030fc1b3.
[2026-10-07 11:56:13Z INFO JobDispatcher] Successfully renew job 3825ffea-1530-52e3-9a22-129e030fc1b3, job is valid till 07/10/2026 12:06:12
[2026-10-07 11:56:13Z INFO HostContext] Well known directory 'Bin': 'C:\Users\neo_o\Desktop\Github Practicas\Users\actions-runner\bin'
[2026-10-07 11:56:13Z INFO ProcessInvokerWrapper] Starting process:
[2026-10-07 11:56:13Z INFO ProcessInvokerWrapper]   File name: 'C:\Users\neo_o\Desktop\Github Practicas\Users\actions-runner\bin\Runner.Worker.exe'
[2026-10-07 11:56:13Z INFO ProcessInvokerWrapper]   Arguments: 'spawnclient 1404 1520'
[2026-10-07 11:56:13Z INFO ProcessInvokerWrapper]   Working directory: 'C:\Users\neo_o\Desktop\Github Practicas\Users\actions-runner\bin'
[2026-10-07 11:56:13Z INFO ProcessInvokerWrapper]   Require exit code zero: 'False'
[2026-10-07 11:56:13Z INFO ProcessInvokerWrapper]   Encoding web name:  ; code page: ''
[2026-10-07 11:56:13Z INFO ProcessInvokerWrapper]   Force kill process on cancellation: 'True'
[2026-10-07 11:56:13Z INFO ProcessInvokerWrapper]   Redirected STDIN: 'False'
[2026-10-07 11:56:13Z INFO ProcessInvokerWrapper]   Persist current code page: 'False'
[2026-10-07 11:56:13Z INFO ProcessInvokerWrapper]   Keep redirected STDIN open: 'False'
[2026-10-07 11:56:13Z INFO ProcessInvokerWrapper]   High priority process: 'True'
[2026-10-07 11:56:13Z INFO ProcessInvokerWrapper] Process started with process id 25156, waiting for process exit.
[2026-10-07 11:56:13Z INFO JobDispatcher] Send job request message to worker for job 3825ffea-1530-52e3-9a22-129e030fc1b3.
[2026-10-07 11:56:13Z INFO ProcessChannel] Sending message of length 22329, with hash '963cdc6068cbdf3244059917783d0521b1b1645da7dce2c7115235e5db420eb9'
[2026-10-07 11:56:14Z INFO JobNotification] Entering JobStarted Notification
[2026-10-07 11:56:14Z INFO JobNotification] Entering StartMonitor
[2026-10-07 11:56:18Z INFO ProcessInvokerWrapper] STDOUT/STDERR stream read finished.
[2026-10-07 11:56:18Z INFO ProcessInvokerWrapper] STDOUT/STDERR stream read finished.
[2026-10-07 11:56:18Z INFO ProcessInvokerWrapper] Finished process 25156 with exit code 100, and elapsed time 00:00:04.9071359.
[2026-10-07 11:56:18Z INFO JobDispatcher] Worker finished for job 3825ffea-1530-52e3-9a22-129e030fc1b3. Code: 100
[2026-10-07 11:56:18Z INFO JobDispatcher] finish job request for job 3825ffea-1530-52e3-9a22-129e030fc1b3 with result: Succeeded
[2026-10-07 11:56:18Z INFO Terminal] WRITE LINE: 2026-10-07 11:56:18Z: Job check-tokens completed with result: Succeeded
[2026-10-07 11:56:18Z INFO JobDispatcher] Stop renew job request for job 3825ffea-1530-52e3-9a22-129e030fc1b3.
[2026-10-07 11:56:18Z INFO JobDispatcher] job renew has been cancelled, stop renew job 3825ffea-1530-52e3-9a22-129e030fc1b3.
[2026-10-07 11:56:18Z INFO JobNotification] Entering JobCompleted Notification
[2026-10-07 11:56:18Z INFO JobNotification] Entering EndMonitor
[2026-10-07 11:56:18Z INFO BrokerMessageListener] Received job status event. JobState: Online
[2026-10-07 11:56:18Z WARN GitHubActionsService] GET request to https://broker.actions.githubusercontent.com/message?sessionId=3842d8b9-d9c2-4206-98bc-57507882078e&status=Busy&runnerVersion=2.337.0&os=Windows&architecture=X64&disableUpdate=false has been cancelled.
[2026-10-07 11:56:18Z ERR  BrokerServer] Catch exception during request
[2026-10-07 11:56:18Z ERR  BrokerServer] System.Threading.Tasks.TaskCanceledException: The operation was canceled.
 ---> System.Threading.Tasks.TaskCanceledException: The operation was canceled.
 ---> System.IO.IOException: Unable to read data from the transport connection: La operación de E/S se anuló por una salida de subproceso o por una solicitud de aplicación..
 ---> System.Net.Sockets.SocketException (995): La operación de E/S se anuló por una salida de subproceso o por una solicitud de aplicación.
   --- End of inner exception stack trace ---
   at System.Net.Sockets.Socket.AwaitableSocketAsyncEventArgs.ThrowException(SocketError error, CancellationToken cancellationToken)
   at System.Net.Sockets.Socket.AwaitableSocketAsyncEventArgs.System.Threading.Tasks.Sources.IValueTaskSource<System.Int32>.GetResult(Int16 token)
   at System.Net.Security.SslStream.EnsureFullTlsFrameAsync[TIOAdapter](CancellationToken cancellationToken, Int32 estimatedSize)
   at System.Runtime.CompilerServices.PoolingAsyncValueTaskMethodBuilder`1.StateMachineBox`1.System.Threading.Tasks.Sources.IValueTaskSource<TResult>.GetResult(Int16 token)
   at System.Net.Security.SslStream.ReadAsyncInternal[TIOAdapter](Memory`1 buffer, CancellationToken cancellationToken)
   at System.Runtime.CompilerServices.PoolingAsyncValueTaskMethodBuilder`1.StateMachineBox`1.System.Threading.Tasks.Sources.IValueTaskSource<TResult>.GetResult(Int16 token)
   at System.Net.Http.HttpConnection.SendAsync(HttpRequestMessage request, Boolean async, CancellationToken cancellationToken)
   --- End of inner exception stack trace ---
   at System.Net.Http.HttpConnection.SendAsync(HttpRequestMessage request, Boolean async, CancellationToken cancellationToken)
   at System.Net.Http.AuthenticationHelper.SendWithNtAuthAsync(HttpRequestMessage request, Uri authUri, Boolean async, ICredentials credentials, Boolean isProxyAuth, HttpConnection connection, HttpConnectionPool connectionPool, CancellationToken cancellationToken)
   at System.Net.Http.HttpConnectionPool.SendWithVersionDetectionAndRetryAsync(HttpRequestMessage request, Boolean async, Boolean doRequestAuth, CancellationToken cancellationToken)
   at System.Net.Http.AuthenticationHelper.SendWithAuthAsync(HttpRequestMessage request, Uri authUri, Boolean async, ICredentials credentials, Boolean preAuthenticate, Boolean isProxyAuth, Boolean doRequestAuth, HttpConnectionPool pool, CancellationToken cancellationToken)
   at System.Net.Http.RedirectHandler.SendAsync(HttpRequestMessage request, Boolean async, CancellationToken cancellationToken)
   at GitHub.Services.Common.RawHttpMessageHandler.SendAsync(HttpRequestMessage request, CancellationToken cancellationToken)
   at GitHub.Services.Common.VssHttpRetryMessageHandler.SendAsync(HttpRequestMessage request, CancellationToken cancellationToken)
   at System.Net.Http.HttpClient.<SendAsync>g__Core|83_0(HttpRequestMessage request, HttpCompletionOption completionOption, CancellationTokenSource cts, Boolean disposeCts, CancellationTokenSource pendingRequestsCts, CancellationToken originalCancellationToken)
   --- End of inner exception stack trace ---
   at System.Net.Http.HttpClient.HandleFailure(Exception e, Boolean telemetryStarted, HttpResponseMessage response, CancellationTokenSource cts, CancellationToken cancellationToken, CancellationTokenSource pendingRequestsCts)
   at System.Net.Http.HttpClient.<SendAsync>g__Core|83_0(HttpRequestMessage request, HttpCompletionOption completionOption, CancellationTokenSource cts, Boolean disposeCts, CancellationTokenSource pendingRequestsCts, CancellationToken originalCancellationToken)
   at Sdk.WebApi.WebApi.RawHttpClientBase.SendAsync(HttpRequestMessage message, HttpCompletionOption completionOption, Object userState, CancellationToken cancellationToken)
   at Sdk.WebApi.WebApi.RawHttpClientBase.SendAsync[T](HttpRequestMessage message, Boolean readErrorBody, Object userState, CancellationToken cancellationToken)
   at Sdk.WebApi.WebApi.RawHttpClientBase.SendAsync[T](HttpMethod method, IEnumerable`1 additionalHeaders, Uri requestUri, HttpContent content, IEnumerable`1 queryParameters, Boolean readErrorBody, Object userState, CancellationToken cancellationToken)
   at GitHub.Actions.RunService.WebApi.BrokerHttpClient.GetRunnerMessageAsync(Nullable`1 sessionId, String runnerVersion, Nullable`1 status, String os, String architecture, Nullable`1 disableUpdate, CancellationToken cancellationToken)
   at GitHub.Runner.Common.BrokerServer.<>c__DisplayClass7_0.<<GetRunnerMessageAsync>b__0>d.MoveNext()
--- End of stack trace from previous location ---
   at GitHub.Runner.Common.RunnerService.RetryRequest[T](Func`1 func, CancellationToken cancellationToken, Int32 maxAttempts, Func`2 shouldRetry)
[2026-10-07 11:56:18Z ERR  BrokerServer] #####################################################
[2026-10-07 11:56:18Z ERR  BrokerServer] System.Threading.Tasks.TaskCanceledException: The operation was canceled.
 ---> System.IO.IOException: Unable to read data from the transport connection: La operación de E/S se anuló por una salida de subproceso o por una solicitud de aplicación..
 ---> System.Net.Sockets.SocketException (995): La operación de E/S se anuló por una salida de subproceso o por una solicitud de aplicación.
   --- End of inner exception stack trace ---
   at System.Net.Sockets.Socket.AwaitableSocketAsyncEventArgs.ThrowException(SocketError error, CancellationToken cancellationToken)
   at System.Net.Sockets.Socket.AwaitableSocketAsyncEventArgs.System.Threading.Tasks.Sources.IValueTaskSource<System.Int32>.GetResult(Int16 token)
   at System.Net.Security.SslStream.EnsureFullTlsFrameAsync[TIOAdapter](CancellationToken cancellationToken, Int32 estimatedSize)
   at System.Runtime.CompilerServices.PoolingAsyncValueTaskMethodBuilder`1.StateMachineBox`1.System.Threading.Tasks.Sources.IValueTaskSource<TResult>.GetResult(Int16 token)
   at System.Net.Security.SslStream.ReadAsyncInternal[TIOAdapter](Memory`1 buffer, CancellationToken cancellationToken)
   at System.Runtime.CompilerServices.PoolingAsyncValueTaskMethodBuilder`1.StateMachineBox`1.System.Threading.Tasks.Sources.IValueTaskSource<TResult>.GetResult(Int16 token)
   at System.Net.Http.HttpConnection.SendAsync(HttpRequestMessage request, Boolean async, CancellationToken cancellationToken)
   --- End of inner exception stack trace ---
   at System.Net.Http.HttpConnection.SendAsync(HttpRequestMessage request, Boolean async, CancellationToken cancellationToken)
   at System.Net.Http.AuthenticationHelper.SendWithNtAuthAsync(HttpRequestMessage request, Uri authUri, Boolean async, ICredentials credentials, Boolean isProxyAuth, HttpConnection connection, HttpConnectionPool connectionPool, CancellationToken cancellationToken)
   at System.Net.Http.HttpConnectionPool.SendWithVersionDetectionAndRetryAsync(HttpRequestMessage request, Boolean async, Boolean doRequestAuth, CancellationToken cancellationToken)
   at System.Net.Http.AuthenticationHelper.SendWithAuthAsync(HttpRequestMessage request, Uri authUri, Boolean async, ICredentials credentials, Boolean preAuthenticate, Boolean isProxyAuth, Boolean doRequestAuth, HttpConnectionPool pool, CancellationToken cancellationToken)
   at System.Net.Http.RedirectHandler.SendAsync(HttpRequestMessage request, Boolean async, CancellationToken cancellationToken)
   at GitHub.Services.Common.RawHttpMessageHandler.SendAsync(HttpRequestMessage request, CancellationToken cancellationToken)
   at GitHub.Services.Common.VssHttpRetryMessageHandler.SendAsync(HttpRequestMessage request, CancellationToken cancellationToken)
   at System.Net.Http.HttpClient.<SendAsync>g__Core|83_0(HttpRequestMessage request, HttpCompletionOption completionOption, CancellationTokenSource cts, Boolean disposeCts, CancellationTokenSource pendingRequestsCts, CancellationToken originalCancellationToken)
[2026-10-07 11:56:18Z ERR  BrokerServer] #####################################################
[2026-10-07 11:56:18Z ERR  BrokerServer] System.IO.IOException: Unable to read data from the transport connection: La operación de E/S se anuló por una salida de subproceso o por una solicitud de aplicación..
 ---> System.Net.Sockets.SocketException (995): La operación de E/S se anuló por una salida de subproceso o por una solicitud de aplicación.
   --- End of inner exception stack trace ---
   at System.Net.Sockets.Socket.AwaitableSocketAsyncEventArgs.ThrowException(SocketError error, CancellationToken cancellationToken)
   at System.Net.Sockets.Socket.AwaitableSocketAsyncEventArgs.System.Threading.Tasks.Sources.IValueTaskSource<System.Int32>.GetResult(Int16 token)
   at System.Net.Security.SslStream.EnsureFullTlsFrameAsync[TIOAdapter](CancellationToken cancellationToken, Int32 estimatedSize)
   at System.Runtime.CompilerServices.PoolingAsyncValueTaskMethodBuilder`1.StateMachineBox`1.System.Threading.Tasks.Sources.IValueTaskSource<TResult>.GetResult(Int16 token)
   at System.Net.Security.SslStream.ReadAsyncInternal[TIOAdapter](Memory`1 buffer, CancellationToken cancellationToken)
   at System.Runtime.CompilerServices.PoolingAsyncValueTaskMethodBuilder`1.StateMachineBox`1.System.Threading.Tasks.Sources.IValueTaskSource<TResult>.GetResult(Int16 token)
   at System.Net.Http.HttpConnection.SendAsync(HttpRequestMessage request, Boolean async, CancellationToken cancellationToken)
[2026-10-07 11:56:18Z ERR  BrokerServer] #####################################################
[2026-10-07 11:56:18Z ERR  BrokerServer] System.Net.Sockets.SocketException (995): La operación de E/S se anuló por una salida de subproceso o por una solicitud de aplicación.
[2026-10-07 11:56:18Z WARN BrokerServer] Back off 5,883 seconds before next retry. 4 attempt left.
[2026-10-07 11:56:18Z INFO BrokerMessageListener] Get messages has been cancelled using local token source. Continue to get messages with new status.
[2026-10-07 11:59:54Z INFO BrokerMessageListener] Acknowledging runner request '9d4f1a69-ace4-5ed0-a980-7a347843c1bd'.
[2026-10-07 11:59:54Z INFO ConfigurationStore] HasCredentials()
[2026-10-07 11:59:54Z INFO ConfigurationStore] stored True
[2026-10-07 11:59:54Z INFO CredentialManager] GetCredentialProvider
[2026-10-07 11:59:54Z INFO CredentialManager] Creating type OAuth
[2026-10-07 11:59:54Z INFO CredentialManager] Creating credential type: OAuth
[2026-10-07 11:59:54Z INFO RSAEncryptedFileKeyManager] Loading RSA key parameters from file C:\Users\neo_o\Desktop\Github Practicas\Users\actions-runner\.credentials_rsaparams
[2026-10-07 11:59:54Z INFO RSAEncryptedFileKeyManager] Loading RSA key parameters from file C:\Users\neo_o\Desktop\Github Practicas\Users\actions-runner\.credentials_rsaparams
[2026-10-07 11:59:54Z INFO RSAEncryptedFileKeyManager] Loading RSA key parameters from file C:\Users\neo_o\Desktop\Github Practicas\Users\actions-runner\.credentials_rsaparams
[2026-10-07 11:59:54Z INFO GitHubActionsService] AAD Correlation ID for this token request: Unknown
[2026-10-07 11:59:55Z INFO JobDispatcher] Job request 0 for plan 83f0fcaf-2ff5-8803-8c1c-559ae47abed9 job 9d4f1a69-ace4-5ed0-a980-7a347843c1bd received.
[2026-10-07 11:59:55Z INFO JobDispatcher] Pull OrchestrationId 83f0fcaf-2ff5-8803-8c1c-559ae47abed9.check-tokens.__default from JWT claims
[2026-10-07 11:59:55Z INFO BrokerMessageListener] Received job status event. JobState: Busy
[2026-10-07 11:59:55Z INFO BrokerMessageListener] _getMessagesTokenSource is already disposed.
[2026-10-07 11:59:55Z INFO JobDispatcher] Job request 3825ffea-1530-52e3-9a22-129e030fc1b3 processed succeed.
[2026-10-07 11:59:55Z INFO Terminal] WRITE LINE: 2026-10-07 11:59:55Z: Running job: check-tokens
[2026-10-07 11:59:55Z INFO JobDispatcher] Start renew job request 0 for job 9d4f1a69-ace4-5ed0-a980-7a347843c1bd.
[2026-10-07 11:59:56Z INFO JobDispatcher] Successfully renew job 9d4f1a69-ace4-5ed0-a980-7a347843c1bd, job is valid till 07/10/2026 12:09:55
[2026-10-07 11:59:56Z INFO HostContext] Well known directory 'Bin': 'C:\Users\neo_o\Desktop\Github Practicas\Users\actions-runner\bin'
[2026-10-07 11:59:56Z INFO ProcessInvokerWrapper] Starting process:
[2026-10-07 11:59:56Z INFO ProcessInvokerWrapper]   File name: 'C:\Users\neo_o\Desktop\Github Practicas\Users\actions-runner\bin\Runner.Worker.exe'
[2026-10-07 11:59:56Z INFO ProcessInvokerWrapper]   Arguments: 'spawnclient 2312 1512'
[2026-10-07 11:59:56Z INFO ProcessInvokerWrapper]   Working directory: 'C:\Users\neo_o\Desktop\Github Practicas\Users\actions-runner\bin'
[2026-10-07 11:59:56Z INFO ProcessInvokerWrapper]   Require exit code zero: 'False'
[2026-10-07 11:59:56Z INFO ProcessInvokerWrapper]   Encoding web name:  ; code page: ''
[2026-10-07 11:59:56Z INFO ProcessInvokerWrapper]   Force kill process on cancellation: 'True'
[2026-10-07 11:59:56Z INFO ProcessInvokerWrapper]   Redirected STDIN: 'False'
[2026-10-07 11:59:56Z INFO ProcessInvokerWrapper]   Persist current code page: 'False'
[2026-10-07 11:59:56Z INFO ProcessInvokerWrapper]   Keep redirected STDIN open: 'False'
[2026-10-07 11:59:56Z INFO ProcessInvokerWrapper]   High priority process: 'True'
[2026-10-07 11:59:56Z INFO ProcessInvokerWrapper] Process started with process id 22520, waiting for process exit.
[2026-10-07 11:59:56Z INFO JobDispatcher] Send job request message to worker for job 9d4f1a69-ace4-5ed0-a980-7a347843c1bd.
[2026-10-07 11:59:56Z INFO ProcessChannel] Sending message of length 22332, with hash '90a3131b5883e97e751431472202a8ebddc078c02d751b5c584a3c6ee0b37314'
[2026-10-07 11:59:56Z INFO JobNotification] Entering JobStarted Notification
[2026-10-07 11:59:56Z INFO JobNotification] Entering StartMonitor
[2026-10-07 12:00:00Z INFO ProcessInvokerWrapper] STDOUT/STDERR stream read finished.
[2026-10-07 12:00:00Z INFO ProcessInvokerWrapper] STDOUT/STDERR stream read finished.
[2026-10-07 12:00:00Z INFO ProcessInvokerWrapper] Finished process 22520 with exit code 100, and elapsed time 00:00:04.7852583.
[2026-10-07 12:00:00Z INFO JobDispatcher] Worker finished for job 9d4f1a69-ace4-5ed0-a980-7a347843c1bd. Code: 100
[2026-10-07 12:00:00Z INFO JobDispatcher] finish job request for job 9d4f1a69-ace4-5ed0-a980-7a347843c1bd with result: Succeeded
[2026-10-07 12:00:00Z INFO Terminal] WRITE LINE: 2026-10-07 12:00:00Z: Job check-tokens completed with result: Succeeded
[2026-10-07 12:00:00Z INFO JobDispatcher] Stop renew job request for job 9d4f1a69-ace4-5ed0-a980-7a347843c1bd.
[2026-10-07 12:00:00Z INFO JobDispatcher] job renew has been cancelled, stop renew job 9d4f1a69-ace4-5ed0-a980-7a347843c1bd.
[2026-10-07 12:00:00Z INFO JobNotification] Entering JobCompleted Notification
[2026-10-07 12:00:00Z INFO JobNotification] Entering EndMonitor
[2026-10-07 12:00:00Z INFO BrokerMessageListener] Received job status event. JobState: Online
[2026-10-07 12:00:00Z WARN GitHubActionsService] GET request to https://broker.actions.githubusercontent.com/message?sessionId=3842d8b9-d9c2-4206-98bc-57507882078e&status=Busy&runnerVersion=2.337.0&os=Windows&architecture=X64&disableUpdate=false has been cancelled.
[2026-10-07 12:00:00Z ERR  BrokerServer] Catch exception during request
[2026-10-07 12:00:00Z ERR  BrokerServer] System.Threading.Tasks.TaskCanceledException: The operation was canceled.
 ---> System.Threading.Tasks.TaskCanceledException: The operation was canceled.
 ---> System.IO.IOException: Unable to read data from the transport connection: La operación de E/S se anuló por una salida de subproceso o por una solicitud de aplicación..
 ---> System.Net.Sockets.SocketException (995): La operación de E/S se anuló por una salida de subproceso o por una solicitud de aplicación.
   --- End of inner exception stack trace ---
   at System.Net.Sockets.Socket.AwaitableSocketAsyncEventArgs.System.Threading.Tasks.Sources.IValueTaskSource<System.Int32>.GetResult(Int16 token)
   at System.Net.Security.SslStream.EnsureFullTlsFrameAsync[TIOAdapter](CancellationToken cancellationToken, Int32 estimatedSize)
   at System.Runtime.CompilerServices.PoolingAsyncValueTaskMethodBuilder`1.StateMachineBox`1.System.Threading.Tasks.Sources.IValueTaskSource<TResult>.GetResult(Int16 token)
   at System.Net.Security.SslStream.ReadAsyncInternal[TIOAdapter](Memory`1 buffer, CancellationToken cancellationToken)
   at System.Runtime.CompilerServices.PoolingAsyncValueTaskMethodBuilder`1.StateMachineBox`1.System.Threading.Tasks.Sources.IValueTaskSource<TResult>.GetResult(Int16 token)
   at System.Net.Http.HttpConnection.SendAsync(HttpRequestMessage request, Boolean async, CancellationToken cancellationToken)
   --- End of inner exception stack trace ---
   at System.Net.Http.HttpConnection.SendAsync(HttpRequestMessage request, Boolean async, CancellationToken cancellationToken)
   at System.Net.Http.AuthenticationHelper.SendWithNtAuthAsync(HttpRequestMessage request, Uri authUri, Boolean async, ICredentials credentials, Boolean isProxyAuth, HttpConnection connection, HttpConnectionPool connectionPool, CancellationToken cancellationToken)
   at System.Net.Http.HttpConnectionPool.SendWithVersionDetectionAndRetryAsync(HttpRequestMessage request, Boolean async, Boolean doRequestAuth, CancellationToken cancellationToken)
   at System.Net.Http.AuthenticationHelper.SendWithAuthAsync(HttpRequestMessage request, Uri authUri, Boolean async, ICredentials credentials, Boolean preAuthenticate, Boolean isProxyAuth, Boolean doRequestAuth, HttpConnectionPool pool, CancellationToken cancellationToken)
   at System.Net.Http.RedirectHandler.SendAsync(HttpRequestMessage request, Boolean async, CancellationToken cancellationToken)
   at GitHub.Services.Common.RawHttpMessageHandler.SendAsync(HttpRequestMessage request, CancellationToken cancellationToken)
   at GitHub.Services.Common.VssHttpRetryMessageHandler.SendAsync(HttpRequestMessage request, CancellationToken cancellationToken)
   at System.Net.Http.HttpClient.<SendAsync>g__Core|83_0(HttpRequestMessage request, HttpCompletionOption completionOption, CancellationTokenSource cts, Boolean disposeCts, CancellationTokenSource pendingRequestsCts, CancellationToken originalCancellationToken)
   --- End of inner exception stack trace ---
   at System.Net.Http.HttpClient.HandleFailure(Exception e, Boolean telemetryStarted, HttpResponseMessage response, CancellationTokenSource cts, CancellationToken cancellationToken, CancellationTokenSource pendingRequestsCts)
   at System.Net.Http.HttpClient.<SendAsync>g__Core|83_0(HttpRequestMessage request, HttpCompletionOption completionOption, CancellationTokenSource cts, Boolean disposeCts, CancellationTokenSource pendingRequestsCts, CancellationToken originalCancellationToken)
   at Sdk.WebApi.WebApi.RawHttpClientBase.SendAsync(HttpRequestMessage message, HttpCompletionOption completionOption, Object userState, CancellationToken cancellationToken)
   at Sdk.WebApi.WebApi.RawHttpClientBase.SendAsync[T](HttpRequestMessage message, Boolean readErrorBody, Object userState, CancellationToken cancellationToken)
   at Sdk.WebApi.WebApi.RawHttpClientBase.SendAsync[T](HttpMethod method, IEnumerable`1 additionalHeaders, Uri requestUri, HttpContent content, IEnumerable`1 queryParameters, Boolean readErrorBody, Object userState, CancellationToken cancellationToken)
   at GitHub.Actions.RunService.WebApi.BrokerHttpClient.GetRunnerMessageAsync(Nullable`1 sessionId, String runnerVersion, Nullable`1 status, String os, String architecture, Nullable`1 disableUpdate, CancellationToken cancellationToken)
   at GitHub.Runner.Common.BrokerServer.<>c__DisplayClass7_0.<<GetRunnerMessageAsync>b__0>d.MoveNext()
--- End of stack trace from previous location ---
   at GitHub.Runner.Common.RunnerService.RetryRequest[T](Func`1 func, CancellationToken cancellationToken, Int32 maxAttempts, Func`2 shouldRetry)
[2026-10-07 12:00:00Z ERR  BrokerServer] #####################################################
[2026-10-07 12:00:00Z ERR  BrokerServer] System.Threading.Tasks.TaskCanceledException: The operation was canceled.
 ---> System.IO.IOException: Unable to read data from the transport connection: La operación de E/S se anuló por una salida de subproceso o por una solicitud de aplicación..
 ---> System.Net.Sockets.SocketException (995): La operación de E/S se anuló por una salida de subproceso o por una solicitud de aplicación.
   --- End of inner exception stack trace ---
   at System.Net.Sockets.Socket.AwaitableSocketAsyncEventArgs.System.Threading.Tasks.Sources.IValueTaskSource<System.Int32>.GetResult(Int16 token)
   at System.Net.Security.SslStream.EnsureFullTlsFrameAsync[TIOAdapter](CancellationToken cancellationToken, Int32 estimatedSize)
   at System.Runtime.CompilerServices.PoolingAsyncValueTaskMethodBuilder`1.StateMachineBox`1.System.Threading.Tasks.Sources.IValueTaskSource<TResult>.GetResult(Int16 token)
   at System.Net.Security.SslStream.ReadAsyncInternal[TIOAdapter](Memory`1 buffer, CancellationToken cancellationToken)
   at System.Runtime.CompilerServices.PoolingAsyncValueTaskMethodBuilder`1.StateMachineBox`1.System.Threading.Tasks.Sources.IValueTaskSource<TResult>.GetResult(Int16 token)
   at System.Net.Http.HttpConnection.SendAsync(HttpRequestMessage request, Boolean async, CancellationToken cancellationToken)
   --- End of inner exception stack trace ---
   at System.Net.Http.HttpConnection.SendAsync(HttpRequestMessage request, Boolean async, CancellationToken cancellationToken)
   at System.Net.Http.AuthenticationHelper.SendWithNtAuthAsync(HttpRequestMessage request, Uri authUri, Boolean async, ICredentials credentials, Boolean isProxyAuth, HttpConnection connection, HttpConnectionPool connectionPool, CancellationToken cancellationToken)
   at System.Net.Http.HttpConnectionPool.SendWithVersionDetectionAndRetryAsync(HttpRequestMessage request, Boolean async, Boolean doRequestAuth, CancellationToken cancellationToken)
   at System.Net.Http.AuthenticationHelper.SendWithAuthAsync(HttpRequestMessage request, Uri authUri, Boolean async, ICredentials credentials, Boolean preAuthenticate, Boolean isProxyAuth, Boolean doRequestAuth, HttpConnectionPool pool, CancellationToken cancellationToken)
   at System.Net.Http.RedirectHandler.SendAsync(HttpRequestMessage request, Boolean async, CancellationToken cancellationToken)
   at GitHub.Services.Common.RawHttpMessageHandler.SendAsync(HttpRequestMessage request, CancellationToken cancellationToken)
   at GitHub.Services.Common.VssHttpRetryMessageHandler.SendAsync(HttpRequestMessage request, CancellationToken cancellationToken)
   at System.Net.Http.HttpClient.<SendAsync>g__Core|83_0(HttpRequestMessage request, HttpCompletionOption completionOption, CancellationTokenSource cts, Boolean disposeCts, CancellationTokenSource pendingRequestsCts, CancellationToken originalCancellationToken)
[2026-10-07 12:00:00Z ERR  BrokerServer] #####################################################
[2026-10-07 12:00:00Z ERR  BrokerServer] System.IO.IOException: Unable to read data from the transport connection: La operación de E/S se anuló por una salida de subproceso o por una solicitud de aplicación..
 ---> System.Net.Sockets.SocketException (995): La operación de E/S se anuló por una salida de subproceso o por una solicitud de aplicación.
   --- End of inner exception stack trace ---
   at System.Net.Sockets.Socket.AwaitableSocketAsyncEventArgs.System.Threading.Tasks.Sources.IValueTaskSource<System.Int32>.GetResult(Int16 token)
   at System.Net.Security.SslStream.EnsureFullTlsFrameAsync[TIOAdapter](CancellationToken cancellationToken, Int32 estimatedSize)
   at System.Runtime.CompilerServices.PoolingAsyncValueTaskMethodBuilder`1.StateMachineBox`1.System.Threading.Tasks.Sources.IValueTaskSource<TResult>.GetResult(Int16 token)
   at System.Net.Security.SslStream.ReadAsyncInternal[TIOAdapter](Memory`1 buffer, CancellationToken cancellationToken)
   at System.Runtime.CompilerServices.PoolingAsyncValueTaskMethodBuilder`1.StateMachineBox`1.System.Threading.Tasks.Sources.IValueTaskSource<TResult>.GetResult(Int16 token)
   at System.Net.Http.HttpConnection.SendAsync(HttpRequestMessage request, Boolean async, CancellationToken cancellationToken)
[2026-10-07 12:00:00Z ERR  BrokerServer] #####################################################
[2026-10-07 12:00:00Z ERR  BrokerServer] System.Net.Sockets.SocketException (995): La operación de E/S se anuló por una salida de subproceso o por una solicitud de aplicación.
[2026-10-07 12:00:00Z WARN BrokerServer] Back off 9,843 seconds before next retry. 4 attempt left.
[2026-10-07 12:00:00Z INFO BrokerMessageListener] Get messages has been cancelled using local token source. Continue to get messages with new status.
[2026-10-07 12:00:24Z INFO Terminal] WRITE LINE: Exiting...
[2026-10-07 12:00:24Z INFO ConfigurationStore] IsServiceConfigured()
[2026-10-07 12:00:24Z INFO ConfigurationStore] IsServiceConfigured: False
[2026-10-07 12:00:24Z INFO HostContext] Runner will be shutdown for UserCancelled
[2026-10-07 12:00:24Z WARN GitHubActionsService] GET request to https://broker.actions.githubusercontent.com/message?sessionId=3842d8b9-d9c2-4206-98bc-57507882078e&status=Online&runnerVersion=2.337.0&os=Windows&architecture=X64&disableUpdate=false has been cancelled.
[2026-10-07 12:00:24Z ERR  BrokerServer] Catch exception during request
[2026-10-07 12:00:24Z ERR  BrokerServer] System.Threading.Tasks.TaskCanceledException: The operation was canceled.
 ---> System.Threading.Tasks.TaskCanceledException: The operation was canceled.
 ---> System.IO.IOException: Unable to read data from the transport connection: La operación de E/S se anuló por una salida de subproceso o por una solicitud de aplicación..
 ---> System.Net.Sockets.SocketException (995): La operación de E/S se anuló por una salida de subproceso o por una solicitud de aplicación.
   --- End of inner exception stack trace ---
   at System.Net.Sockets.Socket.AwaitableSocketAsyncEventArgs.System.Threading.Tasks.Sources.IValueTaskSource<System.Int32>.GetResult(Int16 token)
   at System.Net.Security.SslStream.EnsureFullTlsFrameAsync[TIOAdapter](CancellationToken cancellationToken, Int32 estimatedSize)
   at System.Runtime.CompilerServices.PoolingAsyncValueTaskMethodBuilder`1.StateMachineBox`1.System.Threading.Tasks.Sources.IValueTaskSource<TResult>.GetResult(Int16 token)
   at System.Net.Security.SslStream.ReadAsyncInternal[TIOAdapter](Memory`1 buffer, CancellationToken cancellationToken)
   at System.Runtime.CompilerServices.PoolingAsyncValueTaskMethodBuilder`1.StateMachineBox`1.System.Threading.Tasks.Sources.IValueTaskSource<TResult>.GetResult(Int16 token)
   at System.Net.Http.HttpConnection.InitialFillAsync(Boolean async)
   at System.Net.Http.HttpConnection.SendAsync(HttpRequestMessage request, Boolean async, CancellationToken cancellationToken)
   --- End of inner exception stack trace ---
   at System.Net.Http.HttpConnection.SendAsync(HttpRequestMessage request, Boolean async, CancellationToken cancellationToken)
   at System.Net.Http.AuthenticationHelper.SendWithNtAuthAsync(HttpRequestMessage request, Uri authUri, Boolean async, ICredentials credentials, Boolean isProxyAuth, HttpConnection connection, HttpConnectionPool connectionPool, CancellationToken cancellationToken)
   at System.Net.Http.HttpConnectionPool.SendWithVersionDetectionAndRetryAsync(HttpRequestMessage request, Boolean async, Boolean doRequestAuth, CancellationToken cancellationToken)
   at System.Net.Http.AuthenticationHelper.SendWithAuthAsync(HttpRequestMessage request, Uri authUri, Boolean async, ICredentials credentials, Boolean preAuthenticate, Boolean isProxyAuth, Boolean doRequestAuth, HttpConnectionPool pool, CancellationToken cancellationToken)
   at System.Net.Http.RedirectHandler.SendAsync(HttpRequestMessage request, Boolean async, CancellationToken cancellationToken)
   at GitHub.Services.Common.RawHttpMessageHandler.SendAsync(HttpRequestMessage request, CancellationToken cancellationToken)
   at GitHub.Services.Common.VssHttpRetryMessageHandler.SendAsync(HttpRequestMessage request, CancellationToken cancellationToken)
   at System.Net.Http.HttpClient.<SendAsync>g__Core|83_0(HttpRequestMessage request, HttpCompletionOption completionOption, CancellationTokenSource cts, Boolean disposeCts, CancellationTokenSource pendingRequestsCts, CancellationToken originalCancellationToken)
   --- End of inner exception stack trace ---
   at System.Net.Http.HttpClient.HandleFailure(Exception e, Boolean telemetryStarted, HttpResponseMessage response, CancellationTokenSource cts, CancellationToken cancellationToken, CancellationTokenSource pendingRequestsCts)
   at System.Net.Http.HttpClient.<SendAsync>g__Core|83_0(HttpRequestMessage request, HttpCompletionOption completionOption, CancellationTokenSource cts, Boolean disposeCts, CancellationTokenSource pendingRequestsCts, CancellationToken originalCancellationToken)
   at Sdk.WebApi.WebApi.RawHttpClientBase.SendAsync(HttpRequestMessage message, HttpCompletionOption completionOption, Object userState, CancellationToken cancellationToken)
   at Sdk.WebApi.WebApi.RawHttpClientBase.SendAsync[T](HttpRequestMessage message, Boolean readErrorBody, Object userState, CancellationToken cancellationToken)
   at Sdk.WebApi.WebApi.RawHttpClientBase.SendAsync[T](HttpMethod method, IEnumerable`1 additionalHeaders, Uri requestUri, HttpContent content, IEnumerable`1 queryParameters, Boolean readErrorBody, Object userState, CancellationToken cancellationToken)
   at GitHub.Actions.RunService.WebApi.BrokerHttpClient.GetRunnerMessageAsync(Nullable`1 sessionId, String runnerVersion, Nullable`1 status, String os, String architecture, Nullable`1 disableUpdate, CancellationToken cancellationToken)
   at GitHub.Runner.Common.BrokerServer.<>c__DisplayClass7_0.<<GetRunnerMessageAsync>b__0>d.MoveNext()
--- End of stack trace from previous location ---
   at GitHub.Runner.Common.RunnerService.RetryRequest[T](Func`1 func, CancellationToken cancellationToken, Int32 maxAttempts, Func`2 shouldRetry)
[2026-10-07 12:00:24Z ERR  BrokerServer] #####################################################
[2026-10-07 12:00:24Z ERR  BrokerServer] System.Threading.Tasks.TaskCanceledException: The operation was canceled.
 ---> System.IO.IOException: Unable to read data from the transport connection: La operación de E/S se anuló por una salida de subproceso o por una solicitud de aplicación..
 ---> System.Net.Sockets.SocketException (995): La operación de E/S se anuló por una salida de subproceso o por una solicitud de aplicación.
   --- End of inner exception stack trace ---
   at System.Net.Sockets.Socket.AwaitableSocketAsyncEventArgs.System.Threading.Tasks.Sources.IValueTaskSource<System.Int32>.GetResult(Int16 token)
   at System.Net.Security.SslStream.EnsureFullTlsFrameAsync[TIOAdapter](CancellationToken cancellationToken, Int32 estimatedSize)
   at System.Runtime.CompilerServices.PoolingAsyncValueTaskMethodBuilder`1.StateMachineBox`1.System.Threading.Tasks.Sources.IValueTaskSource<TResult>.GetResult(Int16 token)
   at System.Net.Security.SslStream.ReadAsyncInternal[TIOAdapter](Memory`1 buffer, CancellationToken cancellationToken)
   at System.Runtime.CompilerServices.PoolingAsyncValueTaskMethodBuilder`1.StateMachineBox`1.System.Threading.Tasks.Sources.IValueTaskSource<TResult>.GetResult(Int16 token)
   at System.Net.Http.HttpConnection.InitialFillAsync(Boolean async)
   at System.Net.Http.HttpConnection.SendAsync(HttpRequestMessage request, Boolean async, CancellationToken cancellationToken)
   --- End of inner exception stack trace ---
   at System.Net.Http.HttpConnection.SendAsync(HttpRequestMessage request, Boolean async, CancellationToken cancellationToken)
   at System.Net.Http.AuthenticationHelper.SendWithNtAuthAsync(HttpRequestMessage request, Uri authUri, Boolean async, ICredentials credentials, Boolean isProxyAuth, HttpConnection connection, HttpConnectionPool connectionPool, CancellationToken cancellationToken)
   at System.Net.Http.HttpConnectionPool.SendWithVersionDetectionAndRetryAsync(HttpRequestMessage request, Boolean async, Boolean doRequestAuth, CancellationToken cancellationToken)
   at System.Net.Http.AuthenticationHelper.SendWithAuthAsync(HttpRequestMessage request, Uri authUri, Boolean async, ICredentials credentials, Boolean preAuthenticate, Boolean isProxyAuth, Boolean doRequestAuth, HttpConnectionPool pool, CancellationToken cancellationToken)
   at System.Net.Http.RedirectHandler.SendAsync(HttpRequestMessage request, Boolean async, CancellationToken cancellationToken)
   at GitHub.Services.Common.RawHttpMessageHandler.SendAsync(HttpRequestMessage request, CancellationToken cancellationToken)
   at GitHub.Services.Common.VssHttpRetryMessageHandler.SendAsync(HttpRequestMessage request, CancellationToken cancellationToken)
   at System.Net.Http.HttpClient.<SendAsync>g__Core|83_0(HttpRequestMessage request, HttpCompletionOption completionOption, CancellationTokenSource cts, Boolean disposeCts, CancellationTokenSource pendingRequestsCts, CancellationToken originalCancellationToken)
[2026-10-07 12:00:24Z ERR  BrokerServer] #####################################################
[2026-10-07 12:00:24Z ERR  BrokerServer] System.IO.IOException: Unable to read data from the transport connection: La operación de E/S se anuló por una salida de subproceso o por una solicitud de aplicación..
 ---> System.Net.Sockets.SocketException (995): La operación de E/S se anuló por una salida de subproceso o por una solicitud de aplicación.
   --- End of inner exception stack trace ---
   at System.Net.Sockets.Socket.AwaitableSocketAsyncEventArgs.System.Threading.Tasks.Sources.IValueTaskSource<System.Int32>.GetResult(Int16 token)
   at System.Net.Security.SslStream.EnsureFullTlsFrameAsync[TIOAdapter](CancellationToken cancellationToken, Int32 estimatedSize)
   at System.Runtime.CompilerServices.PoolingAsyncValueTaskMethodBuilder`1.StateMachineBox`1.System.Threading.Tasks.Sources.IValueTaskSource<TResult>.GetResult(Int16 token)
   at System.Net.Security.SslStream.ReadAsyncInternal[TIOAdapter](Memory`1 buffer, CancellationToken cancellationToken)
   at System.Runtime.CompilerServices.PoolingAsyncValueTaskMethodBuilder`1.StateMachineBox`1.System.Threading.Tasks.Sources.IValueTaskSource<TResult>.GetResult(Int16 token)
   at System.Net.Http.HttpConnection.InitialFillAsync(Boolean async)
   at System.Net.Http.HttpConnection.SendAsync(HttpRequestMessage request, Boolean async, CancellationToken cancellationToken)
[2026-10-07 12:00:24Z ERR  BrokerServer] #####################################################
[2026-10-07 12:00:24Z ERR  BrokerServer] System.Net.Sockets.SocketException (995): La operación de E/S se anuló por una salida de subproceso o por una solicitud de aplicación.
[2026-10-07 12:00:24Z WARN BrokerServer] Back off 6,277 seconds before next retry. 4 attempt left.
[2026-10-07 12:00:24Z INFO BrokerMessageListener] Get next message has been cancelled.
[2026-10-07 12:00:24Z INFO JobDispatcher] Shutting down JobDispatcher. Make sure all WorkerDispatcher has finished.
[2026-10-07 12:00:24Z INFO JobDispatcher] Ensure WorkerDispatcher for job 9d4f1a69-ace4-5ed0-a980-7a347843c1bd run to finish, cancel any running job.
[2026-10-07 12:00:24Z INFO JobDispatcher] Job request 9d4f1a69-ace4-5ed0-a980-7a347843c1bd processed succeed.
[2026-10-07 12:00:24Z INFO Runner] Deleting Runner Session...
[2026-10-07 12:00:24Z INFO Listener] Runner execution been cancelled.
