[2026-10-07 11:06:01Z INFO HostContext] No proxy settings were found based on environmental variables (http_proxy/https_proxy/HTTP_PROXY/HTTPS_PROXY)
[2026-10-07 11:06:01Z INFO HostContext] Well known directory 'Bin': 'C:\Users\neo_o\Desktop\Github Practicas\Users\actions-runner\bin'
[2026-10-07 11:06:01Z INFO HostContext] Well known directory 'Root': 'C:\Users\neo_o\Desktop\Github Practicas\Users\actions-runner'
[2026-10-07 11:06:01Z INFO HostContext] Well known config file 'Credentials': 'C:\Users\neo_o\Desktop\Github Practicas\Users\actions-runner\.credentials'
[2026-10-07 11:06:01Z INFO HostContext] Well known directory 'Bin': 'C:\Users\neo_o\Desktop\Github Practicas\Users\actions-runner\bin'
[2026-10-07 11:06:01Z INFO HostContext] Well known directory 'Root': 'C:\Users\neo_o\Desktop\Github Practicas\Users\actions-runner'
[2026-10-07 11:06:01Z INFO HostContext] Well known config file 'Runner': 'C:\Users\neo_o\Desktop\Github Practicas\Users\actions-runner\.runner'
[2026-10-07 11:06:01Z INFO Listener] Runner is built for Windows (X64) - win-x64.
[2026-10-07 11:06:01Z INFO Listener] RuntimeInformation: Microsoft Windows 10.0.26200.
[2026-10-07 11:06:01Z INFO Listener] Version: 2.337.0
[2026-10-07 11:06:01Z INFO Listener] Commit: 397b032cbf865e9c3ddfab89d533ec19325e1273
[2026-10-07 11:06:01Z INFO Listener] Culture: es-ES
[2026-10-07 11:06:01Z INFO Listener] UI Culture: es-ES
[2026-10-07 11:06:01Z INFO HostContext] Well known directory 'Bin': 'C:\Users\neo_o\Desktop\Github Practicas\Users\actions-runner\bin'
[2026-10-07 11:06:01Z INFO HostContext] Well known directory 'Root': 'C:\Users\neo_o\Desktop\Github Practicas\Users\actions-runner'
[2026-10-07 11:06:01Z INFO Listener] Validating directory permissions for: 'C:\Users\neo_o\Desktop\Github Practicas\Users\actions-runner'
[2026-10-07 11:06:01Z INFO CommandLineParser] Parse
[2026-10-07 11:06:01Z INFO CommandLineParser] Parsing 1 args
[2026-10-07 11:06:01Z INFO CommandLineParser] parsing argument
[2026-10-07 11:06:01Z INFO CommandLineParser] HasArgs: False
[2026-10-07 11:06:01Z INFO CommandLineParser] Adding Command: run
[2026-10-07 11:06:01Z INFO Listener] Arguments parsed
[2026-10-07 11:06:01Z INFO Runner] ExecuteCommand
[2026-10-07 11:06:01Z INFO ConfigurationStore] currentAssemblyLocation: C:\Users\neo_o\Desktop\Github Practicas\Users\actions-runner\bin\Runner.Listener.dll
[2026-10-07 11:06:01Z INFO HostContext] Well known directory 'Bin': 'C:\Users\neo_o\Desktop\Github Practicas\Users\actions-runner\bin'
[2026-10-07 11:06:01Z INFO ConfigurationStore] binPath: C:\Users\neo_o\Desktop\Github Practicas\Users\actions-runner\bin
[2026-10-07 11:06:01Z INFO HostContext] Well known directory 'Bin': 'C:\Users\neo_o\Desktop\Github Practicas\Users\actions-runner\bin'
[2026-10-07 11:06:01Z INFO HostContext] Well known directory 'Root': 'C:\Users\neo_o\Desktop\Github Practicas\Users\actions-runner'
[2026-10-07 11:06:01Z INFO ConfigurationStore] RootFolder: C:\Users\neo_o\Desktop\Github Practicas\Users\actions-runner
[2026-10-07 11:06:01Z INFO HostContext] Well known directory 'Bin': 'C:\Users\neo_o\Desktop\Github Practicas\Users\actions-runner\bin'
[2026-10-07 11:06:01Z INFO HostContext] Well known directory 'Root': 'C:\Users\neo_o\Desktop\Github Practicas\Users\actions-runner'
[2026-10-07 11:06:01Z INFO HostContext] Well known config file 'Runner': 'C:\Users\neo_o\Desktop\Github Practicas\Users\actions-runner\.runner'
[2026-10-07 11:06:01Z INFO ConfigurationStore] ConfigFilePath: C:\Users\neo_o\Desktop\Github Practicas\Users\actions-runner\.runner
[2026-10-07 11:06:01Z INFO HostContext] Well known directory 'Bin': 'C:\Users\neo_o\Desktop\Github Practicas\Users\actions-runner\bin'
[2026-10-07 11:06:01Z INFO HostContext] Well known directory 'Root': 'C:\Users\neo_o\Desktop\Github Practicas\Users\actions-runner'
[2026-10-07 11:06:01Z INFO HostContext] Well known config file 'MigratedRunner': 'C:\Users\neo_o\Desktop\Github Practicas\Users\actions-runner\.runner_migrated'
[2026-10-07 11:06:01Z INFO ConfigurationStore] MigratedConfigFilePath: C:\Users\neo_o\Desktop\Github Practicas\Users\actions-runner\.runner_migrated
[2026-10-07 11:06:01Z INFO HostContext] Well known directory 'Bin': 'C:\Users\neo_o\Desktop\Github Practicas\Users\actions-runner\bin'
[2026-10-07 11:06:01Z INFO HostContext] Well known directory 'Root': 'C:\Users\neo_o\Desktop\Github Practicas\Users\actions-runner'
[2026-10-07 11:06:01Z INFO HostContext] Well known config file 'Credentials': 'C:\Users\neo_o\Desktop\Github Practicas\Users\actions-runner\.credentials'
[2026-10-07 11:06:01Z INFO ConfigurationStore] CredFilePath: C:\Users\neo_o\Desktop\Github Practicas\Users\actions-runner\.credentials
[2026-10-07 11:06:01Z INFO HostContext] Well known directory 'Bin': 'C:\Users\neo_o\Desktop\Github Practicas\Users\actions-runner\bin'
[2026-10-07 11:06:01Z INFO HostContext] Well known directory 'Root': 'C:\Users\neo_o\Desktop\Github Practicas\Users\actions-runner'
[2026-10-07 11:06:01Z INFO HostContext] Well known config file 'MigratedCredentials': 'C:\Users\neo_o\Desktop\Github Practicas\Users\actions-runner\.credentials_migrated'
[2026-10-07 11:06:01Z INFO ConfigurationStore] MigratedCredFilePath: C:\Users\neo_o\Desktop\Github Practicas\Users\actions-runner\.credentials_migrated
[2026-10-07 11:06:01Z INFO HostContext] Well known directory 'Bin': 'C:\Users\neo_o\Desktop\Github Practicas\Users\actions-runner\bin'
[2026-10-07 11:06:01Z INFO HostContext] Well known directory 'Root': 'C:\Users\neo_o\Desktop\Github Practicas\Users\actions-runner'
[2026-10-07 11:06:01Z INFO HostContext] Well known config file 'Service': 'C:\Users\neo_o\Desktop\Github Practicas\Users\actions-runner\.service'
[2026-10-07 11:06:01Z INFO ConfigurationStore] ServiceConfigFilePath: C:\Users\neo_o\Desktop\Github Practicas\Users\actions-runner\.service
[2026-10-07 11:06:01Z INFO CommandSettings] Flag 'help': 'False'
[2026-10-07 11:06:01Z INFO CommandSettings] Flag 'version': 'False'
[2026-10-07 11:06:01Z INFO CommandSettings] Flag 'commit': 'False'
[2026-10-07 11:06:01Z INFO CommandSettings] Flag 'check': 'False'
[2026-10-07 11:06:01Z INFO CommandSettings] Command 'configure': 'False'
[2026-10-07 11:06:01Z INFO CommandSettings] Command 'remove': 'False'
[2026-10-07 11:06:01Z INFO CommandSettings] Command 'warmup': 'False'
[2026-10-07 11:06:01Z INFO ConfigurationManager] LoadSettings
[2026-10-07 11:06:01Z INFO ConfigurationStore] IsConfigured()
[2026-10-07 11:06:01Z INFO ConfigurationStore] IsConfigured: True
[2026-10-07 11:06:01Z INFO ConfigurationManager] Is configured: True
[2026-10-07 11:06:01Z INFO ConfigurationStore] Read setting file: 398 chars
[2026-10-07 11:06:01Z INFO ConfigurationManager] Settings Loaded
[2026-10-07 11:06:01Z INFO ConfigurationStore] IsServiceConfigured()
[2026-10-07 11:06:01Z INFO ConfigurationStore] IsServiceConfigured: False
[2026-10-07 11:06:01Z INFO CommandSettings] Command 'run': 'True'
[2026-10-07 11:06:01Z INFO ConfigurationStore] IsConfigured()
[2026-10-07 11:06:01Z INFO ConfigurationStore] IsConfigured: True
[2026-10-07 11:06:01Z INFO ConfigurationManager] Is configured: True
[2026-10-07 11:06:01Z INFO Runner] Could not parse the argument value '' for StartupType. Defaulting to Manual
[2026-10-07 11:06:01Z INFO Runner] Set runner startup type - Manual
[2026-10-07 11:06:01Z INFO CommandSettings] Flag 'once': 'False'
[2026-10-07 11:06:01Z INFO CommandSettings] Flag 'once': 'False'
[2026-10-07 11:06:01Z INFO Runner] RunAsync
[2026-10-07 11:06:01Z INFO HostContext] Well known directory 'Bin': 'C:\Users\neo_o\Desktop\Github Practicas\Users\actions-runner\bin'
[2026-10-07 11:06:01Z INFO HostContext] Well known directory 'Root': 'C:\Users\neo_o\Desktop\Github Practicas\Users\actions-runner'
[2026-10-07 11:06:01Z INFO HostContext] Well known directory 'Work': 'C:\Users\neo_o\Desktop\Github Practicas\Users\actions-runner\_work'
[2026-10-07 11:06:01Z INFO Runner] Validating directory permissions for: 'C:\Users\neo_o\Desktop\Github Practicas\Users\actions-runner\_work'
[2026-10-07 11:06:01Z INFO ConfigurationManager] LoadMigratedSettings
[2026-10-07 11:06:01Z INFO ConfigurationStore] IsMigratedConfigured()
[2026-10-07 11:06:01Z INFO ConfigurationStore] IsMigratedConfigured: False
[2026-10-07 11:06:01Z INFO Runner] Failed to load migrated settings: No migrated configuration found.
[2026-10-07 11:06:01Z INFO Runner] Falling back to original .runner settings
[2026-10-07 11:06:01Z INFO Runner] Using BrokerMessageListener
[2026-10-07 11:06:01Z INFO BrokerMessageListener] Using provided settings
[2026-10-07 11:06:01Z INFO BrokerMessageListener] {
  "AgentId": 22,
  "AgentName": "DESKTOP-DQK7SKT",
  "PoolId": 1,
  "PoolName": "Default",
  "ServerUrl": "https://pipelinesghubeus3.actions.githubusercontent.com/lRIrfmhBQOQOisN18JBIOeSYw7t1EHpkUDnQoMLIBXODqc7uyt/",
  "GitHubUrl": "https://github.com/Alejfk/Colaborative",
  "WorkFolder": "_work",
  "UseV2Flow": true,
  "ServerUrlV2": "https://broker.actions.githubusercontent.com/"
}
[2026-10-07 11:06:01Z INFO BrokerMessageListener] Loading Credentials
[2026-10-07 11:06:01Z INFO ConfigurationStore] HasCredentials()
[2026-10-07 11:06:01Z INFO ConfigurationStore] stored True
[2026-10-07 11:06:01Z INFO CredentialManager] GetCredentialProvider
[2026-10-07 11:06:01Z INFO CredentialManager] Creating type OAuth
[2026-10-07 11:06:01Z INFO CredentialManager] Creating credential type: OAuth
[2026-10-07 11:06:01Z INFO HostContext] Well known directory 'Bin': 'C:\Users\neo_o\Desktop\Github Practicas\Users\actions-runner\bin'
[2026-10-07 11:06:01Z INFO HostContext] Well known directory 'Root': 'C:\Users\neo_o\Desktop\Github Practicas\Users\actions-runner'
[2026-10-07 11:06:01Z INFO HostContext] Well known config file 'RSACredentials': 'C:\Users\neo_o\Desktop\Github Practicas\Users\actions-runner\.credentials_rsaparams'
[2026-10-07 11:06:01Z INFO RSAEncryptedFileKeyManager] Loading RSA key parameters from file C:\Users\neo_o\Desktop\Github Practicas\Users\actions-runner\.credentials_rsaparams
[2026-10-07 11:06:01Z INFO BrokerMessageListener] Attempt to create session.
[2026-10-07 11:06:01Z INFO BrokerMessageListener] Connecting to the Broker Server...
[2026-10-07 11:06:01Z INFO ConfigurationStore] HasCredentials()
[2026-10-07 11:06:01Z INFO ConfigurationStore] stored True
[2026-10-07 11:06:01Z INFO CredentialManager] GetCredentialProvider
[2026-10-07 11:06:01Z INFO CredentialManager] Creating type OAuth
[2026-10-07 11:06:01Z INFO CredentialManager] Creating credential type: OAuth
[2026-10-07 11:06:01Z INFO RSAEncryptedFileKeyManager] Loading RSA key parameters from file C:\Users\neo_o\Desktop\Github Practicas\Users\actions-runner\.credentials_rsaparams
[2026-10-07 11:06:01Z INFO BrokerMessageListener] VssConnection created
[2026-10-07 11:06:01Z INFO BrokerMessageListener] Connecting to the Runner server...
[2026-10-07 11:06:01Z INFO RunnerServer] EstablishVssConnection
[2026-10-07 11:06:01Z INFO RunnerServer] Establish connection with 100 seconds timeout.
[2026-10-07 11:06:01Z INFO GitHubActionsService] Starting operation Location.GetConnectionData
[2026-10-07 11:06:01Z INFO RunnerServer] EstablishVssConnection
[2026-10-07 11:06:01Z INFO RunnerServer] Establish connection with 60 seconds timeout.
[2026-10-07 11:06:01Z INFO GitHubActionsService] Starting operation Location.GetConnectionData
[2026-10-07 11:06:01Z INFO RunnerServer] EstablishVssConnection
[2026-10-07 11:06:01Z INFO RunnerServer] Establish connection with 60 seconds timeout.
[2026-10-07 11:06:01Z INFO GitHubActionsService] Starting operation Location.GetConnectionData
[2026-10-07 11:06:02Z INFO GitHubActionsService] Finished operation Location.GetConnectionData
[2026-10-07 11:06:02Z INFO GitHubActionsService] Finished operation Location.GetConnectionData
[2026-10-07 11:06:02Z INFO GitHubActionsService] Finished operation Location.GetConnectionData
[2026-10-07 11:06:02Z INFO BrokerMessageListener] VssConnection created
[2026-10-07 11:06:02Z INFO Terminal] WRITE LINE: 
[2026-10-07 11:06:02Z INFO Terminal] WRITE LINE: 
[2026-10-07 11:06:02Z INFO RSAEncryptedFileKeyManager] Loading RSA key parameters from file C:\Users\neo_o\Desktop\Github Practicas\Users\actions-runner\.credentials_rsaparams
[2026-10-07 11:06:02Z INFO RSAEncryptedFileKeyManager] Loading RSA key parameters from file C:\Users\neo_o\Desktop\Github Practicas\Users\actions-runner\.credentials_rsaparams
[2026-10-07 11:06:03Z INFO GitHubActionsService] AAD Correlation ID for this token request: Unknown
[2026-10-07 11:06:03Z INFO BrokerMessageListener] Session created.
[2026-10-07 11:06:03Z INFO Terminal] WRITE LINE: Current runner version: '2.337.0'
[2026-10-07 11:06:03Z INFO Terminal] WRITE LINE: 2026-10-07 11:06:03Z: Listening for Jobs
[2026-10-07 11:06:03Z INFO JobDispatcher] Set runner/worker IPC timeout to 30 seconds.
[2026-10-07 11:06:29Z INFO BrokerMessageListener] Acknowledging runner request 'cd956abb-53a0-5fe4-a993-3b65e294bc71'.
[2026-10-07 11:06:30Z INFO ConfigurationStore] HasCredentials()
[2026-10-07 11:06:30Z INFO ConfigurationStore] stored True
[2026-10-07 11:06:30Z INFO CredentialManager] GetCredentialProvider
[2026-10-07 11:06:30Z INFO CredentialManager] Creating type OAuth
[2026-10-07 11:06:30Z INFO CredentialManager] Creating credential type: OAuth
[2026-10-07 11:06:30Z INFO RSAEncryptedFileKeyManager] Loading RSA key parameters from file C:\Users\neo_o\Desktop\Github Practicas\Users\actions-runner\.credentials_rsaparams
[2026-10-07 11:06:30Z INFO RSAEncryptedFileKeyManager] Loading RSA key parameters from file C:\Users\neo_o\Desktop\Github Practicas\Users\actions-runner\.credentials_rsaparams
[2026-10-07 11:06:30Z INFO RSAEncryptedFileKeyManager] Loading RSA key parameters from file C:\Users\neo_o\Desktop\Github Practicas\Users\actions-runner\.credentials_rsaparams
[2026-10-07 11:06:30Z INFO GitHubActionsService] AAD Correlation ID for this token request: Unknown
[2026-10-07 11:06:31Z INFO JobDispatcher] Job request 0 for plan 0e2825fb-dffd-83e3-9eda-72b62d2b992f job cd956abb-53a0-5fe4-a993-3b65e294bc71 received.
[2026-10-07 11:06:31Z INFO JobDispatcher] Pull OrchestrationId 0e2825fb-dffd-83e3-9eda-72b62d2b992f.build.__default from JWT claims
[2026-10-07 11:06:31Z INFO BrokerMessageListener] Received job status event. JobState: Busy
[2026-10-07 11:06:31Z INFO BrokerMessageListener] _getMessagesTokenSource is already disposed.
[2026-10-07 11:06:31Z INFO Terminal] WRITE LINE: 2026-10-07 11:06:31Z: Running job: build
[2026-10-07 11:06:31Z INFO JobDispatcher] Start renew job request 0 for job cd956abb-53a0-5fe4-a993-3b65e294bc71.
[2026-10-07 11:06:31Z INFO JobDispatcher] Successfully renew job cd956abb-53a0-5fe4-a993-3b65e294bc71, job is valid till 07/10/2026 11:16:30
[2026-10-07 11:06:31Z INFO HostContext] Well known directory 'Bin': 'C:\Users\neo_o\Desktop\Github Practicas\Users\actions-runner\bin'
[2026-10-07 11:06:32Z INFO ProcessInvokerWrapper] Starting process:
[2026-10-07 11:06:32Z INFO ProcessInvokerWrapper]   File name: 'C:\Users\neo_o\Desktop\Github Practicas\Users\actions-runner\bin\Runner.Worker.exe'
[2026-10-07 11:06:32Z INFO ProcessInvokerWrapper]   Arguments: 'spawnclient 2280 2292'
[2026-10-07 11:06:32Z INFO ProcessInvokerWrapper]   Working directory: 'C:\Users\neo_o\Desktop\Github Practicas\Users\actions-runner\bin'
[2026-10-07 11:06:32Z INFO ProcessInvokerWrapper]   Require exit code zero: 'False'
[2026-10-07 11:06:32Z INFO ProcessInvokerWrapper]   Encoding web name:  ; code page: ''
[2026-10-07 11:06:32Z INFO ProcessInvokerWrapper]   Force kill process on cancellation: 'True'
[2026-10-07 11:06:32Z INFO ProcessInvokerWrapper]   Redirected STDIN: 'False'
[2026-10-07 11:06:32Z INFO ProcessInvokerWrapper]   Persist current code page: 'False'
[2026-10-07 11:06:32Z INFO ProcessInvokerWrapper]   Keep redirected STDIN open: 'False'
[2026-10-07 11:06:32Z INFO ProcessInvokerWrapper]   High priority process: 'True'
[2026-10-07 11:06:32Z INFO ProcessInvokerWrapper] Process started with process id 2384, waiting for process exit.
[2026-10-07 11:06:32Z INFO JobDispatcher] Send job request message to worker for job cd956abb-53a0-5fe4-a993-3b65e294bc71.
[2026-10-07 11:06:32Z INFO ProcessChannel] Sending message of length 21808, with hash '75d1ad8e1fc1974a4cd00779b9c3b0cb38b1488fa4b3ea113ac3769cbea439d1'
[2026-10-07 11:06:32Z INFO JobNotification] Entering JobStarted Notification
[2026-10-07 11:06:32Z INFO JobNotification] Entering StartMonitor
[2026-10-07 11:06:51Z INFO ProcessInvokerWrapper] STDOUT/STDERR stream read finished.
[2026-10-07 11:06:51Z INFO ProcessInvokerWrapper] STDOUT/STDERR stream read finished.
[2026-10-07 11:06:51Z INFO ProcessInvokerWrapper] Finished process 2384 with exit code 102, and elapsed time 00:00:19.7970349.
[2026-10-07 11:06:51Z INFO JobDispatcher] Worker finished for job cd956abb-53a0-5fe4-a993-3b65e294bc71. Code: 102
[2026-10-07 11:06:51Z INFO JobDispatcher] finish job request for job cd956abb-53a0-5fe4-a993-3b65e294bc71 with result: Failed
[2026-10-07 11:06:51Z INFO Terminal] WRITE LINE: 2026-10-07 11:06:51Z: Job build completed with result: Failed
[2026-10-07 11:06:51Z INFO JobDispatcher] Stop renew job request for job cd956abb-53a0-5fe4-a993-3b65e294bc71.
[2026-10-07 11:06:51Z INFO JobDispatcher] job renew has been cancelled, stop renew job cd956abb-53a0-5fe4-a993-3b65e294bc71.
[2026-10-07 11:06:51Z INFO JobNotification] Entering JobCompleted Notification
[2026-10-07 11:06:51Z INFO JobNotification] Entering EndMonitor
[2026-10-07 11:06:51Z INFO BrokerMessageListener] Received job status event. JobState: Online
[2026-10-07 11:06:51Z WARN GitHubActionsService] GET request to https://broker.actions.githubusercontent.com/message?sessionId=7972befb-9d43-4cad-b7a9-4867215cb77c&status=Busy&runnerVersion=2.337.0&os=Windows&architecture=X64&disableUpdate=false has been cancelled.
[2026-10-07 11:06:51Z ERR  BrokerServer] Catch exception during request
[2026-10-07 11:06:51Z ERR  BrokerServer] System.Threading.Tasks.TaskCanceledException: The operation was canceled.
 ---> System.Threading.Tasks.TaskCanceledException: The operation was canceled.
 ---> System.IO.IOException: Unable to read data from the transport connection: La operación de E/S se anuló por una salida de subproceso o por una solicitud de aplicación..
 ---> System.Net.Sockets.SocketException (995): La operación de E/S se anuló por una salida de subproceso o por una solicitud de aplicación.
   --- End of inner exception stack trace ---
   at System.Net.Sockets.Socket.AwaitableSocketAsyncEventArgs.ThrowException(SocketError error, CancellationToken cancellationToken)
   at System.Net.Sockets.Socket.AwaitableSocketAsyncEventArgs.System.Threading.Tasks.Sources.IValueTaskSource<System.Int32>.GetResult(Int16 token)
   at System.Net.Security.SslStream.EnsureFullTlsFrameAsync[TIOAdapter](CancellationToken cancellationToken, Int32 estimatedSize)
   at System.Runtime.CompilerServices.PoolingAsyncValueTaskMethodBuilder`1.StateMachineBox`1.System.Threading.Tasks.Sources.IValueTaskSource<TResult>.GetResult(Int16 token)
   at System.Net.Security.SslStream.ReadAsyncInternal[TIOAdapter](Memory`1 buffer, CancellationToken cancellationToken)
   at System.Runtime.CompilerServices.PoolingAsyncValueTaskMethodBuilder`1.StateMachineBox`1.System.Threading.Tasks.Sources.IValueTaskSource<TResult>.GetResult(Int16 token)
   at System.Net.Http.HttpConnection.SendAsync(HttpRequestMessage request, Boolean async, CancellationToken cancellationToken)
   --- End of inner exception stack trace ---
   at System.Net.Http.HttpConnection.SendAsync(HttpRequestMessage request, Boolean async, CancellationToken cancellationToken)
   at System.Net.Http.AuthenticationHelper.SendWithNtAuthAsync(HttpRequestMessage request, Uri authUri, Boolean async, ICredentials credentials, Boolean isProxyAuth, HttpConnection connection, HttpConnectionPool connectionPool, CancellationToken cancellationToken)
   at System.Net.Http.HttpConnectionPool.SendWithVersionDetectionAndRetryAsync(HttpRequestMessage request, Boolean async, Boolean doRequestAuth, CancellationToken cancellationToken)
   at System.Net.Http.AuthenticationHelper.SendWithAuthAsync(HttpRequestMessage request, Uri authUri, Boolean async, ICredentials credentials, Boolean preAuthenticate, Boolean isProxyAuth, Boolean doRequestAuth, HttpConnectionPool pool, CancellationToken cancellationToken)
   at System.Net.Http.RedirectHandler.SendAsync(HttpRequestMessage request, Boolean async, CancellationToken cancellationToken)
   at GitHub.Services.Common.RawHttpMessageHandler.SendAsync(HttpRequestMessage request, CancellationToken cancellationToken)
   at GitHub.Services.Common.VssHttpRetryMessageHandler.SendAsync(HttpRequestMessage request, CancellationToken cancellationToken)
   at System.Net.Http.HttpClient.<SendAsync>g__Core|83_0(HttpRequestMessage request, HttpCompletionOption completionOption, CancellationTokenSource cts, Boolean disposeCts, CancellationTokenSource pendingRequestsCts, CancellationToken originalCancellationToken)
   --- End of inner exception stack trace ---
   at System.Net.Http.HttpClient.HandleFailure(Exception e, Boolean telemetryStarted, HttpResponseMessage response, CancellationTokenSource cts, CancellationToken cancellationToken, CancellationTokenSource pendingRequestsCts)
   at System.Net.Http.HttpClient.<SendAsync>g__Core|83_0(HttpRequestMessage request, HttpCompletionOption completionOption, CancellationTokenSource cts, Boolean disposeCts, CancellationTokenSource pendingRequestsCts, CancellationToken originalCancellationToken)
   at Sdk.WebApi.WebApi.RawHttpClientBase.SendAsync(HttpRequestMessage message, HttpCompletionOption completionOption, Object userState, CancellationToken cancellationToken)
   at Sdk.WebApi.WebApi.RawHttpClientBase.SendAsync[T](HttpRequestMessage message, Boolean readErrorBody, Object userState, CancellationToken cancellationToken)
   at Sdk.WebApi.WebApi.RawHttpClientBase.SendAsync[T](HttpMethod method, IEnumerable`1 additionalHeaders, Uri requestUri, HttpContent content, IEnumerable`1 queryParameters, Boolean readErrorBody, Object userState, CancellationToken cancellationToken)
   at GitHub.Actions.RunService.WebApi.BrokerHttpClient.GetRunnerMessageAsync(Nullable`1 sessionId, String runnerVersion, Nullable`1 status, String os, String architecture, Nullable`1 disableUpdate, CancellationToken cancellationToken)
   at GitHub.Runner.Common.BrokerServer.<>c__DisplayClass7_0.<<GetRunnerMessageAsync>b__0>d.MoveNext()
--- End of stack trace from previous location ---
   at GitHub.Runner.Common.RunnerService.RetryRequest[T](Func`1 func, CancellationToken cancellationToken, Int32 maxAttempts, Func`2 shouldRetry)
[2026-10-07 11:06:51Z ERR  BrokerServer] #####################################################
[2026-10-07 11:06:51Z ERR  BrokerServer] System.Threading.Tasks.TaskCanceledException: The operation was canceled.
 ---> System.IO.IOException: Unable to read data from the transport connection: La operación de E/S se anuló por una salida de subproceso o por una solicitud de aplicación..
 ---> System.Net.Sockets.SocketException (995): La operación de E/S se anuló por una salida de subproceso o por una solicitud de aplicación.
   --- End of inner exception stack trace ---
   at System.Net.Sockets.Socket.AwaitableSocketAsyncEventArgs.ThrowException(SocketError error, CancellationToken cancellationToken)
   at System.Net.Sockets.Socket.AwaitableSocketAsyncEventArgs.System.Threading.Tasks.Sources.IValueTaskSource<System.Int32>.GetResult(Int16 token)
   at System.Net.Security.SslStream.EnsureFullTlsFrameAsync[TIOAdapter](CancellationToken cancellationToken, Int32 estimatedSize)
   at System.Runtime.CompilerServices.PoolingAsyncValueTaskMethodBuilder`1.StateMachineBox`1.System.Threading.Tasks.Sources.IValueTaskSource<TResult>.GetResult(Int16 token)
   at System.Net.Security.SslStream.ReadAsyncInternal[TIOAdapter](Memory`1 buffer, CancellationToken cancellationToken)
   at System.Runtime.CompilerServices.PoolingAsyncValueTaskMethodBuilder`1.StateMachineBox`1.System.Threading.Tasks.Sources.IValueTaskSource<TResult>.GetResult(Int16 token)
   at System.Net.Http.HttpConnection.SendAsync(HttpRequestMessage request, Boolean async, CancellationToken cancellationToken)
   --- End of inner exception stack trace ---
   at System.Net.Http.HttpConnection.SendAsync(HttpRequestMessage request, Boolean async, CancellationToken cancellationToken)
   at System.Net.Http.AuthenticationHelper.SendWithNtAuthAsync(HttpRequestMessage request, Uri authUri, Boolean async, ICredentials credentials, Boolean isProxyAuth, HttpConnection connection, HttpConnectionPool connectionPool, CancellationToken cancellationToken)
   at System.Net.Http.HttpConnectionPool.SendWithVersionDetectionAndRetryAsync(HttpRequestMessage request, Boolean async, Boolean doRequestAuth, CancellationToken cancellationToken)
   at System.Net.Http.AuthenticationHelper.SendWithAuthAsync(HttpRequestMessage request, Uri authUri, Boolean async, ICredentials credentials, Boolean preAuthenticate, Boolean isProxyAuth, Boolean doRequestAuth, HttpConnectionPool pool, CancellationToken cancellationToken)
   at System.Net.Http.RedirectHandler.SendAsync(HttpRequestMessage request, Boolean async, CancellationToken cancellationToken)
   at GitHub.Services.Common.RawHttpMessageHandler.SendAsync(HttpRequestMessage request, CancellationToken cancellationToken)
   at GitHub.Services.Common.VssHttpRetryMessageHandler.SendAsync(HttpRequestMessage request, CancellationToken cancellationToken)
   at System.Net.Http.HttpClient.<SendAsync>g__Core|83_0(HttpRequestMessage request, HttpCompletionOption completionOption, CancellationTokenSource cts, Boolean disposeCts, CancellationTokenSource pendingRequestsCts, CancellationToken originalCancellationToken)
[2026-10-07 11:06:51Z ERR  BrokerServer] #####################################################
[2026-10-07 11:06:51Z ERR  BrokerServer] System.IO.IOException: Unable to read data from the transport connection: La operación de E/S se anuló por una salida de subproceso o por una solicitud de aplicación..
 ---> System.Net.Sockets.SocketException (995): La operación de E/S se anuló por una salida de subproceso o por una solicitud de aplicación.
   --- End of inner exception stack trace ---
   at System.Net.Sockets.Socket.AwaitableSocketAsyncEventArgs.ThrowException(SocketError error, CancellationToken cancellationToken)
   at System.Net.Sockets.Socket.AwaitableSocketAsyncEventArgs.System.Threading.Tasks.Sources.IValueTaskSource<System.Int32>.GetResult(Int16 token)
   at System.Net.Security.SslStream.EnsureFullTlsFrameAsync[TIOAdapter](CancellationToken cancellationToken, Int32 estimatedSize)
   at System.Runtime.CompilerServices.PoolingAsyncValueTaskMethodBuilder`1.StateMachineBox`1.System.Threading.Tasks.Sources.IValueTaskSource<TResult>.GetResult(Int16 token)
   at System.Net.Security.SslStream.ReadAsyncInternal[TIOAdapter](Memory`1 buffer, CancellationToken cancellationToken)
   at System.Runtime.CompilerServices.PoolingAsyncValueTaskMethodBuilder`1.StateMachineBox`1.System.Threading.Tasks.Sources.IValueTaskSource<TResult>.GetResult(Int16 token)
   at System.Net.Http.HttpConnection.SendAsync(HttpRequestMessage request, Boolean async, CancellationToken cancellationToken)
[2026-10-07 11:06:51Z ERR  BrokerServer] #####################################################
[2026-10-07 11:06:51Z ERR  BrokerServer] System.Net.Sockets.SocketException (995): La operación de E/S se anuló por una salida de subproceso o por una solicitud de aplicación.
[2026-10-07 11:06:51Z WARN BrokerServer] Back off 5,377 seconds before next retry. 4 attempt left.
[2026-10-07 11:06:51Z INFO BrokerMessageListener] Get messages has been cancelled using local token source. Continue to get messages with new status.
[2026-10-07 11:10:11Z INFO BrokerMessageListener] Acknowledging runner request '51cacf18-5900-5277-b71b-8d1250b4c465'.
[2026-10-07 11:10:11Z INFO ConfigurationStore] HasCredentials()
[2026-10-07 11:10:11Z INFO ConfigurationStore] stored True
[2026-10-07 11:10:11Z INFO CredentialManager] GetCredentialProvider
[2026-10-07 11:10:11Z INFO CredentialManager] Creating type OAuth
[2026-10-07 11:10:11Z INFO CredentialManager] Creating credential type: OAuth
[2026-10-07 11:10:11Z INFO RSAEncryptedFileKeyManager] Loading RSA key parameters from file C:\Users\neo_o\Desktop\Github Practicas\Users\actions-runner\.credentials_rsaparams
[2026-10-07 11:10:11Z INFO RSAEncryptedFileKeyManager] Loading RSA key parameters from file C:\Users\neo_o\Desktop\Github Practicas\Users\actions-runner\.credentials_rsaparams
[2026-10-07 11:10:11Z INFO RSAEncryptedFileKeyManager] Loading RSA key parameters from file C:\Users\neo_o\Desktop\Github Practicas\Users\actions-runner\.credentials_rsaparams
[2026-10-07 11:10:11Z INFO GitHubActionsService] AAD Correlation ID for this token request: Unknown
[2026-10-07 11:10:12Z INFO JobDispatcher] Job request 0 for plan 5e6c574b-8217-8dc4-a9bc-cb612b8a7e1f job 51cacf18-5900-5277-b71b-8d1250b4c465 received.
[2026-10-07 11:10:12Z INFO JobDispatcher] Pull OrchestrationId 5e6c574b-8217-8dc4-a9bc-cb612b8a7e1f.build.__default from JWT claims
[2026-10-07 11:10:12Z INFO BrokerMessageListener] Received job status event. JobState: Busy
[2026-10-07 11:10:12Z INFO BrokerMessageListener] _getMessagesTokenSource is already disposed.
[2026-10-07 11:10:12Z INFO JobDispatcher] Job request cd956abb-53a0-5fe4-a993-3b65e294bc71 processed succeed.
[2026-10-07 11:10:12Z INFO Terminal] WRITE LINE: 2026-10-07 11:10:12Z: Running job: build
[2026-10-07 11:10:12Z INFO JobDispatcher] Start renew job request 0 for job 51cacf18-5900-5277-b71b-8d1250b4c465.
[2026-10-07 11:10:13Z INFO JobDispatcher] Successfully renew job 51cacf18-5900-5277-b71b-8d1250b4c465, job is valid till 07/10/2026 11:20:12
[2026-10-07 11:10:13Z INFO HostContext] Well known directory 'Bin': 'C:\Users\neo_o\Desktop\Github Practicas\Users\actions-runner\bin'
[2026-10-07 11:10:13Z INFO ProcessInvokerWrapper] Starting process:
[2026-10-07 11:10:13Z INFO ProcessInvokerWrapper]   File name: 'C:\Users\neo_o\Desktop\Github Practicas\Users\actions-runner\bin\Runner.Worker.exe'
[2026-10-07 11:10:13Z INFO ProcessInvokerWrapper]   Arguments: 'spawnclient 2292 600'
[2026-10-07 11:10:13Z INFO ProcessInvokerWrapper]   Working directory: 'C:\Users\neo_o\Desktop\Github Practicas\Users\actions-runner\bin'
[2026-10-07 11:10:13Z INFO ProcessInvokerWrapper]   Require exit code zero: 'False'
[2026-10-07 11:10:13Z INFO ProcessInvokerWrapper]   Encoding web name:  ; code page: ''
[2026-10-07 11:10:13Z INFO ProcessInvokerWrapper]   Force kill process on cancellation: 'True'
[2026-10-07 11:10:13Z INFO ProcessInvokerWrapper]   Redirected STDIN: 'False'
[2026-10-07 11:10:13Z INFO ProcessInvokerWrapper]   Persist current code page: 'False'
[2026-10-07 11:10:13Z INFO ProcessInvokerWrapper]   Keep redirected STDIN open: 'False'
[2026-10-07 11:10:13Z INFO ProcessInvokerWrapper]   High priority process: 'True'
[2026-10-07 11:10:13Z INFO ProcessInvokerWrapper] Process started with process id 8188, waiting for process exit.
[2026-10-07 11:10:13Z INFO JobDispatcher] Send job request message to worker for job 51cacf18-5900-5277-b71b-8d1250b4c465.
[2026-10-07 11:10:13Z INFO ProcessChannel] Sending message of length 21808, with hash '6dd9b777084a4143f38eb80b6d9563d6bf9a01a8be7cd1a730ca513db7b644b8'
[2026-10-07 11:10:13Z INFO JobNotification] Entering JobStarted Notification
[2026-10-07 11:10:13Z INFO JobNotification] Entering StartMonitor
[2026-10-07 11:10:32Z INFO ProcessInvokerWrapper] STDOUT/STDERR stream read finished.
[2026-10-07 11:10:32Z INFO ProcessInvokerWrapper] STDOUT/STDERR stream read finished.
[2026-10-07 11:10:32Z INFO ProcessInvokerWrapper] Finished process 8188 with exit code 102, and elapsed time 00:00:19.0164046.
[2026-10-07 11:10:32Z INFO JobDispatcher] Worker finished for job 51cacf18-5900-5277-b71b-8d1250b4c465. Code: 102
[2026-10-07 11:10:32Z INFO JobDispatcher] finish job request for job 51cacf18-5900-5277-b71b-8d1250b4c465 with result: Failed
[2026-10-07 11:10:32Z INFO Terminal] WRITE LINE: 2026-10-07 11:10:32Z: Job build completed with result: Failed
[2026-10-07 11:10:32Z INFO JobDispatcher] Stop renew job request for job 51cacf18-5900-5277-b71b-8d1250b4c465.
[2026-10-07 11:10:32Z INFO JobDispatcher] job renew has been cancelled, stop renew job 51cacf18-5900-5277-b71b-8d1250b4c465.
[2026-10-07 11:10:32Z INFO JobNotification] Entering JobCompleted Notification
[2026-10-07 11:10:32Z INFO JobNotification] Entering EndMonitor
[2026-10-07 11:10:32Z INFO BrokerMessageListener] Received job status event. JobState: Online
[2026-10-07 11:10:32Z WARN GitHubActionsService] GET request to https://broker.actions.githubusercontent.com/message?sessionId=7972befb-9d43-4cad-b7a9-4867215cb77c&status=Busy&runnerVersion=2.337.0&os=Windows&architecture=X64&disableUpdate=false has been cancelled.
[2026-10-07 11:10:32Z ERR  BrokerServer] Catch exception during request
[2026-10-07 11:10:32Z ERR  BrokerServer] System.Threading.Tasks.TaskCanceledException: The operation was canceled.
 ---> System.Threading.Tasks.TaskCanceledException: The operation was canceled.
 ---> System.IO.IOException: Unable to read data from the transport connection: La operación de E/S se anuló por una salida de subproceso o por una solicitud de aplicación..
 ---> System.Net.Sockets.SocketException (995): La operación de E/S se anuló por una salida de subproceso o por una solicitud de aplicación.
   --- End of inner exception stack trace ---
   at System.Net.Sockets.Socket.AwaitableSocketAsyncEventArgs.ThrowException(SocketError error, CancellationToken cancellationToken)
   at System.Net.Sockets.Socket.AwaitableSocketAsyncEventArgs.System.Threading.Tasks.Sources.IValueTaskSource<System.Int32>.GetResult(Int16 token)
   at System.Net.Security.SslStream.EnsureFullTlsFrameAsync[TIOAdapter](CancellationToken cancellationToken, Int32 estimatedSize)
   at System.Runtime.CompilerServices.PoolingAsyncValueTaskMethodBuilder`1.StateMachineBox`1.System.Threading.Tasks.Sources.IValueTaskSource<TResult>.GetResult(Int16 token)
   at System.Net.Security.SslStream.ReadAsyncInternal[TIOAdapter](Memory`1 buffer, CancellationToken cancellationToken)
   at System.Runtime.CompilerServices.PoolingAsyncValueTaskMethodBuilder`1.StateMachineBox`1.System.Threading.Tasks.Sources.IValueTaskSource<TResult>.GetResult(Int16 token)
   at System.Net.Http.HttpConnection.SendAsync(HttpRequestMessage request, Boolean async, CancellationToken cancellationToken)
   --- End of inner exception stack trace ---
   at System.Net.Http.HttpConnection.SendAsync(HttpRequestMessage request, Boolean async, CancellationToken cancellationToken)
   at System.Net.Http.AuthenticationHelper.SendWithNtAuthAsync(HttpRequestMessage request, Uri authUri, Boolean async, ICredentials credentials, Boolean isProxyAuth, HttpConnection connection, HttpConnectionPool connectionPool, CancellationToken cancellationToken)
   at System.Net.Http.HttpConnectionPool.SendWithVersionDetectionAndRetryAsync(HttpRequestMessage request, Boolean async, Boolean doRequestAuth, CancellationToken cancellationToken)
   at System.Net.Http.AuthenticationHelper.SendWithAuthAsync(HttpRequestMessage request, Uri authUri, Boolean async, ICredentials credentials, Boolean preAuthenticate, Boolean isProxyAuth, Boolean doRequestAuth, HttpConnectionPool pool, CancellationToken cancellationToken)
   at System.Net.Http.RedirectHandler.SendAsync(HttpRequestMessage request, Boolean async, CancellationToken cancellationToken)
   at GitHub.Services.Common.RawHttpMessageHandler.SendAsync(HttpRequestMessage request, CancellationToken cancellationToken)
   at GitHub.Services.Common.VssHttpRetryMessageHandler.SendAsync(HttpRequestMessage request, CancellationToken cancellationToken)
   at System.Net.Http.HttpClient.<SendAsync>g__Core|83_0(HttpRequestMessage request, HttpCompletionOption completionOption, CancellationTokenSource cts, Boolean disposeCts, CancellationTokenSource pendingRequestsCts, CancellationToken originalCancellationToken)
   --- End of inner exception stack trace ---
   at System.Net.Http.HttpClient.HandleFailure(Exception e, Boolean telemetryStarted, HttpResponseMessage response, CancellationTokenSource cts, CancellationToken cancellationToken, CancellationTokenSource pendingRequestsCts)
   at System.Net.Http.HttpClient.<SendAsync>g__Core|83_0(HttpRequestMessage request, HttpCompletionOption completionOption, CancellationTokenSource cts, Boolean disposeCts, CancellationTokenSource pendingRequestsCts, CancellationToken originalCancellationToken)
   at Sdk.WebApi.WebApi.RawHttpClientBase.SendAsync(HttpRequestMessage message, HttpCompletionOption completionOption, Object userState, CancellationToken cancellationToken)
   at Sdk.WebApi.WebApi.RawHttpClientBase.SendAsync[T](HttpRequestMessage message, Boolean readErrorBody, Object userState, CancellationToken cancellationToken)
   at Sdk.WebApi.WebApi.RawHttpClientBase.SendAsync[T](HttpMethod method, IEnumerable`1 additionalHeaders, Uri requestUri, HttpContent content, IEnumerable`1 queryParameters, Boolean readErrorBody, Object userState, CancellationToken cancellationToken)
   at GitHub.Actions.RunService.WebApi.BrokerHttpClient.GetRunnerMessageAsync(Nullable`1 sessionId, String runnerVersion, Nullable`1 status, String os, String architecture, Nullable`1 disableUpdate, CancellationToken cancellationToken)
   at GitHub.Runner.Common.BrokerServer.<>c__DisplayClass7_0.<<GetRunnerMessageAsync>b__0>d.MoveNext()
--- End of stack trace from previous location ---
   at GitHub.Runner.Common.RunnerService.RetryRequest[T](Func`1 func, CancellationToken cancellationToken, Int32 maxAttempts, Func`2 shouldRetry)
[2026-10-07 11:10:32Z ERR  BrokerServer] #####################################################
[2026-10-07 11:10:32Z ERR  BrokerServer] System.Threading.Tasks.TaskCanceledException: The operation was canceled.
 ---> System.IO.IOException: Unable to read data from the transport connection: La operación de E/S se anuló por una salida de subproceso o por una solicitud de aplicación..
 ---> System.Net.Sockets.SocketException (995): La operación de E/S se anuló por una salida de subproceso o por una solicitud de aplicación.
   --- End of inner exception stack trace ---
   at System.Net.Sockets.Socket.AwaitableSocketAsyncEventArgs.ThrowException(SocketError error, CancellationToken cancellationToken)
   at System.Net.Sockets.Socket.AwaitableSocketAsyncEventArgs.System.Threading.Tasks.Sources.IValueTaskSource<System.Int32>.GetResult(Int16 token)
   at System.Net.Security.SslStream.EnsureFullTlsFrameAsync[TIOAdapter](CancellationToken cancellationToken, Int32 estimatedSize)
   at System.Runtime.CompilerServices.PoolingAsyncValueTaskMethodBuilder`1.StateMachineBox`1.System.Threading.Tasks.Sources.IValueTaskSource<TResult>.GetResult(Int16 token)
   at System.Net.Security.SslStream.ReadAsyncInternal[TIOAdapter](Memory`1 buffer, CancellationToken cancellationToken)
   at System.Runtime.CompilerServices.PoolingAsyncValueTaskMethodBuilder`1.StateMachineBox`1.System.Threading.Tasks.Sources.IValueTaskSource<TResult>.GetResult(Int16 token)
   at System.Net.Http.HttpConnection.SendAsync(HttpRequestMessage request, Boolean async, CancellationToken cancellationToken)
   --- End of inner exception stack trace ---
   at System.Net.Http.HttpConnection.SendAsync(HttpRequestMessage request, Boolean async, CancellationToken cancellationToken)
   at System.Net.Http.AuthenticationHelper.SendWithNtAuthAsync(HttpRequestMessage request, Uri authUri, Boolean async, ICredentials credentials, Boolean isProxyAuth, HttpConnection connection, HttpConnectionPool connectionPool, CancellationToken cancellationToken)
   at System.Net.Http.HttpConnectionPool.SendWithVersionDetectionAndRetryAsync(HttpRequestMessage request, Boolean async, Boolean doRequestAuth, CancellationToken cancellationToken)
   at System.Net.Http.AuthenticationHelper.SendWithAuthAsync(HttpRequestMessage request, Uri authUri, Boolean async, ICredentials credentials, Boolean preAuthenticate, Boolean isProxyAuth, Boolean doRequestAuth, HttpConnectionPool pool, CancellationToken cancellationToken)
   at System.Net.Http.RedirectHandler.SendAsync(HttpRequestMessage request, Boolean async, CancellationToken cancellationToken)
   at GitHub.Services.Common.RawHttpMessageHandler.SendAsync(HttpRequestMessage request, CancellationToken cancellationToken)
   at GitHub.Services.Common.VssHttpRetryMessageHandler.SendAsync(HttpRequestMessage request, CancellationToken cancellationToken)
   at System.Net.Http.HttpClient.<SendAsync>g__Core|83_0(HttpRequestMessage request, HttpCompletionOption completionOption, CancellationTokenSource cts, Boolean disposeCts, CancellationTokenSource pendingRequestsCts, CancellationToken originalCancellationToken)
[2026-10-07 11:10:32Z ERR  BrokerServer] #####################################################
[2026-10-07 11:10:32Z ERR  BrokerServer] System.IO.IOException: Unable to read data from the transport connection: La operación de E/S se anuló por una salida de subproceso o por una solicitud de aplicación..
 ---> System.Net.Sockets.SocketException (995): La operación de E/S se anuló por una salida de subproceso o por una solicitud de aplicación.
   --- End of inner exception stack trace ---
   at System.Net.Sockets.Socket.AwaitableSocketAsyncEventArgs.ThrowException(SocketError error, CancellationToken cancellationToken)
   at System.Net.Sockets.Socket.AwaitableSocketAsyncEventArgs.System.Threading.Tasks.Sources.IValueTaskSource<System.Int32>.GetResult(Int16 token)
   at System.Net.Security.SslStream.EnsureFullTlsFrameAsync[TIOAdapter](CancellationToken cancellationToken, Int32 estimatedSize)
   at System.Runtime.CompilerServices.PoolingAsyncValueTaskMethodBuilder`1.StateMachineBox`1.System.Threading.Tasks.Sources.IValueTaskSource<TResult>.GetResult(Int16 token)
   at System.Net.Security.SslStream.ReadAsyncInternal[TIOAdapter](Memory`1 buffer, CancellationToken cancellationToken)
   at System.Runtime.CompilerServices.PoolingAsyncValueTaskMethodBuilder`1.StateMachineBox`1.System.Threading.Tasks.Sources.IValueTaskSource<TResult>.GetResult(Int16 token)
   at System.Net.Http.HttpConnection.SendAsync(HttpRequestMessage request, Boolean async, CancellationToken cancellationToken)
[2026-10-07 11:10:32Z ERR  BrokerServer] #####################################################
[2026-10-07 11:10:32Z ERR  BrokerServer] System.Net.Sockets.SocketException (995): La operación de E/S se anuló por una salida de subproceso o por una solicitud de aplicación.
[2026-10-07 11:10:32Z WARN BrokerServer] Back off 8,127 seconds before next retry. 4 attempt left.
[2026-10-07 11:10:32Z INFO BrokerMessageListener] Get messages has been cancelled using local token source. Continue to get messages with new status.
[2026-10-07 11:13:07Z INFO BrokerMessageListener] Acknowledging runner request 'e10bda2c-d111-5f9c-863b-218d80e86a52'.
[2026-10-07 11:13:07Z INFO ConfigurationStore] HasCredentials()
[2026-10-07 11:13:07Z INFO ConfigurationStore] stored True
[2026-10-07 11:13:07Z INFO CredentialManager] GetCredentialProvider
[2026-10-07 11:13:07Z INFO CredentialManager] Creating type OAuth
[2026-10-07 11:13:07Z INFO CredentialManager] Creating credential type: OAuth
[2026-10-07 11:13:07Z INFO RSAEncryptedFileKeyManager] Loading RSA key parameters from file C:\Users\neo_o\Desktop\Github Practicas\Users\actions-runner\.credentials_rsaparams
[2026-10-07 11:13:07Z INFO RSAEncryptedFileKeyManager] Loading RSA key parameters from file C:\Users\neo_o\Desktop\Github Practicas\Users\actions-runner\.credentials_rsaparams
[2026-10-07 11:13:07Z INFO RSAEncryptedFileKeyManager] Loading RSA key parameters from file C:\Users\neo_o\Desktop\Github Practicas\Users\actions-runner\.credentials_rsaparams
[2026-10-07 11:13:07Z INFO GitHubActionsService] AAD Correlation ID for this token request: Unknown
[2026-10-07 11:13:08Z INFO JobDispatcher] Job request 0 for plan 9f0d048a-58e9-833e-9401-03325fcf82f5 job e10bda2c-d111-5f9c-863b-218d80e86a52 received.
[2026-10-07 11:13:08Z INFO JobDispatcher] Pull OrchestrationId 9f0d048a-58e9-833e-9401-03325fcf82f5.comparar.__default from JWT claims
[2026-10-07 11:13:08Z INFO BrokerMessageListener] Received job status event. JobState: Busy
[2026-10-07 11:13:08Z INFO BrokerMessageListener] _getMessagesTokenSource is already disposed.
[2026-10-07 11:13:08Z INFO JobDispatcher] Job request 51cacf18-5900-5277-b71b-8d1250b4c465 processed succeed.
[2026-10-07 11:13:08Z INFO Terminal] WRITE LINE: 2026-10-07 11:13:08Z: Running job: comparar
[2026-10-07 11:13:08Z INFO JobDispatcher] Start renew job request 0 for job e10bda2c-d111-5f9c-863b-218d80e86a52.
[2026-10-07 11:13:08Z INFO JobDispatcher] Successfully renew job e10bda2c-d111-5f9c-863b-218d80e86a52, job is valid till 07/10/2026 11:23:07
[2026-10-07 11:13:08Z INFO HostContext] Well known directory 'Bin': 'C:\Users\neo_o\Desktop\Github Practicas\Users\actions-runner\bin'
[2026-10-07 11:13:08Z INFO ProcessInvokerWrapper] Starting process:
[2026-10-07 11:13:08Z INFO ProcessInvokerWrapper]   File name: 'C:\Users\neo_o\Desktop\Github Practicas\Users\actions-runner\bin\Runner.Worker.exe'
[2026-10-07 11:13:08Z INFO ProcessInvokerWrapper]   Arguments: 'spawnclient 2092 2376'
[2026-10-07 11:13:08Z INFO ProcessInvokerWrapper]   Working directory: 'C:\Users\neo_o\Desktop\Github Practicas\Users\actions-runner\bin'
[2026-10-07 11:13:08Z INFO ProcessInvokerWrapper]   Require exit code zero: 'False'
[2026-10-07 11:13:08Z INFO ProcessInvokerWrapper]   Encoding web name:  ; code page: ''
[2026-10-07 11:13:08Z INFO ProcessInvokerWrapper]   Force kill process on cancellation: 'True'
[2026-10-07 11:13:08Z INFO ProcessInvokerWrapper]   Redirected STDIN: 'False'
[2026-10-07 11:13:08Z INFO ProcessInvokerWrapper]   Persist current code page: 'False'
[2026-10-07 11:13:08Z INFO ProcessInvokerWrapper]   Keep redirected STDIN open: 'False'
[2026-10-07 11:13:08Z INFO ProcessInvokerWrapper]   High priority process: 'True'
[2026-10-07 11:13:08Z INFO ProcessInvokerWrapper] Process started with process id 19836, waiting for process exit.
[2026-10-07 11:13:08Z INFO JobDispatcher] Send job request message to worker for job e10bda2c-d111-5f9c-863b-218d80e86a52.
[2026-10-07 11:13:08Z INFO ProcessChannel] Sending message of length 22860, with hash '4a253fd79ec6a23864edfcfac9d9f3dedb65cde10898333f7e82ce3485efd453'
[2026-10-07 11:13:09Z INFO JobNotification] Entering JobStarted Notification
[2026-10-07 11:13:09Z INFO JobNotification] Entering StartMonitor
[2026-10-07 11:13:13Z INFO ProcessInvokerWrapper] STDOUT/STDERR stream read finished.
[2026-10-07 11:13:13Z INFO ProcessInvokerWrapper] STDOUT/STDERR stream read finished.
[2026-10-07 11:13:13Z INFO ProcessInvokerWrapper] Finished process 19836 with exit code 102, and elapsed time 00:00:04.5865094.
[2026-10-07 11:13:13Z INFO JobDispatcher] Worker finished for job e10bda2c-d111-5f9c-863b-218d80e86a52. Code: 102
[2026-10-07 11:13:13Z INFO JobDispatcher] finish job request for job e10bda2c-d111-5f9c-863b-218d80e86a52 with result: Failed
[2026-10-07 11:13:13Z INFO Terminal] WRITE LINE: 2026-10-07 11:13:13Z: Job comparar completed with result: Failed
[2026-10-07 11:13:13Z INFO JobDispatcher] Stop renew job request for job e10bda2c-d111-5f9c-863b-218d80e86a52.
[2026-10-07 11:13:13Z INFO JobDispatcher] job renew has been cancelled, stop renew job e10bda2c-d111-5f9c-863b-218d80e86a52.
[2026-10-07 11:13:13Z INFO JobNotification] Entering JobCompleted Notification
[2026-10-07 11:13:13Z INFO JobNotification] Entering EndMonitor
[2026-10-07 11:13:13Z INFO BrokerMessageListener] Received job status event. JobState: Online
[2026-10-07 11:13:13Z WARN GitHubActionsService] GET request to https://broker.actions.githubusercontent.com/message?sessionId=7972befb-9d43-4cad-b7a9-4867215cb77c&status=Busy&runnerVersion=2.337.0&os=Windows&architecture=X64&disableUpdate=false has been cancelled.
[2026-10-07 11:13:13Z ERR  BrokerServer] Catch exception during request
[2026-10-07 11:13:13Z ERR  BrokerServer] System.Threading.Tasks.TaskCanceledException: The operation was canceled.
 ---> System.Threading.Tasks.TaskCanceledException: The operation was canceled.
 ---> System.IO.IOException: Unable to read data from the transport connection: La operación de E/S se anuló por una salida de subproceso o por una solicitud de aplicación..
 ---> System.Net.Sockets.SocketException (995): La operación de E/S se anuló por una salida de subproceso o por una solicitud de aplicación.
   --- End of inner exception stack trace ---
   at System.Net.Sockets.Socket.AwaitableSocketAsyncEventArgs.System.Threading.Tasks.Sources.IValueTaskSource<System.Int32>.GetResult(Int16 token)
   at System.Net.Security.SslStream.EnsureFullTlsFrameAsync[TIOAdapter](CancellationToken cancellationToken, Int32 estimatedSize)
   at System.Runtime.CompilerServices.PoolingAsyncValueTaskMethodBuilder`1.StateMachineBox`1.System.Threading.Tasks.Sources.IValueTaskSource<TResult>.GetResult(Int16 token)
   at System.Net.Security.SslStream.ReadAsyncInternal[TIOAdapter](Memory`1 buffer, CancellationToken cancellationToken)
   at System.Runtime.CompilerServices.PoolingAsyncValueTaskMethodBuilder`1.StateMachineBox`1.System.Threading.Tasks.Sources.IValueTaskSource<TResult>.GetResult(Int16 token)
   at System.Net.Http.HttpConnection.SendAsync(HttpRequestMessage request, Boolean async, CancellationToken cancellationToken)
   --- End of inner exception stack trace ---
   at System.Net.Http.HttpConnection.SendAsync(HttpRequestMessage request, Boolean async, CancellationToken cancellationToken)
   at System.Net.Http.AuthenticationHelper.SendWithNtAuthAsync(HttpRequestMessage request, Uri authUri, Boolean async, ICredentials credentials, Boolean isProxyAuth, HttpConnection connection, HttpConnectionPool connectionPool, CancellationToken cancellationToken)
   at System.Net.Http.HttpConnectionPool.SendWithVersionDetectionAndRetryAsync(HttpRequestMessage request, Boolean async, Boolean doRequestAuth, CancellationToken cancellationToken)
   at System.Net.Http.AuthenticationHelper.SendWithAuthAsync(HttpRequestMessage request, Uri authUri, Boolean async, ICredentials credentials, Boolean preAuthenticate, Boolean isProxyAuth, Boolean doRequestAuth, HttpConnectionPool pool, CancellationToken cancellationToken)
   at System.Net.Http.RedirectHandler.SendAsync(HttpRequestMessage request, Boolean async, CancellationToken cancellationToken)
   at GitHub.Services.Common.RawHttpMessageHandler.SendAsync(HttpRequestMessage request, CancellationToken cancellationToken)
   at GitHub.Services.Common.VssHttpRetryMessageHandler.SendAsync(HttpRequestMessage request, CancellationToken cancellationToken)
   at System.Net.Http.HttpClient.<SendAsync>g__Core|83_0(HttpRequestMessage request, HttpCompletionOption completionOption, CancellationTokenSource cts, Boolean disposeCts, CancellationTokenSource pendingRequestsCts, CancellationToken originalCancellationToken)
   --- End of inner exception stack trace ---
   at System.Net.Http.HttpClient.HandleFailure(Exception e, Boolean telemetryStarted, HttpResponseMessage response, CancellationTokenSource cts, CancellationToken cancellationToken, CancellationTokenSource pendingRequestsCts)
   at System.Net.Http.HttpClient.<SendAsync>g__Core|83_0(HttpRequestMessage request, HttpCompletionOption completionOption, CancellationTokenSource cts, Boolean disposeCts, CancellationTokenSource pendingRequestsCts, CancellationToken originalCancellationToken)
   at Sdk.WebApi.WebApi.RawHttpClientBase.SendAsync(HttpRequestMessage message, HttpCompletionOption completionOption, Object userState, CancellationToken cancellationToken)
   at Sdk.WebApi.WebApi.RawHttpClientBase.SendAsync[T](HttpRequestMessage message, Boolean readErrorBody, Object userState, CancellationToken cancellationToken)
   at Sdk.WebApi.WebApi.RawHttpClientBase.SendAsync[T](HttpMethod method, IEnumerable`1 additionalHeaders, Uri requestUri, HttpContent content, IEnumerable`1 queryParameters, Boolean readErrorBody, Object userState, CancellationToken cancellationToken)
   at GitHub.Actions.RunService.WebApi.BrokerHttpClient.GetRunnerMessageAsync(Nullable`1 sessionId, String runnerVersion, Nullable`1 status, String os, String architecture, Nullable`1 disableUpdate, CancellationToken cancellationToken)
   at GitHub.Runner.Common.BrokerServer.<>c__DisplayClass7_0.<<GetRunnerMessageAsync>b__0>d.MoveNext()
--- End of stack trace from previous location ---
   at GitHub.Runner.Common.RunnerService.RetryRequest[T](Func`1 func, CancellationToken cancellationToken, Int32 maxAttempts, Func`2 shouldRetry)
[2026-10-07 11:13:13Z ERR  BrokerServer] #####################################################
[2026-10-07 11:13:13Z ERR  BrokerServer] System.Threading.Tasks.TaskCanceledException: The operation was canceled.
 ---> System.IO.IOException: Unable to read data from the transport connection: La operación de E/S se anuló por una salida de subproceso o por una solicitud de aplicación..
 ---> System.Net.Sockets.SocketException (995): La operación de E/S se anuló por una salida de subproceso o por una solicitud de aplicación.
   --- End of inner exception stack trace ---
   at System.Net.Sockets.Socket.AwaitableSocketAsyncEventArgs.System.Threading.Tasks.Sources.IValueTaskSource<System.Int32>.GetResult(Int16 token)
   at System.Net.Security.SslStream.EnsureFullTlsFrameAsync[TIOAdapter](CancellationToken cancellationToken, Int32 estimatedSize)
   at System.Runtime.CompilerServices.PoolingAsyncValueTaskMethodBuilder`1.StateMachineBox`1.System.Threading.Tasks.Sources.IValueTaskSource<TResult>.GetResult(Int16 token)
   at System.Net.Security.SslStream.ReadAsyncInternal[TIOAdapter](Memory`1 buffer, CancellationToken cancellationToken)
   at System.Runtime.CompilerServices.PoolingAsyncValueTaskMethodBuilder`1.StateMachineBox`1.System.Threading.Tasks.Sources.IValueTaskSource<TResult>.GetResult(Int16 token)
   at System.Net.Http.HttpConnection.SendAsync(HttpRequestMessage request, Boolean async, CancellationToken cancellationToken)
   --- End of inner exception stack trace ---
   at System.Net.Http.HttpConnection.SendAsync(HttpRequestMessage request, Boolean async, CancellationToken cancellationToken)
   at System.Net.Http.AuthenticationHelper.SendWithNtAuthAsync(HttpRequestMessage request, Uri authUri, Boolean async, ICredentials credentials, Boolean isProxyAuth, HttpConnection connection, HttpConnectionPool connectionPool, CancellationToken cancellationToken)
   at System.Net.Http.HttpConnectionPool.SendWithVersionDetectionAndRetryAsync(HttpRequestMessage request, Boolean async, Boolean doRequestAuth, CancellationToken cancellationToken)
   at System.Net.Http.AuthenticationHelper.SendWithAuthAsync(HttpRequestMessage request, Uri authUri, Boolean async, ICredentials credentials, Boolean preAuthenticate, Boolean isProxyAuth, Boolean doRequestAuth, HttpConnectionPool pool, CancellationToken cancellationToken)
   at System.Net.Http.RedirectHandler.SendAsync(HttpRequestMessage request, Boolean async, CancellationToken cancellationToken)
   at GitHub.Services.Common.RawHttpMessageHandler.SendAsync(HttpRequestMessage request, CancellationToken cancellationToken)
   at GitHub.Services.Common.VssHttpRetryMessageHandler.SendAsync(HttpRequestMessage request, CancellationToken cancellationToken)
   at System.Net.Http.HttpClient.<SendAsync>g__Core|83_0(HttpRequestMessage request, HttpCompletionOption completionOption, CancellationTokenSource cts, Boolean disposeCts, CancellationTokenSource pendingRequestsCts, CancellationToken originalCancellationToken)
[2026-10-07 11:13:13Z ERR  BrokerServer] #####################################################
[2026-10-07 11:13:13Z ERR  BrokerServer] System.IO.IOException: Unable to read data from the transport connection: La operación de E/S se anuló por una salida de subproceso o por una solicitud de aplicación..
 ---> System.Net.Sockets.SocketException (995): La operación de E/S se anuló por una salida de subproceso o por una solicitud de aplicación.
   --- End of inner exception stack trace ---
   at System.Net.Sockets.Socket.AwaitableSocketAsyncEventArgs.System.Threading.Tasks.Sources.IValueTaskSource<System.Int32>.GetResult(Int16 token)
   at System.Net.Security.SslStream.EnsureFullTlsFrameAsync[TIOAdapter](CancellationToken cancellationToken, Int32 estimatedSize)
   at System.Runtime.CompilerServices.PoolingAsyncValueTaskMethodBuilder`1.StateMachineBox`1.System.Threading.Tasks.Sources.IValueTaskSource<TResult>.GetResult(Int16 token)
   at System.Net.Security.SslStream.ReadAsyncInternal[TIOAdapter](Memory`1 buffer, CancellationToken cancellationToken)
   at System.Runtime.CompilerServices.PoolingAsyncValueTaskMethodBuilder`1.StateMachineBox`1.System.Threading.Tasks.Sources.IValueTaskSource<TResult>.GetResult(Int16 token)
   at System.Net.Http.HttpConnection.SendAsync(HttpRequestMessage request, Boolean async, CancellationToken cancellationToken)
[2026-10-07 11:13:13Z ERR  BrokerServer] #####################################################
[2026-10-07 11:13:13Z ERR  BrokerServer] System.Net.Sockets.SocketException (995): La operación de E/S se anuló por una salida de subproceso o por una solicitud de aplicación.
[2026-10-07 11:13:13Z WARN BrokerServer] Back off 7,756 seconds before next retry. 4 attempt left.
[2026-10-07 11:13:13Z INFO BrokerMessageListener] Get messages has been cancelled using local token source. Continue to get messages with new status.
[2026-10-07 11:14:11Z INFO HostContext] Runner will be shutdown for UserCancelled
[2026-10-07 11:14:11Z WARN GitHubActionsService] GET request to https://broker.actions.githubusercontent.com/message?sessionId=7972befb-9d43-4cad-b7a9-4867215cb77c&status=Online&runnerVersion=2.337.0&os=Windows&architecture=X64&disableUpdate=false has been cancelled.
[2026-10-07 11:14:11Z ERR  BrokerServer] Catch exception during request
[2026-10-07 11:14:11Z ERR  BrokerServer] System.Threading.Tasks.TaskCanceledException: The operation was canceled.
 ---> System.Threading.Tasks.TaskCanceledException: The operation was canceled.
 ---> System.IO.IOException: Unable to read data from the transport connection: La operación de E/S se anuló por una salida de subproceso o por una solicitud de aplicación..
 ---> System.Net.Sockets.SocketException (995): La operación de E/S se anuló por una salida de subproceso o por una solicitud de aplicación.
   --- End of inner exception stack trace ---
   at System.Net.Sockets.Socket.AwaitableSocketAsyncEventArgs.System.Threading.Tasks.Sources.IValueTaskSource<System.Int32>.GetResult(Int16 token)
   at System.Net.Security.SslStream.EnsureFullTlsFrameAsync[TIOAdapter](CancellationToken cancellationToken, Int32 estimatedSize)
   at System.Runtime.CompilerServices.PoolingAsyncValueTaskMethodBuilder`1.StateMachineBox`1.System.Threading.Tasks.Sources.IValueTaskSource<TResult>.GetResult(Int16 token)
   at System.Net.Security.SslStream.ReadAsyncInternal[TIOAdapter](Memory`1 buffer, CancellationToken cancellationToken)
   at System.Runtime.CompilerServices.PoolingAsyncValueTaskMethodBuilder`1.StateMachineBox`1.System.Threading.Tasks.Sources.IValueTaskSource<TResult>.GetResult(Int16 token)
   at System.Net.Http.HttpConnection.InitialFillAsync(Boolean async)
   at System.Net.Http.HttpConnection.SendAsync(HttpRequestMessage request, Boolean async, CancellationToken cancellationToken)
   --- End of inner exception stack trace ---
   at System.Net.Http.HttpConnection.SendAsync(HttpRequestMessage request, Boolean async, CancellationToken cancellationToken)
   at System.Net.Http.AuthenticationHelper.SendWithNtAuthAsync(HttpRequestMessage request, Uri authUri, Boolean async, ICredentials credentials, Boolean isProxyAuth, HttpConnection connection, HttpConnectionPool connectionPool, CancellationToken cancellationToken)
   at System.Net.Http.HttpConnectionPool.SendWithVersionDetectionAndRetryAsync(HttpRequestMessage request, Boolean async, Boolean doRequestAuth, CancellationToken cancellationToken)
   at System.Net.Http.AuthenticationHelper.SendWithAuthAsync(HttpRequestMessage request, Uri authUri, Boolean async, ICredentials credentials, Boolean preAuthenticate, Boolean isProxyAuth, Boolean doRequestAuth, HttpConnectionPool pool, CancellationToken cancellationToken)
   at System.Net.Http.RedirectHandler.SendAsync(HttpRequestMessage request, Boolean async, CancellationToken cancellationToken)
   at GitHub.Services.Common.RawHttpMessageHandler.SendAsync(HttpRequestMessage request, CancellationToken cancellationToken)
   at GitHub.Services.Common.VssHttpRetryMessageHandler.SendAsync(HttpRequestMessage request, CancellationToken cancellationToken)
   at System.Net.Http.HttpClient.<SendAsync>g__Core|83_0(HttpRequestMessage request, HttpCompletionOption completionOption, CancellationTokenSource cts, Boolean disposeCts, CancellationTokenSource pendingRequestsCts, CancellationToken originalCancellationToken)
   --- End of inner exception stack trace ---
   at System.Net.Http.HttpClient.HandleFailure(Exception e, Boolean telemetryStarted, HttpResponseMessage response, CancellationTokenSource cts, CancellationToken cancellationToken, CancellationTokenSource pendingRequestsCts)
   at System.Net.Http.HttpClient.<SendAsync>g__Core|83_0(HttpRequestMessage request, HttpCompletionOption completionOption, CancellationTokenSource cts, Boolean disposeCts, CancellationTokenSource pendingRequestsCts, CancellationToken originalCancellationToken)
   at Sdk.WebApi.WebApi.RawHttpClientBase.SendAsync(HttpRequestMessage message, HttpCompletionOption completionOption, Object userState, CancellationToken cancellationToken)
   at Sdk.WebApi.WebApi.RawHttpClientBase.SendAsync[T](HttpRequestMessage message, Boolean readErrorBody, Object userState, CancellationToken cancellationToken)
   at Sdk.WebApi.WebApi.RawHttpClientBase.SendAsync[T](HttpMethod method, IEnumerable`1 additionalHeaders, Uri requestUri, HttpContent content, IEnumerable`1 queryParameters, Boolean readErrorBody, Object userState, CancellationToken cancellationToken)
   at GitHub.Actions.RunService.WebApi.BrokerHttpClient.GetRunnerMessageAsync(Nullable`1 sessionId, String runnerVersion, Nullable`1 status, String os, String architecture, Nullable`1 disableUpdate, CancellationToken cancellationToken)
   at GitHub.Runner.Common.BrokerServer.<>c__DisplayClass7_0.<<GetRunnerMessageAsync>b__0>d.MoveNext()
--- End of stack trace from previous location ---
   at GitHub.Runner.Common.RunnerService.RetryRequest[T](Func`1 func, CancellationToken cancellationToken, Int32 maxAttempts, Func`2 shouldRetry)
[2026-10-07 11:14:11Z ERR  BrokerServer] #####################################################
[2026-10-07 11:14:11Z ERR  BrokerServer] System.Threading.Tasks.TaskCanceledException: The operation was canceled.
 ---> System.IO.IOException: Unable to read data from the transport connection: La operación de E/S se anuló por una salida de subproceso o por una solicitud de aplicación..
 ---> System.Net.Sockets.SocketException (995): La operación de E/S se anuló por una salida de subproceso o por una solicitud de aplicación.
   --- End of inner exception stack trace ---
   at System.Net.Sockets.Socket.AwaitableSocketAsyncEventArgs.System.Threading.Tasks.Sources.IValueTaskSource<System.Int32>.GetResult(Int16 token)
   at System.Net.Security.SslStream.EnsureFullTlsFrameAsync[TIOAdapter](CancellationToken cancellationToken, Int32 estimatedSize)
   at System.Runtime.CompilerServices.PoolingAsyncValueTaskMethodBuilder`1.StateMachineBox`1.System.Threading.Tasks.Sources.IValueTaskSource<TResult>.GetResult(Int16 token)
   at System.Net.Security.SslStream.ReadAsyncInternal[TIOAdapter](Memory`1 buffer, CancellationToken cancellationToken)
   at System.Runtime.CompilerServices.PoolingAsyncValueTaskMethodBuilder`1.StateMachineBox`1.System.Threading.Tasks.Sources.IValueTaskSource<TResult>.GetResult(Int16 token)
   at System.Net.Http.HttpConnection.InitialFillAsync(Boolean async)
   at System.Net.Http.HttpConnection.SendAsync(HttpRequestMessage request, Boolean async, CancellationToken cancellationToken)
   --- End of inner exception stack trace ---
   at System.Net.Http.HttpConnection.SendAsync(HttpRequestMessage request, Boolean async, CancellationToken cancellationToken)
   at System.Net.Http.AuthenticationHelper.SendWithNtAuthAsync(HttpRequestMessage request, Uri authUri, Boolean async, ICredentials credentials, Boolean isProxyAuth, HttpConnection connection, HttpConnectionPool connectionPool, CancellationToken cancellationToken)
   at System.Net.Http.HttpConnectionPool.SendWithVersionDetectionAndRetryAsync(HttpRequestMessage request, Boolean async, Boolean doRequestAuth, CancellationToken cancellationToken)
   at System.Net.Http.AuthenticationHelper.SendWithAuthAsync(HttpRequestMessage request, Uri authUri, Boolean async, ICredentials credentials, Boolean preAuthenticate, Boolean isProxyAuth, Boolean doRequestAuth, HttpConnectionPool pool, CancellationToken cancellationToken)
   at System.Net.Http.RedirectHandler.SendAsync(HttpRequestMessage request, Boolean async, CancellationToken cancellationToken)
   at GitHub.Services.Common.RawHttpMessageHandler.SendAsync(HttpRequestMessage request, CancellationToken cancellationToken)
   at GitHub.Services.Common.VssHttpRetryMessageHandler.SendAsync(HttpRequestMessage request, CancellationToken cancellationToken)
   at System.Net.Http.HttpClient.<SendAsync>g__Core|83_0(HttpRequestMessage request, HttpCompletionOption completionOption, CancellationTokenSource cts, Boolean disposeCts, CancellationTokenSource pendingRequestsCts, CancellationToken originalCancellationToken)
[2026-10-07 11:14:11Z ERR  BrokerServer] #####################################################
[2026-10-07 11:14:11Z ERR  BrokerServer] System.IO.IOException: Unable to read data from the transport connection: La operación de E/S se anuló por una salida de subproceso o por una solicitud de aplicación..
 ---> System.Net.Sockets.SocketException (995): La operación de E/S se anuló por una salida de subproceso o por una solicitud de aplicación.
   --- End of inner exception stack trace ---
   at System.Net.Sockets.Socket.AwaitableSocketAsyncEventArgs.System.Threading.Tasks.Sources.IValueTaskSource<System.Int32>.GetResult(Int16 token)
   at System.Net.Security.SslStream.EnsureFullTlsFrameAsync[TIOAdapter](CancellationToken cancellationToken, Int32 estimatedSize)
   at System.Runtime.CompilerServices.PoolingAsyncValueTaskMethodBuilder`1.StateMachineBox`1.System.Threading.Tasks.Sources.IValueTaskSource<TResult>.GetResult(Int16 token)
   at System.Net.Security.SslStream.ReadAsyncInternal[TIOAdapter](Memory`1 buffer, CancellationToken cancellationToken)
   at System.Runtime.CompilerServices.PoolingAsyncValueTaskMethodBuilder`1.StateMachineBox`1.System.Threading.Tasks.Sources.IValueTaskSource<TResult>.GetResult(Int16 token)
   at System.Net.Http.HttpConnection.InitialFillAsync(Boolean async)
   at System.Net.Http.HttpConnection.SendAsync(HttpRequestMessage request, Boolean async, CancellationToken cancellationToken)
[2026-10-07 11:14:11Z ERR  BrokerServer] #####################################################
[2026-10-07 11:14:11Z ERR  BrokerServer] System.Net.Sockets.SocketException (995): La operación de E/S se anuló por una salida de subproceso o por una solicitud de aplicación.
[2026-10-07 11:14:11Z WARN BrokerServer] Back off 10,414 seconds before next retry. 4 attempt left.
[2026-10-07 11:14:11Z INFO BrokerMessageListener] Get next message has been cancelled.
[2026-10-07 11:14:11Z INFO JobDispatcher] Shutting down JobDispatcher. Make sure all WorkerDispatcher has finished.
[2026-10-07 11:14:11Z INFO JobDispatcher] Ensure WorkerDispatcher for job e10bda2c-d111-5f9c-863b-218d80e86a52 run to finish, cancel any running job.
[2026-10-07 11:14:11Z INFO JobDispatcher] Job request e10bda2c-d111-5f9c-863b-218d80e86a52 processed succeed.
[2026-10-07 11:14:11Z INFO Runner] Deleting Runner Session...
[2026-10-07 11:14:11Z INFO Listener] Runner execution been cancelled.
