[2026-10-07 12:01:06Z INFO HostContext] No proxy settings were found based on environmental variables (http_proxy/https_proxy/HTTP_PROXY/HTTPS_PROXY)
[2026-10-07 12:01:06Z INFO HostContext] Well known directory 'Bin': 'C:\Users\neo_o\Desktop\Github Practicas\Users\actions-runner\bin'
[2026-10-07 12:01:06Z INFO HostContext] Well known directory 'Root': 'C:\Users\neo_o\Desktop\Github Practicas\Users\actions-runner'
[2026-10-07 12:01:06Z INFO HostContext] Well known config file 'Credentials': 'C:\Users\neo_o\Desktop\Github Practicas\Users\actions-runner\.credentials'
[2026-10-07 12:01:06Z INFO HostContext] Well known directory 'Bin': 'C:\Users\neo_o\Desktop\Github Practicas\Users\actions-runner\bin'
[2026-10-07 12:01:06Z INFO HostContext] Well known directory 'Root': 'C:\Users\neo_o\Desktop\Github Practicas\Users\actions-runner'
[2026-10-07 12:01:06Z INFO HostContext] Well known config file 'Runner': 'C:\Users\neo_o\Desktop\Github Practicas\Users\actions-runner\.runner'
[2026-10-07 12:01:06Z INFO Worker] Version: 2.337.0
[2026-10-07 12:01:06Z INFO Worker] Commit: 397b032cbf865e9c3ddfab89d533ec19325e1273
[2026-10-07 12:01:06Z INFO Worker] Culture: es-ES
[2026-10-07 12:01:06Z INFO Worker] UI Culture: es-ES
[2026-10-07 12:01:06Z INFO Worker] Waiting to receive the job message from the channel.
[2026-10-07 12:01:06Z INFO ProcessChannel] Receiving message of length 22332, with hash '26e44e878d3e9d4e135f9370373b1e179dc175b6a6877fa225ce704830ef2ade'
[2026-10-07 12:01:06Z INFO Worker] Message received.
[2026-10-07 12:01:06Z INFO Worker] Job message:
 {
  "fileTable": [
    ".github/workflows/main.yml"
  ],
  "mask": [
    {
      "type": "regex",
      "value": "***"
    },
    {
      "type": "regex",
      "value": "***"
    },
    {
      "type": "regex",
      "value": "***"
    },
    {
      "type": "regex",
      "value": "***"
    },
    {
      "type": "regex",
      "value": "***"
    },
    {
      "type": "regex",
      "value": "***"
    },
    {
      "type": "regex",
      "value": "***"
    },
    {
      "type": "regex",
      "value": "***"
    },
    {
      "type": "regex",
      "value": "***"
    },
    {
      "type": "regex",
      "value": "***"
    },
    {
      "type": "regex",
      "value": "***"
    },
    {
      "type": "regex",
      "value": "***"
    },
    {
      "type": "regex",
      "value": "***"
    },
    {
      "type": "regex",
      "value": "***"
    },
    {
      "type": "regex",
      "value": "***"
    },
    {
      "type": "regex",
      "value": "***"
    },
    {
      "type": "regex",
      "value": "***"
    },
    {
      "type": "regex",
      "value": "***"
    },
    {
      "type": "regex",
      "value": "***"
    },
    {
      "type": "regex",
      "value": "***"
    },
    {
      "type": "regex",
      "value": "***"
    },
    {
      "type": "regex",
      "value": "***"
    },
    {
      "type": "regex",
      "value": "***"
    },
    {
      "type": "regex",
      "value": "***"
    }
  ],
  "steps": [
    {
      "type": "action",
      "reference": {
        "type": "script"
      },
      "displayNameToken": {
        "type": 0,
        "file": 1,
        "line": 9,
        "col": 15,
        "lit": "Diagnóstico de sistema"
      },
      "contextName": "__run",
      "inputs": {
        "type": 2,
        "map": [
          {
            "key": "script",
            "value": {
              "type": 0,
              "file": 1,
              "line": 10,
              "col": 14,
              "lit": "echo \"Host real:\"\nwhoami\n"
            }
          },
          {
            "key": "shell",
            "value": {
              "type": 0,
              "file": 1,
              "line": 13,
              "col": 16,
              "lit": "powershell"
            }
          }
        ]
      },
      "condition": "success()",
      "id": "9b771839-005b-4315-b37f-c1196e2f03d1",
      "name": "__run"
    },
    {
      "type": "action",
      "reference": {
        "type": "script"
      },
      "displayNameToken": {
        "type": 0,
        "file": 1,
        "line": 15,
        "col": 15,
        "lit": "Validar tokens"
      },
      "contextName": "__run_2",
      "environment": {
        "type": 2,
        "file": 1,
        "line": 18,
        "col": 11,
        "map": [
          {
            "key": {
              "type": 0,
              "file": 1,
              "line": 18,
              "col": 11,
              "lit": "DEV_TOKEN"
            },
            "value": {
              "type": 3,
              "file": 1,
              "line": 18,
              "col": 22,
              "expr": "secrets.DEV_TOKEN"
            }
          }
        ]
      },
      "inputs": {
        "type": 2,
        "map": [
          {
            "key": "script",
            "value": {
              "type": 0,
              "file": 1,
              "line": 19,
              "col": 14,
              "lit": "if ($env:DEV_TOKEN -eq $env:LOCAL_DEV_TOKEN) {\n    Write-Host \"Tokens validados correctamente.\" -ForegroundColor Green\n} else {\n    Write-Host \"No coinciden.\" -ForegroundColor Red\n    exit 1\n}\n"
            }
          },
          {
            "key": "shell",
            "value": {
              "type": 0,
              "file": 1,
              "line": 16,
              "col": 16,
              "lit": "powershell"
            }
          }
        ]
      },
      "condition": "success()",
      "id": "751a10b9-751c-42aa-b45a-ffbffbeaa949",
      "name": "__run_2"
    }
  ],
  "variables": {
    "Actions.EnableHttpRedirects": {
      "value": "true"
    },
    "DEV_TOKEN": {
      "value": "***",
      "isSecret": true
    },
    "DistributedTask.AddWarningToNode12Action": {
      "value": "true"
    },
    "DistributedTask.AddWarningToNode16Action": {
      "value": "true"
    },
    "DistributedTask.AllowRunnerContainerHooks": {
      "value": "true"
    },
    "DistributedTask.DeprecateStepOutputCommands": {
      "value": "true"
    },
    "DistributedTask.DetailUntarFailure": {
      "value": "true"
    },
    "DistributedTask.EnableCompositeActions": {
      "value": "true"
    },
    "DistributedTask.EnableJobServerQueueTelemetry": {
      "value": "true"
    },
    "DistributedTask.EnhancedAnnotations": {
      "value": "true"
    },
    "DistributedTask.ForceGithubJavascriptActionsToNode16": {
      "value": "true"
    },
    "DistributedTask.ForceGithubJavascriptActionsToNode20": {
      "value": "true"
    },
    "DistributedTask.LogTemplateErrorsAsDebugMessages": {
      "value": "true"
    },
    "DistributedTask.MarkJobAsFailedOnWorkerCrash": {
      "value": "true"
    },
    "DistributedTask.NewActionMetadata": {
      "value": "true"
    },
    "DistributedTask.UploadStepSummary": {
      "value": "true"
    },
    "DistributedTask.UseActionArchiveCache": {
      "value": "true"
    },
    "DistributedTask.UseWhich2": {
      "value": "true"
    },
    "RunService.FixEmbeddedIssues": {
      "value": "true"
    },
    "actions.runner.requirenode24": {
      "value": "true"
    },
    "actions.runner.usenode24bydefault": {
      "value": "true"
    },
    "actions.runner.warnonnode20": {
      "value": "true"
    },
    "actions_add_check_run_id_to_job_context": {
      "value": "true"
    },
    "actions_batch_action_resolution": {
      "value": "false"
    },
    "actions_cache_mode": {
      "value": "write"
    },
    "actions_container_action_runner_temp": {
      "value": "true"
    },
    "actions_display_helpful_actions_download_errors": {
      "value": "true"
    },
    "actions_runner_allow_artifacts_file": {
      "value": "true"
    },
    "actions_runner_compare_workflow_parser": {
      "value": "false"
    },
    "actions_runner_deprecate_linux_arm32": {
      "value": "true"
    },
    "actions_runner_emit_composite_markers": {
      "value": "true"
    },
    "actions_runner_kill_linux_arm32": {
      "value": "true"
    },
    "actions_runner_node20_removal_date": {
      "value": "September 23rd, 2026"
    },
    "actions_runner_node24_default_date": {
      "value": "June 16th, 2026"
    },
    "actions_self_repository": {
      "value": "true"
    },
    "actions_service_container_command": {
      "value": "true"
    },
    "actions_set_orchestration_id_env_for_actions": {
      "value": "true"
    },
    "actions_skip_retry_complete_job_upon_known_errors": {
      "value": "true"
    },
    "actions_snapshot_preflight_hosted_runner_check": {
      "value": "false"
    },
    "actions_snapshot_preflight_image_gen_pool_check": {
      "value": "false"
    },
    "actions_use_bearer_token_for_codeload": {
      "value": "false"
    },
    "actions_uses_cache_service_v2": {
      "value": "true"
    },
    "github_token": {
      "value": "***",
      "isSecret": true
    },
    "system.from_run_service": {
      "value": "true"
    },
    "system.github.job": {
      "value": "check-tokens"
    },
    "system.github.launch_endpoint": {
      "value": "https://launch.actions.githubusercontent.com"
    },
    "system.github.results_endpoint": {
      "value": "https://results-receiver.actions.githubusercontent.com/"
    },
    "system.github.results_upload_with_sdk": {
      "value": "true"
    },
    "system.github.token": {
      "value": "***",
      "isSecret": true
    },
    "system.github.token.permissions": {
      "value": "{\"Contents\":\"read\",\"Metadata\":\"read\",\"Packages\":\"read\"}"
    },
    "system.orchestrationId": {
      "value": "b703c306-7df9-8383-b302-5f265945f8e8.check-tokens.__default"
    },
    "system.phaseDisplayName": {
      "value": "check-tokens"
    },
    "system.runner.lowdiskspacethreshold": {
      "value": "100"
    },
    "system.runnerEnvironment": {
      "value": "self-hosted"
    },
    "system.runnerGroupName": {
      "value": "Default"
    }
  },
  "messageType": "RunnerJobRequest",
  "plan": {
    "scopeIdentifier": "00000000-0000-0000-0000-000000000000",
    "planType": "actions",
    "version": 0,
    "planId": "b703c306-7df9-8383-b302-5f265945f8e8",
    "planGroup": null,
    "artifactUri": null,
    "artifactLocation": null,
    "definition": null,
    "owner": null
  },
  "timeline": {
    "id": "b703c306-7df9-8383-b302-5f265945f8e8",
    "changeId": 0,
    "location": null
  },
  "jobId": "59ca2f04-b83d-5859-90ad-fee2706e546d",
  "jobDisplayName": "check-tokens",
  "jobName": "__default",
  "requestId": 0,
  "lockedUntil": "0001-01-01T00:00:00",
  "resources": {
    "endpoints": [
      {
        "data": {
          "ServerId": "",
          "ServerName": "",
          "CacheServerUrl": "https://artifactcache.actions.githubusercontent.com/lRIrfmhBQOQOisN18JBIOeSYw7t1EHpkUDnQoMLIBXODqc7uyt/",
          "FeedStreamUrl": "wss://results-receiver.actions.githubusercontent.com/_ws/ingest.sock",
          "ResultsServiceUrl": "https://results-receiver.actions.githubusercontent.com/",
          "PipelinesServiceUrl": "https://pipelinesghubeus3.actions.githubusercontent.com/lRIrfmhBQOQOisN18JBIOeSYw7t1EHpkUDnQoMLIBXODqc7uyt/",
          "GenerateIdTokenUrl": "",
          "ConnectivityChecks": "[\"https://broker.actions.githubusercontent.com/health\",\"https://token.actions.githubusercontent.com/ready\",\"https://run.actions.githubusercontent.com/health\"]",
          "ConnectivityAndDNSChecks": ""
        },
        "name": "SystemVssConnection",
        "url": "https://run-actions-1-azure-eastus.actions.githubusercontent.com/95/",
        "authorization": {
          "parameters": {
            "AccessToken": "***"
          },
          "scheme": "OAuth"
        },
        "isShared": false,
        "isReady": true
      }
    ]
  },
  "contextData": {
    "github": {
      "t": 2,
      "d": [
        {
          "k": "ref",
          "v": "refs/heads/main"
        },
        {
          "k": "sha",
          "v": "da820a622666cb2b545e769323d0c9c731a39a8d"
        },
        {
          "k": "repository",
          "v": "Alejfk/Colaborative"
        },
        {
          "k": "repository_owner",
          "v": "Alejfk"
        },
        {
          "k": "repository_owner_id",
          "v": "337092217"
        },
        {
          "k": "repositoryUrl",
          "v": "git://github.com/Alejfk/Colaborative.git"
        },
        {
          "k": "run_id",
          "v": "37617464498"
        },
        {
          "k": "run_number",
          "v": "8"
        },
        {
          "k": "retention_days",
          "v": "90"
        },
        {
          "k": "run_attempt",
          "v": "3"
        },
        {
          "k": "artifact_cache_size_limit",
          "v": "10"
        },
        {
          "k": "repository_visibility",
          "v": "public"
        },
        {
          "k": "actor_id",
          "v": "337092217"
        },
        {
          "k": "actor",
          "v": "Alejfk"
        },
        {
          "k": "workflow",
          "v": "Prueba"
        },
        {
          "k": "head_ref",
          "v": ""
        },
        {
          "k": "base_ref",
          "v": ""
        },
        {
          "k": "event_name",
          "v": "push"
        },
        {
          "k": "server_url",
          "v": "https://github.com"
        },
        {
          "k": "api_url",
          "v": "https://api.github.com"
        },
        {
          "k": "graphql_url",
          "v": "https://api.github.com/graphql"
        },
        {
          "k": "ref_name",
          "v": "main"
        },
        {
          "k": "ref_protected",
          "v": true
        },
        {
          "k": "ref_type",
          "v": "branch"
        },
        {
          "k": "secret_source",
          "v": "Actions"
        },
        {
          "k": "event",
          "v": {
            "t": 2,
            "d": [
              {
                "k": "after",
                "v": "da820a622666cb2b545e769323d0c9c731a39a8d"
              },
              {
                "k": "base_ref",
                "v": null
              },
              {
                "k": "before",
                "v": "d4fdd2ab02de5c48a9ce282becfc73803d4a4334"
              },
              {
                "k": "commits",
                "v": {
                  "t": 1,
                  "a": [
                    {
                      "t": 2,
                      "d": [
                        {
                          "k": "author",
                          "v": {
                            "t": 2,
                            "d": [
                              {
                                "k": "email",
                                "v": "alejandro.s378329@cesurformacion.com"
                              },
                              {
                                "k": "name",
                                "v": "Alejfk"
                              },
                              {
                                "k": "username",
                                "v": "Alejfk"
                              }
                            ]
                          }
                        },
                        {
                          "k": "committer",
                          "v": {
                            "t": 2,
                            "d": [
                              {
                                "k": "email",
                                "v": "noreply@github.com"
                              },
                              {
                                "k": "name",
                                "v": "GitHub"
                              },
                              {
                                "k": "username",
                                "v": "web-flow"
                              }
                            ]
                          }
                        },
                        {
                          "k": "distinct",
                          "v": true
                        },
                        {
                          "k": "id",
                          "v": "da820a622666cb2b545e769323d0c9c731a39a8d"
                        },
                        {
                          "k": "message",
                          "v": "Simplify token validation in GitHub Actions workflow"
                        },
                        {
                          "k": "timestamp",
                          "v": "2026-10-07T13:56:06+02:00"
                        },
                        {
                          "k": "tree_id",
                          "v": "ab82645d54409d97e7c3fc96155ebb638d90e068"
                        },
                        {
                          "k": "url",
                          "v": "https://github.com/Alejfk/Colaborative/commit/da820a622666cb2b545e769323d0c9c731a39a8d"
                        }
                      ]
                    }
                  ]
                }
              },
              {
                "k": "compare",
                "v": "https://github.com/Alejfk/Colaborative/compare/d4fdd2ab02de...da820a622666"
              },
              {
                "k": "created",
                "v": false
              },
              {
                "k": "deleted",
                "v": false
              },
              {
                "k": "forced",
                "v": false
              },
              {
                "k": "head_commit",
                "v": {
                  "t": 2,
                  "d": [
                    {
                      "k": "author",
                      "v": {
                        "t": 2,
                        "d": [
                          {
                            "k": "email",
                            "v": "alejandro.s378329@cesurformacion.com"
                          },
                          {
                            "k": "name",
                            "v": "Alejfk"
                          },
                          {
                            "k": "username",
                            "v": "Alejfk"
                          }
                        ]
                      }
                    },
                    {
                      "k": "committer",
                      "v": {
                        "t": 2,
                        "d": [
                          {
                            "k": "email",
                            "v": "noreply@github.com"
                          },
                          {
                            "k": "name",
                            "v": "GitHub"
                          },
                          {
                            "k": "username",
                            "v": "web-flow"
                          }
                        ]
                      }
                    },
                    {
                      "k": "distinct",
                      "v": true
                    },
                    {
                      "k": "id",
                      "v": "da820a622666cb2b545e769323d0c9c731a39a8d"
                    },
                    {
                      "k": "message",
                      "v": "Simplify token validation in GitHub Actions workflow"
                    },
                    {
                      "k": "timestamp",
                      "v": "2026-10-07T13:56:06+02:00"
                    },
                    {
                      "k": "tree_id",
                      "v": "ab82645d54409d97e7c3fc96155ebb638d90e068"
                    },
                    {
                      "k": "url",
                      "v": "https://github.com/Alejfk/Colaborative/commit/da820a622666cb2b545e769323d0c9c731a39a8d"
                    }
                  ]
                }
              },
              {
                "k": "pusher",
                "v": {
                  "t": 2,
                  "d": [
                    {
                      "k": "email",
                      "v": "alejandro.s378329@cesurformacion.com"
                    },
                    {
                      "k": "name",
                      "v": "Alejfk"
                    }
                  ]
                }
              },
              {
                "k": "ref",
                "v": "refs/heads/main"
              },
              {
                "k": "repository",
                "v": {
                  "t": 2,
                  "d": [
                    {
                      "k": "allow_forking",
                      "v": true
                    },
                    {
                      "k": "archive_url",
                      "v": "https://api.github.com/repos/Alejfk/Colaborative/{archive_format}{/ref}"
                    },
                    {
                      "k": "archived",
                      "v": false
                    },
                    {
                      "k": "assignees_url",
                      "v": "https://api.github.com/repos/Alejfk/Colaborative/assignees{/user}"
                    },
                    {
                      "k": "blobs_url",
                      "v": "https://api.github.com/repos/Alejfk/Colaborative/git/blobs{/sha}"
                    },
                    {
                      "k": "branches_url",
                      "v": "https://api.github.com/repos/Alejfk/Colaborative/branches{/branch}"
                    },
                    {
                      "k": "clone_url",
                      "v": "https://github.com/Alejfk/Colaborative.git"
                    },
                    {
                      "k": "collaborators_url",
                      "v": "https://api.github.com/repos/Alejfk/Colaborative/collaborators{/collaborator}"
                    },
                    {
                      "k": "comments_url",
                      "v": "https://api.github.com/repos/Alejfk/Colaborative/comments{/number}"
                    },
                    {
                      "k": "commits_url",
                      "v": "https://api.github.com/repos/Alejfk/Colaborative/commits{/sha}"
                    },
                    {
                      "k": "compare_url",
                      "v": "https://api.github.com/repos/Alejfk/Colaborative/compare/{base}...{head}"
                    },
                    {
                      "k": "contents_url",
                      "v": "https://api.github.com/repos/Alejfk/Colaborative/contents/{+path}"
                    },
                    {
                      "k": "contributors_url",
                      "v": "https://api.github.com/repos/Alejfk/Colaborative/contributors"
                    },
                    {
                      "k": "created_at",
                      "v": 1791272639.0
                    },
                    {
                      "k": "default_branch",
                      "v": "main"
                    },
                    {
                      "k": "deployments_url",
                      "v": "https://api.github.com/repos/Alejfk/Colaborative/deployments"
                    },
                    {
                      "k": "description",
                      "v": null
                    },
                    {
                      "k": "disabled",
                      "v": false
                    },
                    {
                      "k": "downloads_url",
                      "v": "https://api.github.com/repos/Alejfk/Colaborative/downloads"
                    },
                    {
                      "k": "events_url",
                      "v": "https://api.github.com/repos/Alejfk/Colaborative/events"
                    },
                    {
                      "k": "fork",
                      "v": false
                    },
                    {
                      "k": "forks",
                      "v": 0.0
                    },
                    {
                      "k": "forks_count",
                      "v": 0.0
                    },
                    {
                      "k": "forks_url",
                      "v": "https://api.github.com/repos/Alejfk/Colaborative/forks"
                    },
                    {
                      "k": "full_name",
                      "v": "Alejfk/Colaborative"
                    },
                    {
                      "k": "git_commits_url",
                      "v": "https://api.github.com/repos/Alejfk/Colaborative/git/commits{/sha}"
                    },
                    {
                      "k": "git_refs_url",
                      "v": "https://api.github.com/repos/Alejfk/Colaborative/git/refs{/sha}"
                    },
                    {
                      "k": "git_tags_url",
                      "v": "https://api.github.com/repos/Alejfk/Colaborative/git/tags{/sha}"
                    },
                    {
                      "k": "git_url",
                      "v": "git://github.com/Alejfk/Colaborative.git"
                    },
                    {
                      "k": "has_discussions",
                      "v": false
                    },
                    {
                      "k": "has_downloads",
                      "v": true
                    },
                    {
                      "k": "has_issues",
                      "v": true
                    },
                    {
                      "k": "has_pages",
                      "v": false
                    },
                    {
                      "k": "has_projects",
                      "v": true
                    },
                    {
                      "k": "has_pull_requests",
                      "v": true
                    },
                    {
                      "k": "has_wiki",
                      "v": true
                    },
                    {
                      "k": "homepage",
                      "v": null
                    },
                    {
                      "k": "hooks_url",
                      "v": "https://api.github.com/repos/Alejfk/Colaborative/hooks"
                    },
                    {
                      "k": "html_url",
                      "v": "https://github.com/Alejfk/Colaborative"
                    },
                    {
                      "k": "id",
                      "v": 1406905728.0
                    },
                    {
                      "k": "is_template",
                      "v": false
                    },
                    {
                      "k": "issue_comment_url",
                      "v": "https://api.github.com/repos/Alejfk/Colaborative/issues/comments{/number}"
                    },
                    {
                      "k": "issue_events_url",
                      "v": "https://api.github.com/repos/Alejfk/Colaborative/issues/events{/number}"
                    },
                    {
                      "k": "issues_url",
                      "v": "https://api.github.com/repos/Alejfk/Colaborative/issues{/number}"
                    },
                    {
                      "k": "keys_url",
                      "v": "https://api.github.com/repos/Alejfk/Colaborative/keys{/key_id}"
                    },
                    {
                      "k": "labels_url",
                      "v": "https://api.github.com/repos/Alejfk/Colaborative/labels{/name}"
                    },
                    {
                      "k": "language",
                      "v": "JavaScript"
                    },
                    {
                      "k": "languages_url",
                      "v": "https://api.github.com/repos/Alejfk/Colaborative/languages"
                    },
                    {
                      "k": "license",
                      "v": null
                    },
                    {
                      "k": "master_branch",
                      "v": "main"
                    },
                    {
                      "k": "merges_url",
                      "v": "https://api.github.com/repos/Alejfk/Colaborative/merges"
                    },
                    {
                      "k": "milestones_url",
                      "v": "https://api.github.com/repos/Alejfk/Colaborative/milestones{/number}"
                    },
                    {
                      "k": "mirror_url",
                      "v": null
                    },
                    {
                      "k": "name",
                      "v": "Colaborative"
                    },
                    {
                      "k": "node_id",
                      "v": "R_kgDOU9utgA"
                    },
                    {
                      "k": "notifications_url",
                      "v": "https://api.github.com/repos/Alejfk/Colaborative/notifications{?since,all,participating}"
                    },
                    {
                      "k": "open_issues",
                      "v": 0.0
                    },
                    {
                      "k": "open_issues_count",
                      "v": 0.0
                    },
                    {
                      "k": "owner",
                      "v": {
                        "t": 2,
                        "d": [
                          {
                            "k": "avatar_url",
                            "v": "https://avatars.githubusercontent.com/u/337092217?v=4"
                          },
                          {
                            "k": "email",
                            "v": "alejandro.s378329@cesurformacion.com"
                          },
                          {
                            "k": "events_url",
                            "v": "https://api.github.com/users/Alejfk/events{/privacy}"
                          },
                          {
                            "k": "followers_url",
                            "v": "https://api.github.com/users/Alejfk/followers"
                          },
                          {
                            "k": "following_url",
                            "v": "https://api.github.com/users/Alejfk/following{/other_user}"
                          },
                          {
                            "k": "gists_url",
                            "v": "https://api.github.com/users/Alejfk/gists{/gist_id}"
                          },
                          {
                            "k": "gravatar_id",
                            "v": ""
                          },
                          {
                            "k": "html_url",
                            "v": "https://github.com/Alejfk"
                          },
                          {
                            "k": "id",
                            "v": 337092217.0
                          },
                          {
                            "k": "login",
                            "v": "Alejfk"
                          },
                          {
                            "k": "name",
                            "v": "Alejfk"
                          },
                          {
                            "k": "node_id",
                            "v": "U_kgDOFBeeeQ"
                          },
                          {
                            "k": "organizations_url",
                            "v": "https://api.github.com/users/Alejfk/orgs"
                          },
                          {
                            "k": "received_events_url",
                            "v": "https://api.github.com/users/Alejfk/received_events"
                          },
                          {
                            "k": "repos_url",
                            "v": "https://api.github.com/users/Alejfk/repos"
                          },
                          {
                            "k": "site_admin",
                            "v": false
                          },
                          {
                            "k": "starred_url",
                            "v": "https://api.github.com/users/Alejfk/starred{/owner}{/repo}"
                          },
                          {
                            "k": "subscriptions_url",
                            "v": "https://api.github.com/users/Alejfk/subscriptions"
                          },
                          {
                            "k": "type",
                            "v": "User"
                          },
                          {
                            "k": "url",
                            "v": "https://api.github.com/users/Alejfk"
                          },
                          {
                            "k": "user_view_type",
                            "v": "public"
                          }
                        ]
                      }
                    },
                    {
                      "k": "private",
                      "v": false
                    },
                    {
                      "k": "pull_request_creation_policy",
                      "v": "all"
                    },
                    {
                      "k": "pulls_url",
                      "v": "https://api.github.com/repos/Alejfk/Colaborative/pulls{/number}"
                    },
                    {
                      "k": "pushed_at",
                      "v": 1791374167.0
                    },
                    {
                      "k": "releases_url",
                      "v": "https://api.github.com/repos/Alejfk/Colaborative/releases{/id}"
                    },
                    {
                      "k": "size",
                      "v": 183535.0
                    },
                    {
                      "k": "ssh_url",
                      "v": "git@github.com:Alejfk/Colaborative.git"
                    },
                    {
                      "k": "stargazers",
                      "v": 0.0
                    },
                    {
                      "k": "stargazers_count",
                      "v": 0.0
                    },
                    {
                      "k": "stargazers_url",
                      "v": "https://api.github.com/repos/Alejfk/Colaborative/stargazers"
                    },
                    {
                      "k": "statuses_url",
                      "v": "https://api.github.com/repos/Alejfk/Colaborative/statuses/{sha}"
                    },
                    {
                      "k": "subscribers_url",
                      "v": "https://api.github.com/repos/Alejfk/Colaborative/subscribers"
                    },
                    {
                      "k": "subscription_url",
                      "v": "https://api.github.com/repos/Alejfk/Colaborative/subscription"
                    },
                    {
                      "k": "svn_url",
                      "v": "https://github.com/Alejfk/Colaborative"
                    },
                    {
                      "k": "tags_url",
                      "v": "https://api.github.com/repos/Alejfk/Colaborative/tags"
                    },
                    {
                      "k": "teams_url",
                      "v": "https://api.github.com/repos/Alejfk/Colaborative/teams"
                    },
                    {
                      "k": "topics",
                      "v": {
                        "t": 1
                      }
                    },
                    {
                      "k": "trees_url",
                      "v": "https://api.github.com/repos/Alejfk/Colaborative/git/trees{/sha}"
                    },
                    {
                      "k": "updated_at",
                      "v": "2026-10-07T11:54:46Z"
                    },
                    {
                      "k": "url",
                      "v": "https://api.github.com/repos/Alejfk/Colaborative"
                    },
                    {
                      "k": "visibility",
                      "v": "public"
                    },
                    {
                      "k": "watchers",
                      "v": 0.0
                    },
                    {
                      "k": "watchers_count",
                      "v": 0.0
                    },
                    {
                      "k": "web_commit_signoff_required",
                      "v": false
                    }
                  ]
                }
              },
              {
                "k": "sender",
                "v": {
                  "t": 2,
                  "d": [
                    {
                      "k": "avatar_url",
                      "v": "https://avatars.githubusercontent.com/u/337092217?v=4"
                    },
                    {
                      "k": "events_url",
                      "v": "https://api.github.com/users/Alejfk/events{/privacy}"
                    },
                    {
                      "k": "followers_url",
                      "v": "https://api.github.com/users/Alejfk/followers"
                    },
                    {
                      "k": "following_url",
                      "v": "https://api.github.com/users/Alejfk/following{/other_user}"
                    },
                    {
                      "k": "gists_url",
                      "v": "https://api.github.com/users/Alejfk/gists{/gist_id}"
                    },
                    {
                      "k": "gravatar_id",
                      "v": ""
                    },
                    {
                      "k": "html_url",
                      "v": "https://github.com/Alejfk"
                    },
                    {
                      "k": "id",
                      "v": 337092217.0
                    },
                    {
                      "k": "login",
                      "v": "Alejfk"
                    },
                    {
                      "k": "node_id",
                      "v": "U_kgDOFBeeeQ"
                    },
                    {
                      "k": "organizations_url",
                      "v": "https://api.github.com/users/Alejfk/orgs"
                    },
                    {
                      "k": "received_events_url",
                      "v": "https://api.github.com/users/Alejfk/received_events"
                    },
                    {
                      "k": "repos_url",
                      "v": "https://api.github.com/users/Alejfk/repos"
                    },
                    {
                      "k": "site_admin",
                      "v": false
                    },
                    {
                      "k": "starred_url",
                      "v": "https://api.github.com/users/Alejfk/starred{/owner}{/repo}"
                    },
                    {
                      "k": "subscriptions_url",
                      "v": "https://api.github.com/users/Alejfk/subscriptions"
                    },
                    {
                      "k": "type",
                      "v": "User"
                    },
                    {
                      "k": "url",
                      "v": "https://api.github.com/users/Alejfk"
                    },
                    {
                      "k": "user_view_type",
                      "v": "public"
                    }
                  ]
                }
              }
            ]
          }
        },
        {
          "k": "workflow_ref",
          "v": "Alejfk/Colaborative/.github/workflows/main.yml@refs/heads/main"
        },
        {
          "k": "workflow_sha",
          "v": "da820a622666cb2b545e769323d0c9c731a39a8d"
        },
        {
          "k": "repository_id",
          "v": "1406905728"
        },
        {
          "k": "triggering_actor",
          "v": "Alejfk"
        }
      ]
    },
    "inputs": {
      "t": 2
    },
    "job": {
      "t": 2,
      "d": [
        {
          "k": "check_run_id",
          "v": 112781010518.0
        },
        {
          "k": "workflow_ref",
          "v": "Alejfk/Colaborative/.github/workflows/main.yml@refs/heads/main"
        },
        {
          "k": "workflow_sha",
          "v": "da820a622666cb2b545e769323d0c9c731a39a8d"
        },
        {
          "k": "workflow_repository",
          "v": "Alejfk/Colaborative"
        },
        {
          "k": "workflow_file_path",
          "v": ".github/workflows/main.yml"
        }
      ]
    },
    "matrix": null,
    "needs": {
      "t": 2
    },
    "strategy": {
      "t": 2,
      "d": [
        {
          "k": "fail-fast",
          "v": true
        },
        {
          "k": "job-index",
          "v": 0.0
        },
        {
          "k": "job-total",
          "v": 1.0
        },
        {
          "k": "max-parallel",
          "v": 1.0
        }
      ]
    },
    "vars": {
      "t": 2
    }
  },
  "billingOwnerId": "U_kgDOFBeeeQ"
}
[2026-10-07 12:01:06Z INFO JobRunner] Job ID 59ca2f04-b83d-5859-90ad-fee2706e546d
[2026-10-07 12:01:06Z INFO ConfigurationStore] currentAssemblyLocation: C:\Users\neo_o\Desktop\Github Practicas\Users\actions-runner\bin\Runner.Worker.dll
[2026-10-07 12:01:06Z INFO HostContext] Well known directory 'Bin': 'C:\Users\neo_o\Desktop\Github Practicas\Users\actions-runner\bin'
[2026-10-07 12:01:06Z INFO ConfigurationStore] binPath: C:\Users\neo_o\Desktop\Github Practicas\Users\actions-runner\bin
[2026-10-07 12:01:06Z INFO HostContext] Well known directory 'Bin': 'C:\Users\neo_o\Desktop\Github Practicas\Users\actions-runner\bin'
[2026-10-07 12:01:06Z INFO HostContext] Well known directory 'Root': 'C:\Users\neo_o\Desktop\Github Practicas\Users\actions-runner'
[2026-10-07 12:01:06Z INFO ConfigurationStore] RootFolder: C:\Users\neo_o\Desktop\Github Practicas\Users\actions-runner
[2026-10-07 12:01:06Z INFO HostContext] Well known directory 'Bin': 'C:\Users\neo_o\Desktop\Github Practicas\Users\actions-runner\bin'
[2026-10-07 12:01:06Z INFO HostContext] Well known directory 'Root': 'C:\Users\neo_o\Desktop\Github Practicas\Users\actions-runner'
[2026-10-07 12:01:06Z INFO HostContext] Well known config file 'Runner': 'C:\Users\neo_o\Desktop\Github Practicas\Users\actions-runner\.runner'
[2026-10-07 12:01:06Z INFO ConfigurationStore] ConfigFilePath: C:\Users\neo_o\Desktop\Github Practicas\Users\actions-runner\.runner
[2026-10-07 12:01:06Z INFO HostContext] Well known directory 'Bin': 'C:\Users\neo_o\Desktop\Github Practicas\Users\actions-runner\bin'
[2026-10-07 12:01:06Z INFO HostContext] Well known directory 'Root': 'C:\Users\neo_o\Desktop\Github Practicas\Users\actions-runner'
[2026-10-07 12:01:06Z INFO HostContext] Well known config file 'MigratedRunner': 'C:\Users\neo_o\Desktop\Github Practicas\Users\actions-runner\.runner_migrated'
[2026-10-07 12:01:06Z INFO ConfigurationStore] MigratedConfigFilePath: C:\Users\neo_o\Desktop\Github Practicas\Users\actions-runner\.runner_migrated
[2026-10-07 12:01:06Z INFO HostContext] Well known directory 'Bin': 'C:\Users\neo_o\Desktop\Github Practicas\Users\actions-runner\bin'
[2026-10-07 12:01:06Z INFO HostContext] Well known directory 'Root': 'C:\Users\neo_o\Desktop\Github Practicas\Users\actions-runner'
[2026-10-07 12:01:06Z INFO HostContext] Well known config file 'Credentials': 'C:\Users\neo_o\Desktop\Github Practicas\Users\actions-runner\.credentials'
[2026-10-07 12:01:06Z INFO ConfigurationStore] CredFilePath: C:\Users\neo_o\Desktop\Github Practicas\Users\actions-runner\.credentials
[2026-10-07 12:01:06Z INFO HostContext] Well known directory 'Bin': 'C:\Users\neo_o\Desktop\Github Practicas\Users\actions-runner\bin'
[2026-10-07 12:01:06Z INFO HostContext] Well known directory 'Root': 'C:\Users\neo_o\Desktop\Github Practicas\Users\actions-runner'
[2026-10-07 12:01:06Z INFO HostContext] Well known config file 'MigratedCredentials': 'C:\Users\neo_o\Desktop\Github Practicas\Users\actions-runner\.credentials_migrated'
[2026-10-07 12:01:06Z INFO ConfigurationStore] MigratedCredFilePath: C:\Users\neo_o\Desktop\Github Practicas\Users\actions-runner\.credentials_migrated
[2026-10-07 12:01:06Z INFO HostContext] Well known directory 'Bin': 'C:\Users\neo_o\Desktop\Github Practicas\Users\actions-runner\bin'
[2026-10-07 12:01:06Z INFO HostContext] Well known directory 'Root': 'C:\Users\neo_o\Desktop\Github Practicas\Users\actions-runner'
[2026-10-07 12:01:06Z INFO HostContext] Well known config file 'Service': 'C:\Users\neo_o\Desktop\Github Practicas\Users\actions-runner\.service'
[2026-10-07 12:01:06Z INFO ConfigurationStore] ServiceConfigFilePath: C:\Users\neo_o\Desktop\Github Practicas\Users\actions-runner\.service
[2026-10-07 12:01:06Z INFO ConfigurationStore] Read setting file: 398 chars
[2026-10-07 12:01:06Z INFO JobRunner] Initializing launch client
[2026-10-07 12:01:06Z INFO JobServerQueue] Initializing results client
[2026-10-07 12:01:06Z INFO ResultServer] Creating websocket client ...wss://results-receiver.actions.githubusercontent.com/_ws/ingest.sock
[2026-10-07 12:01:06Z INFO ResultServer] Attempting to start websocket client with delay 00:00:00.
[2026-10-07 12:01:06Z INFO JobServerQueue] Start process web console line queue.
[2026-10-07 12:01:06Z INFO JobServerQueue] Start process file upload queue.
[2026-10-07 12:01:06Z INFO JobServerQueue] Start results file upload queue.
[2026-10-07 12:01:06Z INFO JobServerQueue] Starting results-based upload queue...
[2026-10-07 12:01:06Z INFO JobServerQueue] Start process timeline update queue.
[2026-10-07 12:01:06Z INFO ExecutionContext] Initializing Job context
[2026-10-07 12:01:06Z INFO ExecutionContext] Initialize GitHub context
[2026-10-07 12:01:06Z INFO ExecutionContext] Initialize Env context
[2026-10-07 12:01:06Z INFO HostContext] Well known directory 'Bin': 'C:\Users\neo_o\Desktop\Github Practicas\Users\actions-runner\bin'
[2026-10-07 12:01:06Z INFO HostContext] Well known directory 'Root': 'C:\Users\neo_o\Desktop\Github Practicas\Users\actions-runner'
[2026-10-07 12:01:06Z INFO HostContext] Well known directory 'Diag': 'C:\Users\neo_o\Desktop\Github Practicas\Users\actions-runner\_diag'
[2026-10-07 12:01:06Z INFO HostContext] Well known directory 'Bin': 'C:\Users\neo_o\Desktop\Github Practicas\Users\actions-runner\bin'
[2026-10-07 12:01:06Z INFO HostContext] Well known directory 'Root': 'C:\Users\neo_o\Desktop\Github Practicas\Users\actions-runner'
[2026-10-07 12:01:06Z INFO HostContext] Well known directory 'Diag': 'C:\Users\neo_o\Desktop\Github Practicas\Users\actions-runner\_diag'
[2026-10-07 12:01:06Z INFO JobRunner] Starting the job execution context.
[2026-10-07 12:01:06Z INFO HostContext] Well known directory 'Bin': 'C:\Users\neo_o\Desktop\Github Practicas\Users\actions-runner\bin'
[2026-10-07 12:01:06Z INFO HostContext] Well known directory 'Root': 'C:\Users\neo_o\Desktop\Github Practicas\Users\actions-runner'
[2026-10-07 12:01:06Z INFO HostContext] Well known directory 'Work': 'C:\Users\neo_o\Desktop\Github Practicas\Users\actions-runner\_work'
[2026-10-07 12:01:06Z INFO JobRunner] Validating directory permissions for: 'C:\Users\neo_o\Desktop\Github Practicas\Users\actions-runner\_work'
[2026-10-07 12:01:06Z INFO HostContext] Well known directory 'Bin': 'C:\Users\neo_o\Desktop\Github Practicas\Users\actions-runner\bin'
[2026-10-07 12:01:06Z INFO HostContext] Well known directory 'Root': 'C:\Users\neo_o\Desktop\Github Practicas\Users\actions-runner'
[2026-10-07 12:01:06Z INFO HostContext] Well known directory 'Work': 'C:\Users\neo_o\Desktop\Github Practicas\Users\actions-runner\_work'
[2026-10-07 12:01:06Z INFO HostContext] Well known directory 'Tools': 'C:\Users\neo_o\Desktop\Github Practicas\Users\actions-runner\_work\_tool'
[2026-10-07 12:01:06Z INFO HostContext] Well known directory 'Bin': 'C:\Users\neo_o\Desktop\Github Practicas\Users\actions-runner\bin'
[2026-10-07 12:01:06Z INFO HostContext] Well known directory 'Root': 'C:\Users\neo_o\Desktop\Github Practicas\Users\actions-runner'
[2026-10-07 12:01:06Z INFO HostContext] Well known directory 'Work': 'C:\Users\neo_o\Desktop\Github Practicas\Users\actions-runner\_work'
[2026-10-07 12:01:06Z INFO HostContext] Well known directory 'Temp': 'C:\Users\neo_o\Desktop\Github Practicas\Users\actions-runner\_work\_temp'
[2026-10-07 12:01:06Z INFO JobRunner] Getting job extension.
[2026-10-07 12:01:06Z INFO JobRunner] Initialize job. Getting all job steps.
[2026-10-07 12:01:06Z INFO HostContext] Well known directory 'Bin': 'C:\Users\neo_o\Desktop\Github Practicas\Users\actions-runner\bin'
[2026-10-07 12:01:06Z INFO HostContext] Well known directory 'Root': 'C:\Users\neo_o\Desktop\Github Practicas\Users\actions-runner'
[2026-10-07 12:01:06Z INFO HostContext] Well known directory 'Diag': 'C:\Users\neo_o\Desktop\Github Practicas\Users\actions-runner\_diag'
[2026-10-07 12:01:06Z INFO HostContext] Well known directory 'Bin': 'C:\Users\neo_o\Desktop\Github Practicas\Users\actions-runner\bin'
[2026-10-07 12:01:06Z INFO HostContext] Well known directory 'Root': 'C:\Users\neo_o\Desktop\Github Practicas\Users\actions-runner'
[2026-10-07 12:01:06Z INFO HostContext] Well known directory 'Diag': 'C:\Users\neo_o\Desktop\Github Practicas\Users\actions-runner\_diag'
[2026-10-07 12:01:06Z INFO HostContext] Well known directory 'Bin': 'C:\Users\neo_o\Desktop\Github Practicas\Users\actions-runner\bin'
[2026-10-07 12:01:06Z INFO HostContext] Well known directory 'Root': 'C:\Users\neo_o\Desktop\Github Practicas\Users\actions-runner'
[2026-10-07 12:01:06Z INFO HostContext] Well known config file 'Credentials': 'C:\Users\neo_o\Desktop\Github Practicas\Users\actions-runner\.credentials'
[2026-10-07 12:01:06Z INFO HostContext] Well known directory 'Bin': 'C:\Users\neo_o\Desktop\Github Practicas\Users\actions-runner\bin'
[2026-10-07 12:01:06Z INFO HostContext] Well known directory 'Root': 'C:\Users\neo_o\Desktop\Github Practicas\Users\actions-runner'
[2026-10-07 12:01:06Z INFO HostContext] Well known config file 'SetupInfo': 'C:\Users\neo_o\Desktop\Github Practicas\Users\actions-runner\.setup_info'
[2026-10-07 12:01:06Z INFO HostContext] Well known directory 'Bin': 'C:\Users\neo_o\Desktop\Github Practicas\Users\actions-runner\bin'
[2026-10-07 12:01:06Z INFO HostContext] Well known directory 'Root': 'C:\Users\neo_o\Desktop\Github Practicas\Users\actions-runner'
[2026-10-07 12:01:06Z INFO HostContext] Well known directory 'Work': 'C:\Users\neo_o\Desktop\Github Practicas\Users\actions-runner\_work'
[2026-10-07 12:01:06Z INFO PipelineDirectoryManager] Loading tracking config if exists: C:\Users\neo_o\Desktop\Github Practicas\Users\actions-runner\_work\_PipelineMapping\Alejfk/Colaborative\PipelineFolder.json
[2026-10-07 12:01:06Z INFO PipelineDirectoryManager] Updating job run properties.
[2026-10-07 12:01:06Z INFO HostContext] Well known directory 'Bin': 'C:\Users\neo_o\Desktop\Github Practicas\Users\actions-runner\bin'
[2026-10-07 12:01:06Z INFO HostContext] Well known directory 'Root': 'C:\Users\neo_o\Desktop\Github Practicas\Users\actions-runner'
[2026-10-07 12:01:06Z INFO HostContext] Well known directory 'Work': 'C:\Users\neo_o\Desktop\Github Practicas\Users\actions-runner\_work'
[2026-10-07 12:01:06Z INFO HostContext] Well known directory 'Bin': 'C:\Users\neo_o\Desktop\Github Practicas\Users\actions-runner\bin'
[2026-10-07 12:01:06Z INFO HostContext] Well known directory 'Root': 'C:\Users\neo_o\Desktop\Github Practicas\Users\actions-runner'
[2026-10-07 12:01:06Z INFO HostContext] Well known directory 'Work': 'C:\Users\neo_o\Desktop\Github Practicas\Users\actions-runner\_work'
[2026-10-07 12:01:06Z INFO HostContext] Well known directory 'Bin': 'C:\Users\neo_o\Desktop\Github Practicas\Users\actions-runner\bin'
[2026-10-07 12:01:06Z INFO HostContext] Well known directory 'Root': 'C:\Users\neo_o\Desktop\Github Practicas\Users\actions-runner'
[2026-10-07 12:01:06Z INFO HostContext] Well known directory 'Work': 'C:\Users\neo_o\Desktop\Github Practicas\Users\actions-runner\_work'
[2026-10-07 12:01:06Z INFO JobExtension] Downloading actions
[2026-10-07 12:01:06Z INFO HostContext] Well known directory 'Bin': 'C:\Users\neo_o\Desktop\Github Practicas\Users\actions-runner\bin'
[2026-10-07 12:01:06Z INFO HostContext] Well known directory 'Root': 'C:\Users\neo_o\Desktop\Github Practicas\Users\actions-runner'
[2026-10-07 12:01:06Z INFO HostContext] Well known directory 'Work': 'C:\Users\neo_o\Desktop\Github Practicas\Users\actions-runner\_work'
[2026-10-07 12:01:06Z INFO HostContext] Well known directory 'Actions': 'C:\Users\neo_o\Desktop\Github Practicas\Users\actions-runner\_work\_actions'
[2026-10-07 12:01:06Z INFO JobExtension] Adding .
[2026-10-07 12:01:06Z INFO JobExtension] Adding .
[2026-10-07 12:01:06Z INFO HostContext] Well known directory 'Bin': 'C:\Users\neo_o\Desktop\Github Practicas\Users\actions-runner\bin'
[2026-10-07 12:01:06Z INFO HostContext] Well known directory 'Root': 'C:\Users\neo_o\Desktop\Github Practicas\Users\actions-runner'
[2026-10-07 12:01:06Z INFO HostContext] Well known directory 'Diag': 'C:\Users\neo_o\Desktop\Github Practicas\Users\actions-runner\_diag'
[2026-10-07 12:01:06Z INFO HostContext] Well known directory 'Bin': 'C:\Users\neo_o\Desktop\Github Practicas\Users\actions-runner\bin'
[2026-10-07 12:01:06Z INFO HostContext] Well known directory 'Root': 'C:\Users\neo_o\Desktop\Github Practicas\Users\actions-runner'
[2026-10-07 12:01:06Z INFO HostContext] Well known directory 'Diag': 'C:\Users\neo_o\Desktop\Github Practicas\Users\actions-runner\_diag'
[2026-10-07 12:01:06Z INFO HostContext] Well known directory 'Bin': 'C:\Users\neo_o\Desktop\Github Practicas\Users\actions-runner\bin'
[2026-10-07 12:01:06Z INFO HostContext] Well known directory 'Root': 'C:\Users\neo_o\Desktop\Github Practicas\Users\actions-runner'
[2026-10-07 12:01:06Z INFO HostContext] Well known directory 'Diag': 'C:\Users\neo_o\Desktop\Github Practicas\Users\actions-runner\_diag'
[2026-10-07 12:01:06Z INFO HostContext] Well known directory 'Bin': 'C:\Users\neo_o\Desktop\Github Practicas\Users\actions-runner\bin'
[2026-10-07 12:01:06Z INFO HostContext] Well known directory 'Root': 'C:\Users\neo_o\Desktop\Github Practicas\Users\actions-runner'
[2026-10-07 12:01:06Z INFO HostContext] Well known directory 'Diag': 'C:\Users\neo_o\Desktop\Github Practicas\Users\actions-runner\_diag'
[2026-10-07 12:01:06Z INFO JobExtension] Total accessible running process: 248.
[2026-10-07 12:01:06Z INFO HostContext] Well known directory 'Bin': 'C:\Users\neo_o\Desktop\Github Practicas\Users\actions-runner\bin'
[2026-10-07 12:01:06Z INFO HostContext] Well known directory 'Root': 'C:\Users\neo_o\Desktop\Github Practicas\Users\actions-runner'
[2026-10-07 12:01:06Z INFO HostContext] Well known directory 'Work': 'C:\Users\neo_o\Desktop\Github Practicas\Users\actions-runner\_work'
[2026-10-07 12:01:06Z INFO JobExtension] Start checking server connectivity.
[2026-10-07 12:01:06Z INFO JobExtension] Check server connectivity for https://broker.actions.githubusercontent.com/health.
[2026-10-07 12:01:06Z INFO JobExtension] Check server connectivity for https://token.actions.githubusercontent.com/ready.
[2026-10-07 12:01:06Z INFO JobExtension] Check server connectivity for https://run.actions.githubusercontent.com/health.
[2026-10-07 12:01:06Z INFO JobExtension] Start checking service connectivity in background.
[2026-10-07 12:01:06Z INFO ExecutionContext] Publish step telemetry for current step {
  "action": "setup_job",
  "type": "runner",
  "stage": "Pre",
  "stepId": "9079c880-f490-434d-ade9-faef2207b248",
  "result": "succeeded",
  "errorMessages": [],
  "executionTimeInSeconds": 1,
  "startTime": "2026-10-07T12:01:06.6101769Z",
  "finishTime": "2026-10-07T12:01:06.667109Z"
}.
[2026-10-07 12:01:06Z INFO JobRunner] Total job steps: 2.
[2026-10-07 12:01:06Z INFO JobRunner] Run all job steps.
[2026-10-07 12:01:06Z INFO DapDebugger] DapDebugger initialized
[2026-10-07 12:01:06Z INFO StepsRunner] Processing step: DisplayName='Diagnóstico de sistema'
[2026-10-07 12:01:06Z INFO StepsRunner] Evaluating: success()
[2026-10-07 12:01:06Z INFO StepsRunner] Result: true
[2026-10-07 12:01:06Z INFO StepsRunner] Starting the step.
[2026-10-07 12:01:06Z INFO HostContext] Well known directory 'Bin': 'C:\Users\neo_o\Desktop\Github Practicas\Users\actions-runner\bin'
[2026-10-07 12:01:06Z INFO HostContext] Well known directory 'Root': 'C:\Users\neo_o\Desktop\Github Practicas\Users\actions-runner'
[2026-10-07 12:01:06Z INFO HostContext] Well known directory 'Work': 'C:\Users\neo_o\Desktop\Github Practicas\Users\actions-runner\_work'
[2026-10-07 12:01:06Z INFO StepsRunner] Which2: 'chcp'
[2026-10-07 12:01:06Z INFO StepsRunner] Location: 'C:\Windows\System32\chcp.COM'
[2026-10-07 12:01:06Z INFO ProcessInvokerWrapper] Starting process:
[2026-10-07 12:01:06Z INFO ProcessInvokerWrapper]   File name: 'C:\Windows\System32\chcp.COM'
[2026-10-07 12:01:06Z INFO ProcessInvokerWrapper]   Arguments: '65001'
[2026-10-07 12:01:06Z INFO ProcessInvokerWrapper]   Working directory: 'C:\Users\neo_o\Desktop\Github Practicas\Users\actions-runner\_work'
[2026-10-07 12:01:06Z INFO ProcessInvokerWrapper]   Require exit code zero: 'False'
[2026-10-07 12:01:06Z INFO ProcessInvokerWrapper]   Encoding web name:  ; code page: ''
[2026-10-07 12:01:06Z INFO ProcessInvokerWrapper]   Force kill process on cancellation: 'False'
[2026-10-07 12:01:06Z INFO ProcessInvokerWrapper]   Redirected STDIN: 'False'
[2026-10-07 12:01:06Z INFO ProcessInvokerWrapper]   Persist current code page: 'True'
[2026-10-07 12:01:06Z INFO ProcessInvokerWrapper]   Keep redirected STDIN open: 'False'
[2026-10-07 12:01:06Z INFO ProcessInvokerWrapper]   High priority process: 'False'
[2026-10-07 12:01:06Z INFO ProcessInvokerWrapper] Process started with process id 26440, waiting for process exit.
[2026-10-07 12:01:06Z INFO Worker] Listening for cancel message from the channel.
[2026-10-07 12:01:06Z INFO ProcessInvokerWrapper] STDOUT/STDERR stream read finished.
[2026-10-07 12:01:06Z INFO Worker] Waiting for the job to complete or for a cancel message from the channel.
[2026-10-07 12:01:06Z INFO ProcessInvokerWrapper] STDOUT/STDERR stream read finished.
[2026-10-07 12:01:06Z INFO ProcessInvokerWrapper] Finished process 26440 with exit code 0, and elapsed time 00:00:00.0089882.
[2026-10-07 12:01:06Z INFO StepsRunner] Successfully returned to code page 65001 (UTF8)
[2026-10-07 12:01:06Z INFO HostContext] Well known directory 'Bin': 'C:\Users\neo_o\Desktop\Github Practicas\Users\actions-runner\bin'
[2026-10-07 12:01:06Z INFO HostContext] Well known directory 'Root': 'C:\Users\neo_o\Desktop\Github Practicas\Users\actions-runner'
[2026-10-07 12:01:06Z INFO HostContext] Well known directory 'Work': 'C:\Users\neo_o\Desktop\Github Practicas\Users\actions-runner\_work'
[2026-10-07 12:01:06Z INFO HostContext] Well known directory 'Temp': 'C:\Users\neo_o\Desktop\Github Practicas\Users\actions-runner\_work\_temp'
[2026-10-07 12:01:06Z INFO ExecutionContext] Write event payload to C:\Users\neo_o\Desktop\Github Practicas\Users\actions-runner\_work\_temp\_github_workflow\event.json
[2026-10-07 12:01:06Z INFO HostContext] Well known directory 'Bin': 'C:\Users\neo_o\Desktop\Github Practicas\Users\actions-runner\bin'
[2026-10-07 12:01:06Z INFO HostContext] Well known directory 'Root': 'C:\Users\neo_o\Desktop\Github Practicas\Users\actions-runner'
[2026-10-07 12:01:06Z INFO HostContext] Well known directory 'Work': 'C:\Users\neo_o\Desktop\Github Practicas\Users\actions-runner\_work'
[2026-10-07 12:01:06Z INFO HostContext] Well known directory 'Temp': 'C:\Users\neo_o\Desktop\Github Practicas\Users\actions-runner\_work\_temp'
[2026-10-07 12:01:06Z INFO ExtensionManager] Getting extensions for interface: 'GitHub.Runner.Worker.IFileCommandExtension'
[2026-10-07 12:01:06Z INFO ExtensionManager] Creating instance: GitHub.Runner.Worker.AddPathFileCommand, Runner.Worker
[2026-10-07 12:01:06Z INFO ExtensionManager] Creating instance: GitHub.Runner.Worker.SetEnvFileCommand, Runner.Worker
[2026-10-07 12:01:06Z INFO ExtensionManager] Creating instance: GitHub.Runner.Worker.CreateStepSummaryCommand, Runner.Worker
[2026-10-07 12:01:06Z INFO ExtensionManager] Creating instance: GitHub.Runner.Worker.SaveStateFileCommand, Runner.Worker
[2026-10-07 12:01:06Z INFO ExtensionManager] Creating instance: GitHub.Runner.Worker.SetOutputFileCommand, Runner.Worker
[2026-10-07 12:01:06Z INFO ExtensionManager] Creating instance: GitHub.Runner.Worker.CreateArtifactsFileCommand, Runner.Worker
[2026-10-07 12:01:06Z INFO ExtensionManager] Creating instance: GitHub.Runner.Worker.ArtifactsListFileCommand, Runner.Worker
[2026-10-07 12:01:06Z INFO ArtifactsListFileCommand] Wrote $GITHUB_ARTIFACTS_LIST with 0 subject(s) to 'C:\Users\neo_o\Desktop\Github Practicas\Users\actions-runner\_work\_temp\_runner_file_commands\artifacts_list_15074d22-21bf-4bde-ab97-b08227d0339a'
[2026-10-07 12:01:06Z INFO ExtensionManager] Getting extensions for interface: 'GitHub.Runner.Worker.IActionCommandExtension'
[2026-10-07 12:01:06Z INFO ExtensionManager] Creating instance: GitHub.Runner.Worker.InternalPluginSetRepoPathCommandExtension, Runner.Worker
[2026-10-07 12:01:06Z INFO ExtensionManager] Creating instance: GitHub.Runner.Worker.SetEnvCommandExtension, Runner.Worker
[2026-10-07 12:01:06Z INFO ExtensionManager] Creating instance: GitHub.Runner.Worker.SetOutputCommandExtension, Runner.Worker
[2026-10-07 12:01:06Z INFO ExtensionManager] Creating instance: GitHub.Runner.Worker.SaveStateCommandExtension, Runner.Worker
[2026-10-07 12:01:06Z INFO ExtensionManager] Creating instance: GitHub.Runner.Worker.AddPathCommandExtension, Runner.Worker
[2026-10-07 12:01:06Z INFO ExtensionManager] Creating instance: GitHub.Runner.Worker.AddMaskCommandExtension, Runner.Worker
[2026-10-07 12:01:06Z INFO ExtensionManager] Creating instance: GitHub.Runner.Worker.AddMatcherCommandExtension, Runner.Worker
[2026-10-07 12:01:06Z INFO ExtensionManager] Creating instance: GitHub.Runner.Worker.RemoveMatcherCommandExtension, Runner.Worker
[2026-10-07 12:01:06Z INFO ExtensionManager] Creating instance: GitHub.Runner.Worker.WarningCommandExtension, Runner.Worker
[2026-10-07 12:01:06Z INFO ExtensionManager] Creating instance: GitHub.Runner.Worker.ErrorCommandExtension, Runner.Worker
[2026-10-07 12:01:06Z INFO ExtensionManager] Creating instance: GitHub.Runner.Worker.NoticeCommandExtension, Runner.Worker
[2026-10-07 12:01:06Z INFO ExtensionManager] Creating instance: GitHub.Runner.Worker.DebugCommandExtension, Runner.Worker
[2026-10-07 12:01:06Z INFO ExtensionManager] Creating instance: GitHub.Runner.Worker.GroupCommandExtension, Runner.Worker
[2026-10-07 12:01:06Z INFO ExtensionManager] Creating instance: GitHub.Runner.Worker.EndGroupCommandExtension, Runner.Worker
[2026-10-07 12:01:06Z INFO ExtensionManager] Creating instance: GitHub.Runner.Worker.EchoCommandExtension, Runner.Worker
[2026-10-07 12:01:06Z INFO ActionCommandManager] Register action command extension for command internal-set-repo-path
[2026-10-07 12:01:06Z INFO ActionCommandManager] Register action command extension for command set-env
[2026-10-07 12:01:06Z INFO ActionCommandManager] Register action command extension for command set-output
[2026-10-07 12:01:06Z INFO ActionCommandManager] Register action command extension for command save-state
[2026-10-07 12:01:06Z INFO ActionCommandManager] Register action command extension for command add-path
[2026-10-07 12:01:06Z INFO ActionCommandManager] Register action command extension for command add-mask
[2026-10-07 12:01:06Z INFO ActionCommandManager] Register action command extension for command add-matcher
[2026-10-07 12:01:06Z INFO ActionCommandManager] Register action command extension for command remove-matcher
[2026-10-07 12:01:06Z INFO ActionCommandManager] Register action command extension for command warning
[2026-10-07 12:01:06Z INFO ActionCommandManager] Register action command extension for command error
[2026-10-07 12:01:06Z INFO ActionCommandManager] Register action command extension for command notice
[2026-10-07 12:01:06Z INFO ActionCommandManager] Register action command extension for command debug
[2026-10-07 12:01:06Z INFO ActionCommandManager] Register action command extension for command group
[2026-10-07 12:01:06Z INFO ActionCommandManager] Register action command extension for command endgroup
[2026-10-07 12:01:06Z INFO ActionCommandManager] Register action command extension for command echo
[2026-10-07 12:01:06Z INFO ScriptHandler] Which2: 'powershell'
[2026-10-07 12:01:06Z INFO ScriptHandler] Location: 'C:\Windows\System32\WindowsPowerShell\v1.0\powershell.EXE'
[2026-10-07 12:01:06Z INFO HostContext] Well known directory 'Bin': 'C:\Users\neo_o\Desktop\Github Practicas\Users\actions-runner\bin'
[2026-10-07 12:01:06Z INFO HostContext] Well known directory 'Root': 'C:\Users\neo_o\Desktop\Github Practicas\Users\actions-runner'
[2026-10-07 12:01:06Z INFO HostContext] Well known directory 'Work': 'C:\Users\neo_o\Desktop\Github Practicas\Users\actions-runner\_work'
[2026-10-07 12:01:06Z INFO HostContext] Well known directory 'Temp': 'C:\Users\neo_o\Desktop\Github Practicas\Users\actions-runner\_work\_temp'
[2026-10-07 12:01:06Z INFO ScriptHandler] Which2: 'powershell'
[2026-10-07 12:01:06Z INFO ScriptHandler] Location: 'C:\Windows\System32\WindowsPowerShell\v1.0\powershell.EXE'
[2026-10-07 12:01:06Z INFO ProcessInvokerWrapper] Starting process:
[2026-10-07 12:01:06Z INFO ProcessInvokerWrapper]   File name: 'C:\Windows\System32\WindowsPowerShell\v1.0\powershell.EXE'
[2026-10-07 12:01:06Z INFO ProcessInvokerWrapper]   Arguments: '-command ". 'C:\Users\neo_o\Desktop\Github Practicas\Users\actions-runner\_work\_temp\ede0836b-1f94-4d1f-b72f-82dd8d877b15.ps1'"'
[2026-10-07 12:01:06Z INFO ProcessInvokerWrapper]   Working directory: 'C:\Users\neo_o\Desktop\Github Practicas\Users\actions-runner\_work\Colaborative\Colaborative'
[2026-10-07 12:01:06Z INFO ProcessInvokerWrapper]   Require exit code zero: 'False'
[2026-10-07 12:01:06Z INFO ProcessInvokerWrapper]   Encoding web name:  ; code page: ''
[2026-10-07 12:01:06Z INFO ProcessInvokerWrapper]   Force kill process on cancellation: 'False'
[2026-10-07 12:01:06Z INFO ProcessInvokerWrapper]   Redirected STDIN: 'False'
[2026-10-07 12:01:06Z INFO ProcessInvokerWrapper]   Persist current code page: 'True'
[2026-10-07 12:01:06Z INFO ProcessInvokerWrapper]   Keep redirected STDIN open: 'False'
[2026-10-07 12:01:06Z INFO ProcessInvokerWrapper]   High priority process: 'False'
[2026-10-07 12:01:06Z INFO ProcessInvokerWrapper] Process started with process id 12284, waiting for process exit.
[2026-10-07 12:01:06Z INFO ProcessInvokerWrapper] STDOUT/STDERR stream read finished.
[2026-10-07 12:01:06Z INFO ProcessInvokerWrapper] STDOUT/STDERR stream read finished.
[2026-10-07 12:01:06Z INFO ProcessInvokerWrapper] Finished process 12284 with exit code 0, and elapsed time 00:00:00.2289172.
[2026-10-07 12:01:06Z INFO CreateStepSummaryCommand] Step Summary file (C:\Users\neo_o\Desktop\Github Practicas\Users\actions-runner\_work\_temp\_runner_file_commands\step_summary_15074d22-21bf-4bde-ab97-b08227d0339a) is empty; skipping attachment upload
[2026-10-07 12:01:06Z INFO CreateArtifactsFileCommand] Processing $GITHUB_ARTIFACTS file 'C:\Users\neo_o\Desktop\Github Practicas\Users\actions-runner\_work\_temp\_runner_file_commands\artifacts_15074d22-21bf-4bde-ab97-b08227d0339a'
[2026-10-07 12:01:06Z INFO CreateArtifactsFileCommand] $GITHUB_ARTIFACTS file is empty; nothing to process.
[2026-10-07 12:01:06Z INFO StepsRunner] Step result: 
[2026-10-07 12:01:06Z INFO ExecutionContext] Publish step telemetry for current step {
  "action": "powershell",
  "type": "run",
  "stage": "Main",
  "stepId": "9b771839-005b-4315-b37f-c1196e2f03d1",
  "stepContextName": "__run",
  "result": "succeeded",
  "errorMessages": [],
  "executionTimeInSeconds": 1,
  "startTime": "2026-10-07T12:01:06.6765918Z",
  "finishTime": "2026-10-07T12:01:06.9687404Z"
}.
[2026-10-07 12:01:06Z INFO StepsRunner] No need for updating job result with current step result 'Succeeded'.
[2026-10-07 12:01:06Z INFO StepsRunner] Current state: job state = ''
[2026-10-07 12:01:06Z INFO StepsRunner] Processing step: DisplayName='Validar tokens'
[2026-10-07 12:01:06Z INFO StepsRunner] Evaluating: success()
[2026-10-07 12:01:06Z INFO StepsRunner] Result: true
[2026-10-07 12:01:06Z INFO StepsRunner] Starting the step.
[2026-10-07 12:01:06Z INFO HostContext] Well known directory 'Bin': 'C:\Users\neo_o\Desktop\Github Practicas\Users\actions-runner\bin'
[2026-10-07 12:01:06Z INFO HostContext] Well known directory 'Root': 'C:\Users\neo_o\Desktop\Github Practicas\Users\actions-runner'
[2026-10-07 12:01:06Z INFO HostContext] Well known directory 'Work': 'C:\Users\neo_o\Desktop\Github Practicas\Users\actions-runner\_work'
[2026-10-07 12:01:06Z INFO StepsRunner] Which2: 'chcp'
[2026-10-07 12:01:06Z INFO StepsRunner] Location: 'C:\Windows\System32\chcp.COM'
[2026-10-07 12:01:06Z INFO ProcessInvokerWrapper] Starting process:
[2026-10-07 12:01:06Z INFO ProcessInvokerWrapper]   File name: 'C:\Windows\System32\chcp.COM'
[2026-10-07 12:01:06Z INFO ProcessInvokerWrapper]   Arguments: '65001'
[2026-10-07 12:01:06Z INFO ProcessInvokerWrapper]   Working directory: 'C:\Users\neo_o\Desktop\Github Practicas\Users\actions-runner\_work'
[2026-10-07 12:01:06Z INFO ProcessInvokerWrapper]   Require exit code zero: 'False'
[2026-10-07 12:01:06Z INFO ProcessInvokerWrapper]   Encoding web name:  ; code page: ''
[2026-10-07 12:01:06Z INFO ProcessInvokerWrapper]   Force kill process on cancellation: 'False'
[2026-10-07 12:01:06Z INFO ProcessInvokerWrapper]   Redirected STDIN: 'False'
[2026-10-07 12:01:06Z INFO ProcessInvokerWrapper]   Persist current code page: 'True'
[2026-10-07 12:01:06Z INFO ProcessInvokerWrapper]   Keep redirected STDIN open: 'False'
[2026-10-07 12:01:06Z INFO ProcessInvokerWrapper]   High priority process: 'False'
[2026-10-07 12:01:06Z INFO ProcessInvokerWrapper] Process started with process id 16992, waiting for process exit.
[2026-10-07 12:01:06Z INFO ProcessInvokerWrapper] STDOUT/STDERR stream read finished.
[2026-10-07 12:01:06Z INFO ProcessInvokerWrapper] STDOUT/STDERR stream read finished.
[2026-10-07 12:01:06Z INFO ProcessInvokerWrapper] Finished process 16992 with exit code 0, and elapsed time 00:00:00.0061124.
[2026-10-07 12:01:06Z INFO StepsRunner] Successfully returned to code page 65001 (UTF8)
[2026-10-07 12:01:06Z INFO HostContext] Well known directory 'Bin': 'C:\Users\neo_o\Desktop\Github Practicas\Users\actions-runner\bin'
[2026-10-07 12:01:06Z INFO HostContext] Well known directory 'Root': 'C:\Users\neo_o\Desktop\Github Practicas\Users\actions-runner'
[2026-10-07 12:01:06Z INFO HostContext] Well known directory 'Work': 'C:\Users\neo_o\Desktop\Github Practicas\Users\actions-runner\_work'
[2026-10-07 12:01:06Z INFO HostContext] Well known directory 'Temp': 'C:\Users\neo_o\Desktop\Github Practicas\Users\actions-runner\_work\_temp'
[2026-10-07 12:01:06Z INFO ExecutionContext] Write event payload to C:\Users\neo_o\Desktop\Github Practicas\Users\actions-runner\_work\_temp\_github_workflow\event.json
[2026-10-07 12:01:06Z INFO HostContext] Well known directory 'Bin': 'C:\Users\neo_o\Desktop\Github Practicas\Users\actions-runner\bin'
[2026-10-07 12:01:06Z INFO HostContext] Well known directory 'Root': 'C:\Users\neo_o\Desktop\Github Practicas\Users\actions-runner'
[2026-10-07 12:01:06Z INFO HostContext] Well known directory 'Work': 'C:\Users\neo_o\Desktop\Github Practicas\Users\actions-runner\_work'
[2026-10-07 12:01:06Z INFO HostContext] Well known directory 'Temp': 'C:\Users\neo_o\Desktop\Github Practicas\Users\actions-runner\_work\_temp'
[2026-10-07 12:01:06Z INFO ExtensionManager] Getting extensions for interface: 'GitHub.Runner.Worker.IFileCommandExtension'
[2026-10-07 12:01:06Z INFO ArtifactsListFileCommand] Wrote $GITHUB_ARTIFACTS_LIST with 0 subject(s) to 'C:\Users\neo_o\Desktop\Github Practicas\Users\actions-runner\_work\_temp\_runner_file_commands\artifacts_list_5009ad6d-4aa7-4e77-b2a9-792f6ecec10f'
[2026-10-07 12:01:06Z INFO ExtensionManager] Getting extensions for interface: 'GitHub.Runner.Worker.IActionCommandExtension'
[2026-10-07 12:01:06Z INFO ActionCommandManager] Register action command extension for command internal-set-repo-path
[2026-10-07 12:01:06Z INFO ActionCommandManager] Register action command extension for command set-env
[2026-10-07 12:01:06Z INFO ActionCommandManager] Register action command extension for command set-output
[2026-10-07 12:01:06Z INFO ActionCommandManager] Register action command extension for command save-state
[2026-10-07 12:01:06Z INFO ActionCommandManager] Register action command extension for command add-path
[2026-10-07 12:01:06Z INFO ActionCommandManager] Register action command extension for command add-mask
[2026-10-07 12:01:06Z INFO ActionCommandManager] Register action command extension for command add-matcher
[2026-10-07 12:01:06Z INFO ActionCommandManager] Register action command extension for command remove-matcher
[2026-10-07 12:01:06Z INFO ActionCommandManager] Register action command extension for command warning
[2026-10-07 12:01:06Z INFO ActionCommandManager] Register action command extension for command error
[2026-10-07 12:01:06Z INFO ActionCommandManager] Register action command extension for command notice
[2026-10-07 12:01:06Z INFO ActionCommandManager] Register action command extension for command debug
[2026-10-07 12:01:06Z INFO ActionCommandManager] Register action command extension for command group
[2026-10-07 12:01:06Z INFO ActionCommandManager] Register action command extension for command endgroup
[2026-10-07 12:01:06Z INFO ActionCommandManager] Register action command extension for command echo
[2026-10-07 12:01:06Z INFO ScriptHandler] Which2: 'powershell'
[2026-10-07 12:01:06Z INFO ScriptHandler] Location: 'C:\Windows\System32\WindowsPowerShell\v1.0\powershell.EXE'
[2026-10-07 12:01:06Z INFO HostContext] Well known directory 'Bin': 'C:\Users\neo_o\Desktop\Github Practicas\Users\actions-runner\bin'
[2026-10-07 12:01:06Z INFO HostContext] Well known directory 'Root': 'C:\Users\neo_o\Desktop\Github Practicas\Users\actions-runner'
[2026-10-07 12:01:06Z INFO HostContext] Well known directory 'Work': 'C:\Users\neo_o\Desktop\Github Practicas\Users\actions-runner\_work'
[2026-10-07 12:01:06Z INFO HostContext] Well known directory 'Temp': 'C:\Users\neo_o\Desktop\Github Practicas\Users\actions-runner\_work\_temp'
[2026-10-07 12:01:06Z INFO ScriptHandler] Which2: 'powershell'
[2026-10-07 12:01:06Z INFO ScriptHandler] Location: 'C:\Windows\System32\WindowsPowerShell\v1.0\powershell.EXE'
[2026-10-07 12:01:06Z INFO ProcessInvokerWrapper] Starting process:
[2026-10-07 12:01:06Z INFO ProcessInvokerWrapper]   File name: 'C:\Windows\System32\WindowsPowerShell\v1.0\powershell.EXE'
[2026-10-07 12:01:06Z INFO ProcessInvokerWrapper]   Arguments: '-command ". 'C:\Users\neo_o\Desktop\Github Practicas\Users\actions-runner\_work\_temp\7fc37bcc-2ca9-48b9-852c-f7cbeadfd453.ps1'"'
[2026-10-07 12:01:06Z INFO ProcessInvokerWrapper]   Working directory: 'C:\Users\neo_o\Desktop\Github Practicas\Users\actions-runner\_work\Colaborative\Colaborative'
[2026-10-07 12:01:06Z INFO ProcessInvokerWrapper]   Require exit code zero: 'False'
[2026-10-07 12:01:06Z INFO ProcessInvokerWrapper]   Encoding web name:  ; code page: ''
[2026-10-07 12:01:06Z INFO ProcessInvokerWrapper]   Force kill process on cancellation: 'False'
[2026-10-07 12:01:06Z INFO ProcessInvokerWrapper]   Redirected STDIN: 'False'
[2026-10-07 12:01:06Z INFO ProcessInvokerWrapper]   Persist current code page: 'True'
[2026-10-07 12:01:06Z INFO ProcessInvokerWrapper]   Keep redirected STDIN open: 'False'
[2026-10-07 12:01:06Z INFO ProcessInvokerWrapper]   High priority process: 'False'
[2026-10-07 12:01:06Z INFO ProcessInvokerWrapper] Process started with process id 17020, waiting for process exit.
[2026-10-07 12:01:07Z INFO ResultServer] Successfully started websocket client.
[2026-10-07 12:01:07Z INFO JobServerQueue] Try to append 1 batches web console lines for record '9079c880-f490-434d-ade9-faef2207b248', success rate: 1/1.
[2026-10-07 12:01:07Z INFO JobServerQueue] Try to append 1 batches web console lines for record '9b771839-005b-4315-b37f-c1196e2f03d1', success rate: 1/1.
[2026-10-07 12:01:07Z INFO ProcessInvokerWrapper] STDOUT/STDERR stream read finished.
[2026-10-07 12:01:07Z INFO ProcessInvokerWrapper] STDOUT/STDERR stream read finished.
[2026-10-07 12:01:07Z INFO ProcessInvokerWrapper] Finished process 17020 with exit code 1, and elapsed time 00:00:00.1978794.
[2026-10-07 12:01:07Z INFO CreateStepSummaryCommand] Step Summary file (C:\Users\neo_o\Desktop\Github Practicas\Users\actions-runner\_work\_temp\_runner_file_commands\step_summary_5009ad6d-4aa7-4e77-b2a9-792f6ecec10f) is empty; skipping attachment upload
[2026-10-07 12:01:07Z INFO CreateArtifactsFileCommand] Processing $GITHUB_ARTIFACTS file 'C:\Users\neo_o\Desktop\Github Practicas\Users\actions-runner\_work\_temp\_runner_file_commands\artifacts_5009ad6d-4aa7-4e77-b2a9-792f6ecec10f'
[2026-10-07 12:01:07Z INFO CreateArtifactsFileCommand] $GITHUB_ARTIFACTS file is empty; nothing to process.
[2026-10-07 12:01:07Z INFO StepsRunner] Step result: Failed
[2026-10-07 12:01:07Z INFO ExecutionContext] Publish step telemetry for current step {
  "action": "powershell",
  "type": "run",
  "stage": "Main",
  "stepId": "751a10b9-751c-42aa-b45a-ffbffbeaa949",
  "stepContextName": "__run_2",
  "result": "failed",
  "errorMessages": [
    "Process completed with exit code 1."
  ],
  "executionTimeInSeconds": 1,
  "startTime": "2026-10-07T12:01:06.9698702Z",
  "finishTime": "2026-10-07T12:01:07.1863637Z"
}.
[2026-10-07 12:01:07Z INFO StepsRunner] Update job result with current step result 'Failed'.
[2026-10-07 12:01:07Z INFO StepsRunner] Current state: job state = 'Failed'
[2026-10-07 12:01:07Z INFO JobRunner] Finalize job.
[2026-10-07 12:01:07Z INFO HostContext] Well known directory 'Bin': 'C:\Users\neo_o\Desktop\Github Practicas\Users\actions-runner\bin'
[2026-10-07 12:01:07Z INFO HostContext] Well known directory 'Root': 'C:\Users\neo_o\Desktop\Github Practicas\Users\actions-runner'
[2026-10-07 12:01:07Z INFO HostContext] Well known directory 'Diag': 'C:\Users\neo_o\Desktop\Github Practicas\Users\actions-runner\_diag'
[2026-10-07 12:01:07Z INFO HostContext] Well known directory 'Bin': 'C:\Users\neo_o\Desktop\Github Practicas\Users\actions-runner\bin'
[2026-10-07 12:01:07Z INFO HostContext] Well known directory 'Root': 'C:\Users\neo_o\Desktop\Github Practicas\Users\actions-runner'
[2026-10-07 12:01:07Z INFO HostContext] Well known directory 'Diag': 'C:\Users\neo_o\Desktop\Github Practicas\Users\actions-runner\_diag'
[2026-10-07 12:01:07Z INFO JobExtension] Initialize Env context
[2026-10-07 12:01:07Z INFO JobExtension] Initialize steps context
[2026-10-07 12:01:07Z INFO JobExtension] Total accessible running process: 248.
[2026-10-07 12:01:07Z INFO JobExtension] Wait for all connectivity checks to finish.
[2026-10-07 12:01:07Z INFO JobExtension] Connectivity check result: {
  "endpointUrl": "https://broker.actions.githubusercontent.com/health",
  "endpointIPs": null,
  "startTime": "2026-10-07T12:01:06.6604469Z",
  "statusCode": "http_OK",
  "requestId": "C883:5E97D:EE4C:19F40:6AC63481",
  "httpRequestDurationInMs": 335,
  "dnsResolutionDurationInMs": 0,
  "dnsError": null
}
[2026-10-07 12:01:07Z INFO JobExtension] Connectivity check result: {
  "endpointUrl": "https://token.actions.githubusercontent.com/ready",
  "endpointIPs": null,
  "startTime": "2026-10-07T12:01:06.6650269Z",
  "statusCode": "http_NoContent",
  "requestId": "C885:30FEB2:24FA:2B8B:6AC63481",
  "httpRequestDurationInMs": 395,
  "dnsResolutionDurationInMs": 0,
  "dnsError": null
}
[2026-10-07 12:01:07Z INFO JobExtension] Connectivity check result: {
  "endpointUrl": "https://run.actions.githubusercontent.com/health",
  "endpointIPs": null,
  "startTime": "2026-10-07T12:01:06.6651979Z",
  "statusCode": "http_OK",
  "requestId": "C884:16665F:D3E9:17F74:6AC63481",
  "httpRequestDurationInMs": 347,
  "dnsResolutionDurationInMs": 0,
  "dnsError": null
}
[2026-10-07 12:01:07Z INFO ExecutionContext] Publish step telemetry for current step {
  "action": "complete_job",
  "type": "runner",
  "stage": "Post",
  "stepId": "d3ae543c-b6af-4e17-840f-b7d983e8df5d",
  "result": "succeeded",
  "errorMessages": [],
  "executionTimeInSeconds": 1,
  "startTime": "2026-10-07T12:01:07.1942533Z",
  "finishTime": "2026-10-07T12:01:07.2041019Z"
}.
[2026-10-07 12:01:07Z INFO JobRunner] Job result after all job steps finish: Failed
[2026-10-07 12:01:07Z INFO JobRunner] Completing the job execution context.
[2026-10-07 12:01:07Z INFO JobRunner] Shutting down the job server queue.
[2026-10-07 12:01:07Z INFO JobServerQueue] Fire signal to shutdown all queues.
[2026-10-07 12:01:07Z INFO JobServerQueue] Job timeline record has been updated for the first time.
[2026-10-07 12:01:08Z INFO JobServerQueue] All queue process task stopped.
[2026-10-07 12:01:08Z INFO JobServerQueue] Try to append 1 batches web console lines for record '9b771839-005b-4315-b37f-c1196e2f03d1', success rate: 1/1.
[2026-10-07 12:01:08Z INFO JobServerQueue] Try to append 1 batches web console lines for record '751a10b9-751c-42aa-b45a-ffbffbeaa949', success rate: 1/1.
[2026-10-07 12:01:08Z INFO JobServerQueue] Try to append 1 batches web console lines for record 'd3ae543c-b6af-4e17-840f-b7d983e8df5d', success rate: 1/1.
[2026-10-07 12:01:08Z INFO JobServerQueue] Web console line queue drained.
[2026-10-07 12:01:08Z INFO JobServerQueue] Uploading 5 files in one shot.
[2026-10-07 12:01:08Z INFO JobServerQueue] Try to upload 5 log files or attachments, success rate: 5/5.
[2026-10-07 12:01:08Z INFO JobServerQueue] File upload queue drained.
[2026-10-07 12:01:08Z INFO JobServerQueue] Starting results-based upload queue...
[2026-10-07 12:01:08Z INFO JobServerQueue] Uploading 5 file(s) in one shot through results service.
[2026-10-07 12:01:08Z INFO JobServerQueue] Got a step log file to send to results service.
[2026-10-07 12:01:08Z INFO JobServerQueue] Starting upload of step log file to results service ResultsLog, C:\Users\neo_o\Desktop\Github Practicas\Users\actions-runner\_diag\blocks\b703c306-7df9-8383-b302-5f265945f8e8_9079c880-f490-434d-ade9-faef2207b248.1
[2026-10-07 12:01:08Z INFO JobServerQueue] Got a step log file to send to results service.
[2026-10-07 12:01:08Z INFO JobServerQueue] Starting upload of step log file to results service ResultsLog, C:\Users\neo_o\Desktop\Github Practicas\Users\actions-runner\_diag\blocks\b703c306-7df9-8383-b302-5f265945f8e8_9b771839-005b-4315-b37f-c1196e2f03d1.1
[2026-10-07 12:01:09Z INFO JobServerQueue] Got a step log file to send to results service.
[2026-10-07 12:01:09Z INFO JobServerQueue] Starting upload of step log file to results service ResultsLog, C:\Users\neo_o\Desktop\Github Practicas\Users\actions-runner\_diag\blocks\b703c306-7df9-8383-b302-5f265945f8e8_751a10b9-751c-42aa-b45a-ffbffbeaa949.1
[2026-10-07 12:01:09Z INFO JobServerQueue] Got a step log file to send to results service.
[2026-10-07 12:01:09Z INFO JobServerQueue] Starting upload of step log file to results service ResultsLog, C:\Users\neo_o\Desktop\Github Practicas\Users\actions-runner\_diag\blocks\b703c306-7df9-8383-b302-5f265945f8e8_d3ae543c-b6af-4e17-840f-b7d983e8df5d.1
[2026-10-07 12:01:10Z INFO JobServerQueue] Got a job log file to send to results service.
[2026-10-07 12:01:10Z INFO JobServerQueue] Starting upload of job log file to results service ResultsLog, C:\Users\neo_o\Desktop\Github Practicas\Users\actions-runner\_diag\blocks\b703c306-7df9-8383-b302-5f265945f8e8_59ca2f04-b83d-5859-90ad-fee2706e546d.1
[2026-10-07 12:01:10Z INFO JobServerQueue] Tried to upload 5 file(s) to results, success rate: 5/5.
[2026-10-07 12:01:10Z INFO JobServerQueue] Results upload queue drained.
[2026-10-07 12:01:10Z INFO JobServerQueue] Timeline update queue drained.
[2026-10-07 12:01:10Z INFO JobServerQueue] Disposing job server ...
[2026-10-07 12:01:10Z INFO JobServerQueue] Disposing results server ...
[2026-10-07 12:01:10Z INFO JobServerQueue] All queue process tasks have been stopped, and all queues are drained.
[2026-10-07 12:01:10Z INFO TempDirectoryManager] Cleaning runner temp folder: C:\Users\neo_o\Desktop\Github Practicas\Users\actions-runner\_work\_temp
[2026-10-07 12:01:10Z INFO HostContext] Well known directory 'Bin': 'C:\Users\neo_o\Desktop\Github Practicas\Users\actions-runner\bin'
[2026-10-07 12:01:10Z INFO HostContext] Well known directory 'Root': 'C:\Users\neo_o\Desktop\Github Practicas\Users\actions-runner'
[2026-10-07 12:01:10Z INFO HostContext] Well known directory 'Diag': 'C:\Users\neo_o\Desktop\Github Practicas\Users\actions-runner\_diag'
[2026-10-07 12:01:10Z INFO HostContext] Well known config file 'Telemetry': 'C:\Users\neo_o\Desktop\Github Practicas\Users\actions-runner\_diag\.telemetry'
[2026-10-07 12:01:10Z INFO JobRunner] Raising job completed against run service
[2026-10-07 12:01:11Z INFO Worker] Job completed.
